Archive member included because of file (symbol)

/opt/devkitpro/libogc/lib/wii/libwiiuse.a(wpad.o)
                              pixels.o (WPAD_Init)
/opt/devkitpro/libogc/lib/wii/libwiiuse.a(motion_plus.o)
                              /opt/devkitpro/libogc/lib/wii/libwiiuse.a(wpad.o) (wiiuse_set_motion_plus)
/opt/devkitpro/libogc/lib/wii/libwiiuse.a(dynamics.o)
                              /opt/devkitpro/libogc/lib/wii/libwiiuse.a(wpad.o) (calculate_gforce)
/opt/devkitpro/libogc/lib/wii/libwiiuse.a(io.o)
                              /opt/devkitpro/libogc/lib/wii/libwiiuse.a(motion_plus.o) (wiiuse_disable_expansion)
/opt/devkitpro/libogc/lib/wii/libwiiuse.a(io_wii.o)
                              /opt/devkitpro/libogc/lib/wii/libwiiuse.a(wpad.o) (__wiiuse_sensorbar_enable)
/opt/devkitpro/libogc/lib/wii/libwiiuse.a(ir.o)
                              /opt/devkitpro/libogc/lib/wii/libwiiuse.a(motion_plus.o) (wiiuse_set_ir_mode)
/opt/devkitpro/libogc/lib/wii/libwiiuse.a(nunchuk.o)
                              /opt/devkitpro/libogc/lib/wii/libwiiuse.a(io.o) (nunchuk_handshake)
/opt/devkitpro/libogc/lib/wii/libwiiuse.a(wiiboard.o)
                              /opt/devkitpro/libogc/lib/wii/libwiiuse.a(io.o) (wii_board_handshake)
/opt/devkitpro/libogc/lib/wii/libwiiuse.a(wiiuse.o)
                              /opt/devkitpro/libogc/lib/wii/libwiiuse.a(wpad.o) (wiiuse_init)
/opt/devkitpro/libogc/lib/wii/libwiiuse.a(speaker.o)
                              /opt/devkitpro/libogc/lib/wii/libwiiuse.a(wpad.o) (wencdata)
/opt/devkitpro/libogc/lib/wii/libwiiuse.a(classic.o)
                              /opt/devkitpro/libogc/lib/wii/libwiiuse.a(io.o) (classic_ctrl_handshake)
/opt/devkitpro/libogc/lib/wii/libwiiuse.a(events.o)
                              /opt/devkitpro/libogc/lib/wii/libwiiuse.a(io_wii.o) (parse_event)
/opt/devkitpro/libogc/lib/wii/libwiiuse.a(guitar_hero_3.o)
                              /opt/devkitpro/libogc/lib/wii/libwiiuse.a(io.o) (guitar_hero_3_handshake)
/opt/devkitpro/libogc/lib/wii/libbte.a(bte.o)
                              /opt/devkitpro/libogc/lib/wii/libwiiuse.a(wpad.o) (BTE_Init)
/opt/devkitpro/libogc/lib/wii/libbte.a(hci.o)
                              /opt/devkitpro/libogc/lib/wii/libbte.a(bte.o) (hci_init)
/opt/devkitpro/libogc/lib/wii/libbte.a(l2cap.o)
                              /opt/devkitpro/libogc/lib/wii/libbte.a(bte.o) (l2cap_init)
/opt/devkitpro/libogc/lib/wii/libbte.a(btmemb.o)
                              /opt/devkitpro/libogc/lib/wii/libbte.a(bte.o) (btmemb_init)
/opt/devkitpro/libogc/lib/wii/libbte.a(btmemr.o)
                              /opt/devkitpro/libogc/lib/wii/libbte.a(hci.o) (btmemr_init)
/opt/devkitpro/libogc/lib/wii/libbte.a(btpbuf.o)
                              /opt/devkitpro/libogc/lib/wii/libbte.a(hci.o) (btpbuf_init)
/opt/devkitpro/libogc/lib/wii/libbte.a(physbusif.o)
                              /opt/devkitpro/libogc/lib/wii/libbte.a(bte.o) (physbusif_init)
/opt/devkitpro/libogc/lib/wii/libogc.a(lwp_queue.o)
                              /opt/devkitpro/libogc/lib/wii/libwiiuse.a(io_wii.o) (__lwp_queue_initialize)
/opt/devkitpro/libogc/lib/wii/libogc.a(lwp_threads.o)
                              /opt/devkitpro/libogc/lib/wii/libwiiuse.a(wpad.o) (_thread_dispatch_disable_level)
/opt/devkitpro/libogc/lib/wii/libogc.a(lwp.o)
                              /opt/devkitpro/libogc/lib/wii/libbte.a(bte.o) (LWP_InitQueue)
/opt/devkitpro/libogc/lib/wii/libogc.a(lwp_handler.o)
                              /opt/devkitpro/libogc/lib/wii/libogc.a(lwp_threads.o) (_cpu_context_save_fp)
/opt/devkitpro/libogc/lib/wii/libogc.a(lwp_stack.o)
                              /opt/devkitpro/libogc/lib/wii/libogc.a(lwp_threads.o) (__lwp_stack_allocate)
/opt/devkitpro/libogc/lib/wii/libogc.a(lwp_watchdog.o)
                              /opt/devkitpro/libogc/lib/wii/libogc.a(lwp_threads.o) (_wd_ticks_queue)
/opt/devkitpro/libogc/lib/wii/libogc.a(lwp_wkspace.o)
                              /opt/devkitpro/libogc/lib/wii/libwiiuse.a(io.o) (__wkspace_heap)
/opt/devkitpro/libogc/lib/wii/libogc.a(lwp_objmgr.o)
                              /opt/devkitpro/libogc/lib/wii/libogc.a(lwp.o) (__lwp_objmgr_initinfo)
/opt/devkitpro/libogc/lib/wii/libogc.a(lwp_heap.o)
                              /opt/devkitpro/libogc/lib/wii/libogc.a(lwp_wkspace.o) (__lwp_heap_init)
/opt/devkitpro/libogc/lib/wii/libogc.a(sys_state.o)
                              /opt/devkitpro/libogc/lib/wii/libogc.a(lwp_threads.o) (_sys_state_curr)
/opt/devkitpro/libogc/lib/wii/libogc.a(irq.o)
                              /opt/devkitpro/libogc/lib/wii/libwiiuse.a(io_wii.o) (IRQ_Disable)
/opt/devkitpro/libogc/lib/wii/libogc.a(video.o)
                              pixels.o (VIDEO_Configure)
/opt/devkitpro/libogc/lib/wii/libogc.a(system.o)
                              /opt/devkitpro/libogc/lib/wii/libwiiuse.a(wpad.o) (__SYS_DoPowerCB)
/opt/devkitpro/libogc/lib/wii/libogc.a(system_asm.o)
[...]
Memory Configuration

Name             Origin             Length             Attributes
*default*        0x00000000         0xffffffff

Linker script and memory map

                0x00003400                . = 0x3400

.stub
 *(.stub)
                0x80004000                . = 0x80004000

.init           0x80004000      0x194
 *crt0.o(*.init)
 .init          0x80004000      0x170 /opt/devkitpro/libogc/lib/wii/libogc.a(ogc_crt0.o)
                0x80004000                _start
                0x80004140                _memset
 *(.init)
 .init          0x80004170        0xc /opt/devkitpro/devkitPPC/lib/gcc/powerpc-eabi/4.6.3/ecrti.o
                0x80004170                __init
 .init          0x8000417c        0x4 /opt/devkitpro/devkitPPC/lib/gcc/powerpc-eabi/4.6.3/crtbegin.o
 .init          0x80004180        0x4 /opt/devkitpro/devkitPPC/lib/gcc/powerpc-eabi/4.6.3/crtend.o
 .init          0x80004184       0x10 /opt/devkitpro/devkitPPC/lib/gcc/powerpc-eabi/4.6.3/ecrtn.o

.rela.dyn       0x80004194        0x0
 .rela.iplt     0x00000000        0x0 /opt/devkitpro/devkitPPC/lib/gcc/powerpc-eabi/4.6.3/crtbegin.o

.plt
 *(.plt)

.interp
 *(.interp)

.hash
 *(.hash)

.dynsym
 *(.dynsym)

.dynstr
 *(.dynstr)

.gnu.version
 *(.gnu.version)

.gnu.version_d
 *(.gnu.version_d)

.gnu.version_r
 *(.gnu.version_r)

.rel.init
 *(.rel.init)

.rela.init      0x80004194        0x0
 *(.rela.init)
 .rela.init     0x00000000        0x0 /opt/devkitpro/devkitPPC/lib/gcc/powerpc-eabi/4.6.3/crtbegin.o

.rel.text
 *(.rel.text .rel.text.* .rel.gnu.linkonce.t.*)

.rela.text      0x80004194        0x0
 *(.rela.text .rela.text.* .rela.gnu.linkonce.t.*)
 .rela.text     0x00000000        0x0 /opt/devkitpro/devkitPPC/lib/gcc/powerpc-eabi/4.6.3/crtbegin.o
 .rela.text.wiiuse_handshake_expansion
                0x00000000        0x0 /opt/devkitpro/devkitPPC/lib/gcc/powerpc-eabi/4.6.3/crtbegin.o
 .rela.text.wiiuse_handshake
                0x00000000        0x0 /opt/devkitpro/devkitPPC/lib/gcc/powerpc-eabi/4.6.3/crtbegin.o
 .rela.text.wiiuse_init_cmd_queue
                0x00000000        0x0 /opt/devkitpro/devkitPPC/lib/gcc/powerpc-eabi/4.6.3/crtbegin.o
 .rela.text.wiiuse_init
                0x00000000        0x0 /opt/devkitpro/devkitPPC/lib/gcc/powerpc-eabi/4.6.3/crtbegin.o
 .rela.text.bt_alarmhandler
                0x00000000        0x0 /opt/devkitpro/devkitPPC/lib/gcc/powerpc-eabi/4.6.3/crtbegin.o
 .rela.text.__lwp_thread_calcheir
                0x00000000        0x0 /opt/devkitpro/devkitPPC/lib/gcc/powerpc-eabi/4.6.3/crtbegin.o
 .rela.text.__lwp_wd_insert_ticks.constprop.4
                0x00000000        0x0 /opt/devkitpro/devkitPPC/lib/gcc/powerpc-eabi/4.6.3/crtbegin.o
 .rela.text.__lwp_rotate_readyqueue
                0x00000000        0x0 /opt/devkitpro/devkitPPC/lib/gcc/powerpc-eabi/4.6.3/crtbegin.o
 .rela.text.__lwp_thread_setpriority
                0x00000000        0x0 /opt/devkitpro/devkitPPC/lib/gcc/powerpc-eabi/4.6.3/crtbegin.o
 .rela.text.__lwp_thread_close
                0x00000000        0x0 /opt/devkitpro/devkitPPC/lib/gcc/powerpc-eabi/4.6.3/crtbegin.o
 .rela.text.__lwp_thread_closeall
                0x00000000        0x0 /opt/devkitpro/devkitPPC/lib/gcc/powerpc-eabi/4.6.3/crtbegin.o
 .rela.text.__lwp_thread_startmultitasking
                0x00000000        0x0 /opt/devkitpro/devkitPPC/lib/gcc/powerpc-eabi/4.6.3/crtbegin.o
 .rela.text.__lwp_thread_stopmultitasking
                0x00000000        0x0 /opt/devkitpro/devkitPPC/lib/gcc/powerpc-eabi/4.6.3/crtbegin.o
 .rela.text.__lwp_thread_coreinit
                0x00000000        0x0 /opt/devkitpro/devkitPPC/lib/gcc/powerpc-eabi/4.6.3/crtbegin.o
 .rela.text.__lwp_cntrl_free
                0x00000000        0x0 /opt/devkitpro/devkitPPC/lib/gcc/powerpc-eabi/4.6.3/crtbegin.o
 .rela.text.__lwp_tqueue_open
                0x00000000        0x0 /opt/devkitpro/devkitPPC/lib/gcc/powerpc-eabi/4.6.3/crtbegin.o
 .rela.text.__lwp_cntrl_open
                0x00000000        0x0 /opt/devkitpro/devkitPPC/lib/gcc/powerpc-eabi/4.6.3/crtbegin.o
 .rela.text.__lwp_sysinit
                0x00000000        0x0 /opt/devkitpro/devkitPPC/lib/gcc/powerpc-eabi/4.6.3/crtbegin.o
 .rela.text.__lwp_thread_isalive
                0x00000000        0x0 /opt/devkitpro/devkitPPC/lib/gcc/powerpc-eabi/4.6.3/crtbegin.o
 .rela.text.__lwp_thread_exists
                0x00000000        0x0 /opt/devkitpro/devkitPPC/lib/gcc/powerpc-eabi/4.6.3/crtbegin.o
 .rela.text.__lwp_thread_context
                0x00000000        0x0 /opt/devkitpro/devkitPPC/lib/gcc/powerpc-eabi/4.6.3/crtbegin.o
 .rela.text.LWP_CreateThread
                0x00000000        0x0 /opt/devkitpro/devkitPPC/lib/gcc/powerpc-eabi/4.6.3/crtbegin.o
 .rela.text.LWP_InitQueue
                0x00000000        0x0 /opt/devkitpro/devkitPPC/lib/gcc/powerpc-eabi/4.6.3/crtbegin.o
 .rela.text.LWP_CloseQueue
                0x00000000        0x0 /opt/devkitpro/devkitPPC/lib/gcc/powerpc-eabi/4.6.3/crtbegin.o
 .rela.text.__lwp_stack_allocate
                0x00000000        0x0 /opt/devkitpro/devkitPPC/lib/gcc/powerpc-eabi/4.6.3/crtbegin.o
 .rela.text.__lwp_stack_free
                0x00000000        0x0 /opt/devkitpro/devkitPPC/lib/gcc/powerpc-eabi/4.6.3/crtbegin.o
 .rela.text.__lwp_watchdog_init
                0x00000000        0x0 /opt/devkitpro/devkitPPC/lib/gcc/powerpc-eabi/4.6.3/crtbegin.o
 .rela.text.__lwp_wd_tickle
                0x00000000        0x0 /opt/devkitpro/devkitPPC/lib/gcc/powerpc-eabi/4.6.3/crtbegin.o
 .rela.text.__lwp_wkspace_heapfree
                0x00000000        0x0 /opt/devkitpro/devkitPPC/lib/gcc/powerpc-eabi/4.6.3/crtbegin.o
 .rela.text.__lwp_wkspace_heapused
                0x00000000        0x0 /opt/devkitpro/devkitPPC/lib/gcc/powerpc-eabi/4.6.3/crtbegin.o
 .rela.text.__lwp_wkspace_init
                0x00000000        0x0 /opt/devkitpro/devkitPPC/lib/gcc/powerpc-eabi/4.6.3/crtbegin.o
 .rela.text.__lwp_objmgr_initinfo
                0x00000000        0x0 /opt/devkitpro/devkitPPC/lib/gcc/powerpc-eabi/4.6.3/crtbegin.o
 .rela.text.__irq_init
                0x00000000        0x0 /opt/devkitpro/devkitPPC/lib/gcc/powerpc-eabi/4.6.3/crtbegin.o
 .rela.text.__call_resetfuncs
                0x00000000        0x0 /opt/devkitpro/devkitPPC/lib/gcc/powerpc-eabi/4.6.3/crtbegin.o
 .rela.text.__locksram
                0x00000000        0x0 /opt/devkitpro/devkitPPC/lib/gcc/powerpc-eabi/4.6.3/crtbegin.o
 .rela.text.__lwp_wd_insert_ticks
                0x00000000        0x0 /opt/devkitpro/devkitPPC/lib/gcc/powerpc-eabi/4.6.3/crtbegin.o
 .rela.text.__unlocksram
                0x00000000        0x0 /opt/devkitpro/devkitPPC/lib/gcc/powerpc-eabi/4.6.3/crtbegin.o
 .rela.text.__sram_writecallback
                0x00000000        0x0 /opt/devkitpro/devkitPPC/lib/gcc/powerpc-eabi/4.6.3/crtbegin.o
 .rela.text.__sram_init
                0x00000000        0x0 /opt/devkitpro/devkitPPC/lib/gcc/powerpc-eabi/4.6.3/crtbegin.o
 .rela.text.__SYS_SyncSram
                0x00000000        0x0 /opt/devkitpro/devkitPPC/lib/gcc/powerpc-eabi/4.6.3/crtbegin.o
 .rela.text.SYS_Init
                0x00000000        0x0 /opt/devkitpro/devkitPPC/lib/gcc/powerpc-eabi/4.6.3/crtbegin.o
 .rela.text.SYS_RemoveAlarm
                0x00000000        0x0 /opt/devkitpro/devkitPPC/lib/gcc/powerpc-eabi/4.6.3/crtbegin.o
 .rela.text.SYS_CancelAlarm
                0x00000000        0x0 /opt/devkitpro/devkitPPC/lib/gcc/powerpc-eabi/4.6.3/crtbegin.o
 .rela.text.__lwp_cond_open
                0x00000000        0x0 /opt/devkitpro/devkitPPC/lib/gcc/powerpc-eabi/4.6.3/crtbegin.o
 .rela.text.__lwp_cond_init
                0x00000000        0x0 /opt/devkitpro/devkitPPC/lib/gcc/powerpc-eabi/4.6.3/crtbegin.o
 .rela.text.LWP_CondInit
                0x00000000        0x0 /opt/devkitpro/devkitPPC/lib/gcc/powerpc-eabi/4.6.3/crtbegin.o
 .rela.text.LWP_CondDestroy
                0x00000000        0x0 /opt/devkitpro/devkitPPC/lib/gcc/powerpc-eabi/4.6.3/crtbegin.o
 .rela.text.__GX_FifoLink
                0x00000000        0x0 /opt/devkitpro/devkitPPC/lib/gcc/powerpc-eabi/4.6.3/crtbegin.o
 .rela.text.__GX_WriteFifoIntEnable
                0x00000000        0x0 /opt/devkitpro/devkitPPC/lib/gcc/powerpc-eabi/4.6.3/crtbegin.o
 .rela.text.__GX_FifoReadEnable
                0x00000000        0x0 /opt/devkitpro/devkitPPC/lib/gcc/powerpc-eabi/4.6.3/crtbegin.o
 .rela.text.__GX_FifoReadDisable
                0x00000000        0x0 /opt/devkitpro/devkitPPC/lib/gcc/powerpc-eabi/4.6.3/crtbegin.o
 .rela.text.__GX_InitRevBits
                0x00000000        0x0 /opt/devkitpro/devkitPPC/lib/gcc/powerpc-eabi/4.6.3/crtbegin.o
 .rela.text.__GXDefTexRegionCallback
                0x00000000        0x0 /opt/devkitpro/devkitPPC/lib/gcc/powerpc-eabi/4.6.3/crtbegin.o
 .rela.text.__GXDefTlutRegionCallback
                0x00000000        0x0 /opt/devkitpro/devkitPPC/lib/gcc/powerpc-eabi/4.6.3/crtbegin.o
 .rela.text.__GX_FlushTextureState
                0x00000000        0x0 /opt/devkitpro/devkitPPC/lib/gcc/powerpc-eabi/4.6.3/crtbegin.o
 .rela.text.__SetSURegs
                0x00000000        0x0 /opt/devkitpro/devkitPPC/lib/gcc/powerpc-eabi/4.6.3/crtbegin.o
 .rela.text.__SETVCDFMT
                0x00000000        0x0 /opt/devkitpro/devkitPPC/lib/gcc/powerpc-eabi/4.6.3/crtbegin.o
 .rela.text.__GX_SetMatrixIndex
                0x00000000        0x0 /opt/devkitpro/devkitPPC/lib/gcc/powerpc-eabi/4.6.3/crtbegin.o
 .rela.text.__GX_SetDirtyState
                0x00000000        0x0 /opt/devkitpro/devkitPPC/lib/gcc/powerpc-eabi/4.6.3/crtbegin.o
 .rela.text.__SETVCDATTR
                0x00000000        0x0 /opt/devkitpro/devkitPPC/lib/gcc/powerpc-eabi/4.6.3/crtbegin.o
 .rela.text.__GX_WriteFifoIntReset.constprop.6
                0x00000000        0x0 /opt/devkitpro/devkitPPC/lib/gcc/powerpc-eabi/4.6.3/crtbegin.o
 .rela.text.__GXCPInterruptHandler
                0x00000000        0x0 /opt/devkitpro/devkitPPC/lib/gcc/powerpc-eabi/4.6.3/crtbegin.o
 .rela.text.GX_Flush
                0x00000000        0x0 /opt/devkitpro/devkitPPC/lib/gcc/powerpc-eabi/4.6.3/crtbegin.o
 .rela.text.GX_EnableBreakPt
                0x00000000        0x0 /opt/devkitpro/devkitPPC/lib/gcc/powerpc-eabi/4.6.3/crtbegin.o
 .rela.text.GX_DisableBreakPt
                0x00000000        0x0 /opt/devkitpro/devkitPPC/lib/gcc/powerpc-eabi/4.6.3/crtbegin.o
 .rela.text.GX_AbortFrame
                0x00000000        0x0 /opt/devkitpro/devkitPPC/lib/gcc/powerpc-eabi/4.6.3/crtbegin.o
 .rela.text.GX_PixModeSync
                0x00000000        0x0 /opt/devkitpro/devkitPPC/lib/gcc/powerpc-eabi/4.6.3/crtbegin.o
 .rela.text.GX_SetMisc
                0x00000000        0x0 /opt/devkitpro/devkitPPC/lib/gcc/powerpc-eabi/4.6.3/crtbegin.o
 .rela.text.GX_SetCopyClamp
                0x00000000        0x0 /opt/devkitpro/devkitPPC/lib/gcc/powerpc-eabi/4.6.3/crtbegin.o
 .rela.text.GX_SetDispCopyGamma
                0x00000000        0x0 /opt/devkitpro/devkitPPC/lib/gcc/powerpc-eabi/4.6.3/crtbegin.o
 .rela.text.GX_SetDispCopyFrame2Field
                0x00000000        0x0 /opt/devkitpro/devkitPPC/lib/gcc/powerpc-eabi/4.6.3/crtbegin.o
 .rela.text.GX_SetDispCopyYScale
                0x00000000        0x0 /opt/devkitpro/devkitPPC/lib/gcc/powerpc-eabi/4.6.3/crtbegin.o
 .rela.text.GX_SetDispCopyDst
                0x00000000        0x0 /opt/devkitpro/devkitPPC/lib/gcc/powerpc-eabi/4.6.3/crtbegin.o
 .rela.text.GX_SetDispCopySrc
                0x00000000        0x0 /opt/devkitpro/devkitPPC/lib/gcc/powerpc-eabi/4.6.3/crtbegin.o
 .rela.text.GX_CopyDisp
                0x00000000        0x0 /opt/devkitpro/devkitPPC/lib/gcc/powerpc-eabi/4.6.3/crtbegin.o
 .rela.text.GX_CopyTex
                0x00000000        0x0 /opt/devkitpro/devkitPPC/lib/gcc/powerpc-eabi/4.6.3/crtbegin.o
 .rela.text.GX_SetTexCopySrc
                0x00000000        0x0 /opt/devkitpro/devkitPPC/lib/gcc/powerpc-eabi/4.6.3/crtbegin.o
 .rela.text.GX_SetTexCopyDst
                0x00000000        0x0 /opt/devkitpro/devkitPPC/lib/gcc/powerpc-eabi/4.6.3/crtbegin.o
 .rela.text.GX_BeginDispList
                0x00000000        0x0 /opt/devkitpro/devkitPPC/lib/gcc/powerpc-eabi/4.6.3/crtbegin.o
 .rela.text.GX_EndDispList
                0x00000000        0x0 /opt/devkitpro/devkitPPC/lib/gcc/powerpc-eabi/4.6.3/crtbegin.o
 .rela.text.GX_CallDispList
                0x00000000        0x0 /opt/devkitpro/devkitPPC/lib/gcc/powerpc-eabi/4.6.3/crtbegin.o
 .rela.text.GX_SetChanCtrl
                0x00000000        0x0 /opt/devkitpro/devkitPPC/lib/gcc/powerpc-eabi/4.6.3/crtbegin.o
 .rela.text.GX_SetChanAmbColor
                0x00000000        0x0 /opt/devkitpro/devkitPPC/lib/gcc/powerpc-eabi/4.6.3/crtbegin.o
 .rela.text.GX_SetChanMatColor
                0x00000000        0x0 /opt/devkitpro/devkitPPC/lib/gcc/powerpc-eabi/4.6.3/crtbegin.o
 .rela.text.GX_SetVtxDesc
                0x00000000        0x0 /opt/devkitpro/devkitPPC/lib/gcc/powerpc-eabi/4.6.3/crtbegin.o
 .rela.text.GX_SetVtxDescv
                0x00000000        0x0 /opt/devkitpro/devkitPPC/lib/gcc/powerpc-eabi/4.6.3/crtbegin.o
 .rela.text.GX_GetVtxDescv
                0x00000000        0x0 /opt/devkitpro/devkitPPC/lib/gcc/powerpc-eabi/4.6.3/crtbegin.o
 .rela.text.GX_SetVtxAttrFmt
                0x00000000        0x0 /opt/devkitpro/devkitPPC/lib/gcc/powerpc-eabi/4.6.3/crtbegin.o
 .rela.text.GX_SetVtxAttrFmtv
                0x00000000        0x0 /opt/devkitpro/devkitPPC/lib/gcc/powerpc-eabi/4.6.3/crtbegin.o
 .rela.text.GX_Begin
                0x00000000        0x0 /opt/devkitpro/devkitPPC/lib/gcc/powerpc-eabi/4.6.3/crtbegin.o
 .rela.text.GX_SetTexCoordGen2
                0x00000000        0x0 /opt/devkitpro/devkitPPC/lib/gcc/powerpc-eabi/4.6.3/crtbegin.o
 .rela.text.GX_SetCurrentMtx
                0x00000000        0x0 /opt/devkitpro/devkitPPC/lib/gcc/powerpc-eabi/4.6.3/crtbegin.o
 .rela.text.GX_SetNumTexGens
                0x00000000        0x0 /opt/devkitpro/devkitPPC/lib/gcc/powerpc-eabi/4.6.3/crtbegin.o
 .rela.text.GX_SetZMode
                0x00000000        0x0 /opt/devkitpro/devkitPPC/lib/gcc/powerpc-eabi/4.6.3/crtbegin.o
 .rela.text.GX_LoadTexObjPreloaded
                0x00000000        0x0 /opt/devkitpro/devkitPPC/lib/gcc/powerpc-eabi/4.6.3/crtbegin.o
 .rela.text.GX_SetTexCoordScaleManually
                0x00000000        0x0 /opt/devkitpro/devkitPPC/lib/gcc/powerpc-eabi/4.6.3/crtbegin.o
 .rela.text.GX_SetTexCoordCylWrap
                0x00000000        0x0 /opt/devkitpro/devkitPPC/lib/gcc/powerpc-eabi/4.6.3/crtbegin.o
 .rela.text.GX_SetTexCoordBias
                0x00000000        0x0 /opt/devkitpro/devkitPPC/lib/gcc/powerpc-eabi/4.6.3/crtbegin.o
 .rela.text.GX_SetBlendMode
                0x00000000        0x0 /opt/devkitpro/devkitPPC/lib/gcc/powerpc-eabi/4.6.3/crtbegin.o
 .rela.text.GX_ClearVtxDesc
                0x00000000        0x0 /opt/devkitpro/devkitPPC/lib/gcc/powerpc-eabi/4.6.3/crtbegin.o
 .rela.text.GX_SetLineWidth
                0x00000000        0x0 /opt/devkitpro/devkitPPC/lib/gcc/powerpc-eabi/4.6.3/crtbegin.o
 .rela.text.GX_SetPointSize
                0x00000000        0x0 /opt/devkitpro/devkitPPC/lib/gcc/powerpc-eabi/4.6.3/crtbegin.o
 .rela.text.GX_SetTevColorIn
                0x00000000        0x0 /opt/devkitpro/devkitPPC/lib/gcc/powerpc-eabi/4.6.3/crtbegin.o
 .rela.text.GX_SetTevAlphaIn
                0x00000000        0x0 /opt/devkitpro/devkitPPC/lib/gcc/powerpc-eabi/4.6.3/crtbegin.o
 .rela.text.GX_SetTevColorOp
                0x00000000        0x0 /opt/devkitpro/devkitPPC/lib/gcc/powerpc-eabi/4.6.3/crtbegin.o
 .rela.text.GX_SetTevAlphaOp
                0x00000000        0x0 /opt/devkitpro/devkitPPC/lib/gcc/powerpc-eabi/4.6.3/crtbegin.o
 .rela.text.GX_SetCullMode
                0x00000000        0x0 /opt/devkitpro/devkitPPC/lib/gcc/powerpc-eabi/4.6.3/crtbegin.o
 .rela.text.GX_SetCoPlanar
                0x00000000        0x0 /opt/devkitpro/devkitPPC/lib/gcc/powerpc-eabi/4.6.3/crtbegin.o
 .rela.text.GX_EnableTexOffsets
                0x00000000        0x0 /opt/devkitpro/devkitPPC/lib/gcc/powerpc-eabi/4.6.3/crtbegin.o
 .rela.text.GX_SetScissor
                0x00000000        0x0 /opt/devkitpro/devkitPPC/lib/gcc/powerpc-eabi/4.6.3/crtbegin.o
 .rela.text.GX_SetNumChans
                0x00000000        0x0 /opt/devkitpro/devkitPPC/lib/gcc/powerpc-eabi/4.6.3/crtbegin.o
 .rela.text.GX_SetTevOrder
                0x00000000        0x0 /opt/devkitpro/devkitPPC/lib/gcc/powerpc-eabi/4.6.3/crtbegin.o
 .rela.text.GX_SetNumTevStages
                0x00000000        0x0 /opt/devkitpro/devkitPPC/lib/gcc/powerpc-eabi/4.6.3/crtbegin.o
 .rela.text.GX_SetTevKColorSel
                0x00000000        0x0 /opt/devkitpro/devkitPPC/lib/gcc/powerpc-eabi/4.6.3/crtbegin.o
 .rela.text.GX_SetTevKAlphaSel
                0x00000000        0x0 /opt/devkitpro/devkitPPC/lib/gcc/powerpc-eabi/4.6.3/crtbegin.o
 .rela.text.GX_SetTevSwapMode
                0x00000000        0x0 /opt/devkitpro/devkitPPC/lib/gcc/powerpc-eabi/4.6.3/crtbegin.o
 .rela.text.GX_SetTevSwapModeTable
                0x00000000        0x0 /opt/devkitpro/devkitPPC/lib/gcc/powerpc-eabi/4.6.3/crtbegin.o
 .rela.text.GX_SetNumIndStages
                0x00000000        0x0 /opt/devkitpro/devkitPPC/lib/gcc/powerpc-eabi/4.6.3/crtbegin.o
 .rela.text.GX_SetIndTexCoordScale
                0x00000000        0x0 /opt/devkitpro/devkitPPC/lib/gcc/powerpc-eabi/4.6.3/crtbegin.o
 .rela.text.GX_SetColorUpdate
                0x00000000        0x0 /opt/devkitpro/devkitPPC/lib/gcc/powerpc-eabi/4.6.3/crtbegin.o
 .rela.text.GX_SetAlphaUpdate
                0x00000000        0x0 /opt/devkitpro/devkitPPC/lib/gcc/powerpc-eabi/4.6.3/crtbegin.o
 .rela.text.GX_SetZCompLoc
                0x00000000        0x0 /opt/devkitpro/devkitPPC/lib/gcc/powerpc-eabi/4.6.3/crtbegin.o
 .rela.text.GX_SetPixelFmt
                0x00000000        0x0 /opt/devkitpro/devkitPPC/lib/gcc/powerpc-eabi/4.6.3/crtbegin.o
 .rela.text.GX_SetDither
                0x00000000        0x0 /opt/devkitpro/devkitPPC/lib/gcc/powerpc-eabi/4.6.3/crtbegin.o
 .rela.text.GX_SetDstAlpha
                0x00000000        0x0 /opt/devkitpro/devkitPPC/lib/gcc/powerpc-eabi/4.6.3/crtbegin.o
 .rela.text.GX_SetFieldMode
                0x00000000        0x0 /opt/devkitpro/devkitPPC/lib/gcc/powerpc-eabi/4.6.3/crtbegin.o
 .rela.text.GX_SetIndTexOrder
                0x00000000        0x0 /opt/devkitpro/devkitPPC/lib/gcc/powerpc-eabi/4.6.3/crtbegin.o
 .rela.text.GX_SetGPMetric
                0x00000000        0x0 /opt/devkitpro/devkitPPC/lib/gcc/powerpc-eabi/4.6.3/crtbegin.o
 .rela.text.GX_Init
                0x00000000        0x0 /opt/devkitpro/devkitPPC/lib/gcc/powerpc-eabi/4.6.3/crtbegin.o
 .rela.text.GX_ReadGPMetric
                0x00000000        0x0 /opt/devkitpro/devkitPPC/lib/gcc/powerpc-eabi/4.6.3/crtbegin.o
 .rela.text.c_decrementer_handler
                0x00000000        0x0 /opt/devkitpro/devkitPPC/lib/gcc/powerpc-eabi/4.6.3/crtbegin.o
 .rela.text.__lwp_mqbox_free
                0x00000000        0x0 /opt/devkitpro/devkitPPC/lib/gcc/powerpc-eabi/4.6.3/crtbegin.o
 .rela.text.__lwp_mqbox_open
                0x00000000        0x0 /opt/devkitpro/devkitPPC/lib/gcc/powerpc-eabi/4.6.3/crtbegin.o
 .rela.text.__lwp_mqbox_init
                0x00000000        0x0 /opt/devkitpro/devkitPPC/lib/gcc/powerpc-eabi/4.6.3/crtbegin.o
 .rela.text.MQ_Init
                0x00000000        0x0 /opt/devkitpro/devkitPPC/lib/gcc/powerpc-eabi/4.6.3/crtbegin.o
 .rela.text.__ios_ioctlvformat_parse
                0x00000000        0x0 /opt/devkitpro/devkitPPC/lib/gcc/powerpc-eabi/4.6.3/crtbegin.o
 .rela.text.__ioctlvfmtCB
                0x00000000        0x0 /opt/devkitpro/devkitPPC/lib/gcc/powerpc-eabi/4.6.3/crtbegin.o
 .rela.text.IOS_IoctlvFormat
                0x00000000        0x0 /opt/devkitpro/devkitPPC/lib/gcc/powerpc-eabi/4.6.3/crtbegin.o
 .rela.text.IOS_IoctlvFormatAsync
                0x00000000        0x0 /opt/devkitpro/devkitPPC/lib/gcc/powerpc-eabi/4.6.3/crtbegin.o
 .rela.text.nanosleep
                0x00000000        0x0 /opt/devkitpro/devkitPPC/lib/gcc/powerpc-eabi/4.6.3/crtbegin.o
 .rela.text.__libc_delete_hook
                0x00000000        0x0 /opt/devkitpro/devkitPPC/lib/gcc/powerpc-eabi/4.6.3/crtbegin.o
 .rela.text.__libc_init
                0x00000000        0x0 /opt/devkitpro/devkitPPC/lib/gcc/powerpc-eabi/4.6.3/crtbegin.o
 .rela.text.__libc_wrapup
                0x00000000        0x0 /opt/devkitpro/devkitPPC/lib/gcc/powerpc-eabi/4.6.3/crtbegin.o
 .rela.text.__CheckARGV
                0x00000000        0x0 /opt/devkitpro/devkitPPC/lib/gcc/powerpc-eabi/4.6.3/crtbegin.o
 .rela.text.__lwp_priority_init
                0x00000000        0x0 /opt/devkitpro/devkitPPC/lib/gcc/powerpc-eabi/4.6.3/crtbegin.o
 .rela.text.__lwp_wd_remove_ticks
                0x00000000        0x0 /opt/devkitpro/devkitPPC/lib/gcc/powerpc-eabi/4.6.3/crtbegin.o
 .rela.text.__lwp_threadqueue_enqueue
                0x00000000        0x0 /opt/devkitpro/devkitPPC/lib/gcc/powerpc-eabi/4.6.3/crtbegin.o
 .rela.text.__lwpmq_initialize
                0x00000000        0x0 /opt/devkitpro/devkitPPC/lib/gcc/powerpc-eabi/4.6.3/crtbegin.o
 .rela.text.__lwpmq_close
                0x00000000        0x0 /opt/devkitpro/devkitPPC/lib/gcc/powerpc-eabi/4.6.3/crtbegin.o
 .rela.text.__systemcall_init
                0x00000000        0x0 /opt/devkitpro/devkitPPC/lib/gcc/powerpc-eabi/4.6.3/crtbegin.o
 .rela.text.__exception_init
                0x00000000        0x0 /opt/devkitpro/devkitPPC/lib/gcc/powerpc-eabi/4.6.3/crtbegin.o
 .rela.text.__exception_close
                0x00000000        0x0 /opt/devkitpro/devkitPPC/lib/gcc/powerpc-eabi/4.6.3/crtbegin.o
 .rela.text.__exception_sethandler
                0x00000000        0x0 /opt/devkitpro/devkitPPC/lib/gcc/powerpc-eabi/4.6.3/crtbegin.o
 .rela.text.__lwp_sema_open
                0x00000000        0x0 /opt/devkitpro/devkitPPC/lib/gcc/powerpc-eabi/4.6.3/crtbegin.o
 .rela.text.__lwp_sema_init
                0x00000000        0x0 /opt/devkitpro/devkitPPC/lib/gcc/powerpc-eabi/4.6.3/crtbegin.o
 .rela.text.LWP_SemInit
                0x00000000        0x0 /opt/devkitpro/devkitPPC/lib/gcc/powerpc-eabi/4.6.3/crtbegin.o
 .rela.text.LWP_SemDestroy
                0x00000000        0x0 /opt/devkitpro/devkitPPC/lib/gcc/powerpc-eabi/4.6.3/crtbegin.o
 .rela.text.__lwp_mutex_locksupp.constprop.7
                0x00000000        0x0 /opt/devkitpro/devkitPPC/lib/gcc/powerpc-eabi/4.6.3/crtbegin.o
 .rela.text.__lwp_mutex_init
                0x00000000        0x0 /opt/devkitpro/devkitPPC/lib/gcc/powerpc-eabi/4.6.3/crtbegin.o
 .rela.text.LWP_MutexInit
                0x00000000        0x0 /opt/devkitpro/devkitPPC/lib/gcc/powerpc-eabi/4.6.3/crtbegin.o
 .rela.text.LWP_MutexDestroy
                0x00000000        0x0 /opt/devkitpro/devkitPPC/lib/gcc/powerpc-eabi/4.6.3/crtbegin.o
 .rela.text.LWP_MutexUnlock
                0x00000000        0x0 /opt/devkitpro/devkitPPC/lib/gcc/powerpc-eabi/4.6.3/crtbegin.o
 .rela.text.kprintf
                0x00000000        0x0 /opt/devkitpro/devkitPPC/lib/gcc/powerpc-eabi/4.6.3/crtbegin.o
 .rela.text.__console_init
                0x00000000        0x0 /opt/devkitpro/devkitPPC/lib/gcc/powerpc-eabi/4.6.3/crtbegin.o
 .rela.text.__console_init_ex
                0x00000000        0x0 /opt/devkitpro/devkitPPC/lib/gcc/powerpc-eabi/4.6.3/crtbegin.o
 .rela.text.CON_EnableGecko
                0x00000000        0x0 /opt/devkitpro/devkitPPC/lib/gcc/powerpc-eabi/4.6.3/crtbegin.o
 .rela.text.atangent
                0x00000000        0x0 /opt/devkitpro/devkitPPC/lib/gcc/powerpc-eabi/4.6.3/crtbegin.o
 .rela.text.calloc
                0x00000000        0x0 /opt/devkitpro/devkitPPC/lib/gcc/powerpc-eabi/4.6.3/crtbegin.o
 .rela.text.__errno
                0x00000000        0x0 /opt/devkitpro/devkitPPC/lib/gcc/powerpc-eabi/4.6.3/crtbegin.o
 .rela.text.exit
                0x00000000        0x0 /opt/devkitpro/devkitPPC/lib/gcc/powerpc-eabi/4.6.3/crtbegin.o
 .rela.text.fprintf
                0x00000000        0x0 /opt/devkitpro/devkitPPC/lib/gcc/powerpc-eabi/4.6.3/crtbegin.o
 .rela.text.fputs
                0x00000000        0x0 /opt/devkitpro/devkitPPC/lib/gcc/powerpc-eabi/4.6.3/crtbegin.o
 .rela.text._malloc_trim_r
                0x00000000        0x0 /opt/devkitpro/devkitPPC/lib/gcc/powerpc-eabi/4.6.3/crtbegin.o
 .rela.text._free_r
                0x00000000        0x0 /opt/devkitpro/devkitPPC/lib/gcc/powerpc-eabi/4.6.3/crtbegin.o
 .rela.text.setvbuf
                0x00000000        0x0 /opt/devkitpro/devkitPPC/lib/gcc/powerpc-eabi/4.6.3/crtbegin.o
 .rela.text._svfprintf_r
                0x00000000        0x0 /opt/devkitpro/devkitPPC/lib/gcc/powerpc-eabi/4.6.3/crtbegin.o
 .rela.text._vfprintf_r
                0x00000000        0x0 /opt/devkitpro/devkitPPC/lib/gcc/powerpc-eabi/4.6.3/crtbegin.o
 .rela.text._wcrtomb_r
                0x00000000        0x0 /opt/devkitpro/devkitPPC/lib/gcc/powerpc-eabi/4.6.3/crtbegin.o
 .rela.text.wcrtomb
                0x00000000        0x0 /opt/devkitpro/devkitPPC/lib/gcc/powerpc-eabi/4.6.3/crtbegin.o
 .rela.text.__call_exitprocs
                0x00000000        0x0 /opt/devkitpro/devkitPPC/lib/gcc/powerpc-eabi/4.6.3/crtbegin.o
 .rela.text._dtoa_r
                0x00000000        0x0 /opt/devkitpro/devkitPPC/lib/gcc/powerpc-eabi/4.6.3/crtbegin.o
 .rela.text._cleanup_r
                0x00000000        0x0 /opt/devkitpro/devkitPPC/lib/gcc/powerpc-eabi/4.6.3/crtbegin.o
 .rela.text.std.isra.0
                0x00000000        0x0 /opt/devkitpro/devkitPPC/lib/gcc/powerpc-eabi/4.6.3/crtbegin.o
 .rela.text.loadlocale
                0x00000000        0x0 /opt/devkitpro/devkitPPC/lib/gcc/powerpc-eabi/4.6.3/crtbegin.o
 .rela.text.__smakebuf_r
                0x00000000        0x0 /opt/devkitpro/devkitPPC/lib/gcc/powerpc-eabi/4.6.3/crtbegin.o
 .rela.text._findenv_r
                0x00000000        0x0 /opt/devkitpro/devkitPPC/lib/gcc/powerpc-eabi/4.6.3/crtbegin.o

.rel.fini
 *(.rel.fini)

.rela.fini
 *(.rela.fini)

.rel.rodata
 *(.rel.rodata .rel.rodata.* .rel.gnu.linkonce.r.*)

.rela.rodata
 *(.rela.rodata .rela.rodata.* .rela.gnu.linkonce.r.*)

.rel.data
 *(.rel.data .rel.data.* .rel.gnu.linkonce.d.*)

.rela.data
 *(.rela.data .rela.data.* .rela.gnu.linkonce.d.*)

.rel.tdata
 *(.rel.tdata .rel.tdata.* .rel.gnu.linkonce.td.*)

.rela.tdata
 *(.rela.tdata .rela.tdata.* .rela.gnu.linkonce.td.*)

.rel.tbss
 *(.rel.tbss .rel.tbss.* .rel.gnu.linkonce.tb.*)

.rela.tbss
 *(.rela.tbss .rela.tbss.* .rela.gnu.linkonce.tb.*)

.rel.ctors
 *(.rel.ctors)

.rela.ctors
 *(.rela.ctors)

.rel.dtors
 *(.rel.dtors)

.rela.dtors
 *(.rela.dtors)

.rel.got
 *(.rel.got)

.rela.got
 *(.rela.got)

.rela.got1
 *(.rela.got1)

.rela.got2      0x80004194        0x0
 *(.rela.got2)
 .rela.got2     0x00000000        0x0 /opt/devkitpro/devkitPPC/lib/gcc/powerpc-eabi/4.6.3/crtbegin.o

.rel.sdata
 *(.rel.sdata .rel.sdata.* .rel.gnu.linkonce.s.*)

.rela.sdata
 *(.rela.sdata .rela.sdata.* .rela.gnu.linkonce.s.*)

.rel.sbss
 *(.rel.sbss .rel.sbss.* .rel.gnu.linkonce.sb.*)

.rela.sbss
 *(.rela.sbss .rela.sbss.* .rel.gnu.linkonce.sb.*)

.rel.sdata2
 *(.rel.sdata2 .rel.sdata2.* .rel.gnu.linkonce.s2.*)

.rela.sdata2
 *(.rela.sdata2 .rela.sdata2.* .rela.gnu.linkonce.s2.*)

.rel.sbss2
 *(.rel.sbss2 .rel.sbss2.* .rel.gnu.linkonce.sb2.*)

.rela.sbss2
 *(.rela.sbss2 .rela.sbss2.* .rela.gnu.linkonce.sb2.*)

.rel.bss
 *(.rel.bss .rel.bss.* .rel.gnu.linkonce.b.*)

.rela.bss
 *(.rela.bss .rela.bss.* .rela.gnu.linkonce.b.*)

.rel.plt
 *(.rel.plt)

.rela.plt
 *(.rela.plt)

.text           0x800041a0    0x32020
 *(.text)
 .text          0x800041a0      0x168 /opt/devkitpro/devkitPPC/lib/gcc/powerpc-eabi/4.6.3/crtbegin.o
 .text          0x80004308       0x44 /opt/devkitpro/devkitPPC/lib/gcc/powerpc-eabi/4.6.3/../../../../powerpc-eabi/lib/crtmain.o
                0x8000430c                __crtmain
 *fill*         0x8000434c       0x14 00000000
 .text          0x80004360      0x44c /opt/devkitpro/libogc/lib/wii/libogc.a(lwp_handler.o)
                0x80004360                _cpu_context_save_fp
                0x800044a0                _cpu_context_restore_fp
                0x800045e0                _cpu_context_switch
                0x800046c0                _cpu_context_save
                0x80004740                _cpu_context_restore
 .text          0x800047ac      0x4a0 /opt/devkitpro/libogc/lib/wii/libogc.a(system_asm.o)
                0x800047ac                __realmode
                0x800047c4                __configBATS
                0x800048f4                __InitFPRS
                0x80004a20                __InitPS
                0x80004a7c                __InitCache
                0x80004ad4                __InitSystem
                0x80004b5c                __flush_cache
                0x80004b90                __reset
                0x80004c00                __InitBATS
                0x80004c1c                SYS_SwitchFiber
 .text          0x80004c4c      0x1ac /opt/devkitpro/libogc/lib/wii/libogc.a(irq_handler.o)
                0x80004c4c                irq_exceptionhandler
 .text          0x80004df8      0x4f4 /opt/devkitpro/libogc/lib/wii/libogc.a(cache_asm.o)
                0x80004df8                DCFlashInvalidate
                0x80004e0c                DCEnable
                0x80004e20                DCDisable
                0x80004e34                DCFreeze
                0x80004e48                DCUnfreeze
                0x80004e5c                DCTouchLoad
                0x80004e64                DCBlockZero
                0x80004e6c                DCBlockStore
                0x80004e74                DCBlockFlush
                0x80004e7c                DCBlockInvalidate
                0x80004e84                DCInvalidateRange
                0x80004eb4                DCFlushRange
                0x80004ee8                DCStoreRange
                0x80004f1c                DCFlushRangeNoSync
                0x80004f4c                DCStoreRangeNoSync
                0x80004f7c                DCZeroRange
                0x80004fac                DCTouchRange
                0x80004fdc                ICInvalidateRange
                0x80005014                ICFlashInvalidate
                0x80005028                ICEnable
                0x8000503c                ICDisable
                0x80005050                ICFreeze
                0x80005064                ICUnfreeze
                0x80005078                ICBlockInvalidate
                0x80005080                ICSync
                0x80005088                L2Init
                0x800050d0                L2Enable
                0x800050ec                L2Disable
                0x80005104                L2GlobalInvalidate
                0x8000515c                __LCEnable
                0x80005228                LCDisable
                0x80005250                LCAllocOneTag
                0x80005264                LCAllocTags
                0x800052a4                LCLoadBlocks
                0x800052c8                LCStoreBlocks
 .text          0x800052ec      0x1ac /opt/devkitpro/libogc/lib/wii/libogc.a(decrementer_handler.o)
                0x800052ec                dec_exceptionhandler
 .text          0x80005498      0x35c /opt/devkitpro/libogc/lib/wii/libogc.a(exception_handler.o)
                0x80005498                exceptionhandler_start
                0x80005514                exceptionhandler_patch
                0x80005548                exceptionhandler_end
                0x8000554c                default_exceptionhandler
                0x8000567c                fpu_exceptionhandler
                0x800057c4                systemcallhandler_start
                0x800057f0                systemcallhandler_end
 .text          0x800057f4       0x40 /opt/devkitpro/devkitPPC/lib/gcc/powerpc-eabi/4.6.3/libgcc.a(_ashldi3.o)
                0x800057f4                __ashldi3
 .text          0x80005834      0x400 /opt/devkitpro/devkitPPC/lib/gcc/powerpc-eabi/4.6.3/libgcc.a(_udivdi3.o)
                0x80005834                __udivdi3
 .text          0x80005c34      0x3d4 /opt/devkitpro/devkitPPC/lib/gcc/powerpc-eabi/4.6.3/libgcc.a(_umoddi3.o)
                0x80005c34                __umoddi3
 .text          0x80006008       0x48 /opt/devkitpro/devkitPPC/lib/gcc/powerpc-eabi/4.6.3/libgcc.a(eabi.o)
                0x80006008                __eabi
 .text          0x80006050       0x4c /opt/devkitpro/devkitPPC/lib/gcc/powerpc-eabi/4.6.3/libgcc.a(crtsavfpr.o)
                0x80006050                _savefpr_14
                0x80006054                _savefpr_15
                0x80006058                _savefpr_16
                0x8000605c                _savefpr_17
                0x80006060                _savefpr_18
                0x80006064                _savefpr_19
                0x80006068                _savefpr_20
                0x8000606c                _savefpr_21
                0x80006070                _savefpr_22
                0x80006074                _savefpr_23
                0x80006078                _savefpr_24
                0x8000607c                _savefpr_25
                0x80006080                _savefpr_26
                0x80006084                _savefpr_27
                0x80006088                _savefpr_28
                0x8000608c                _savefpr_29
                0x80006090                _savefpr_30
                0x80006094                _savefpr_31
 .text          0x8000609c       0x4c /opt/devkitpro/devkitPPC/lib/gcc/powerpc-eabi/4.6.3/libgcc.a(crtsavgpr.o)
                0x8000609c                _savegpr_14
                0x800060a0                _savegpr_15
                0x800060a4                _savegpr_16
                0x800060a8                _savegpr_17
                0x800060ac                _savegpr_18
                0x800060b0                _savegpr_19
                0x800060b4                _savegpr_20
                0x800060b8                _savegpr_21
                0x800060bc                _savegpr_22
                0x800060c0                _savegpr_23
                0x800060c4                _savegpr_24
                0x800060c8                _savegpr_25
                0x800060cc                _savegpr_26
                0x800060d0                _savegpr_27
                0x800060d4                _savegpr_28
                0x800060d8                _savegpr_29
                0x800060dc                _savegpr_30
                0x800060e0                _savegpr_31
 .text          0x800060e8       0x4c /opt/devkitpro/devkitPPC/lib/gcc/powerpc-eabi/4.6.3/libgcc.a(crtresgpr.o)
                0x800060e8                _restgpr_14
                0x800060ec                _restgpr_15
                0x800060f0                _restgpr_16
                0x800060f4                _restgpr_17
                0x800060f8                _restgpr_18
                0x800060fc                _restgpr_19
                0x80006100                _restgpr_20
                0x80006104                _restgpr_21
                0x80006108                _restgpr_22
                0x8000610c                _restgpr_23
                0x80006110                _restgpr_24
                0x80006114                _restgpr_25
                0x80006118                _restgpr_26
                0x8000611c                _restgpr_27
                0x80006120                _restgpr_28
                0x80006124                _restgpr_29
                0x80006128                _restgpr_30
                0x8000612c                _restgpr_31
 .text          0x80006134       0x58 /opt/devkitpro/devkitPPC/lib/gcc/powerpc-eabi/4.6.3/libgcc.a(crtresxfpr.o)
                0x80006134                _restfpr_14_x
                0x80006138                _restfpr_15_x
                0x8000613c                _restfpr_16_x
                0x80006140                _restfpr_17_x
                0x80006144                _restfpr_18_x
                0x80006148                _restfpr_19_x
                0x8000614c                _restfpr_20_x
                0x80006150                _restfpr_21_x
                0x80006154                _restfpr_22_x
                0x80006158                _restfpr_23_x
                0x8000615c                _restfpr_24_x
                0x80006160                _restfpr_25_x
                0x80006164                _restfpr_26_x
                0x80006168                _restfpr_27_x
                0x8000616c                _restfpr_28_x
                0x80006170                _restfpr_29_x
                0x80006174                _restfpr_30_x
                0x80006178                _restfpr_31_x
 .text          0x8000618c       0x58 /opt/devkitpro/devkitPPC/lib/gcc/powerpc-eabi/4.6.3/libgcc.a(crtresxgpr.o)
                0x8000618c                _restgpr_14_x
                0x80006190                _restgpr_15_x
                0x80006194                _restgpr_16_x
                0x80006198                _restgpr_17_x
                0x8000619c                _restgpr_18_x
                0x800061a0                _restgpr_19_x
                0x800061a4                _restgpr_20_x
                0x800061a8                _restgpr_21_x
                0x800061ac                _restgpr_22_x
                0x800061b0                _restgpr_23_x
                0x800061b4                _restgpr_24_x
                0x800061b8                _restgpr_25_x
                0x800061bc                _restgpr_26_x
                0x800061c0                _restgpr_27_x
                0x800061c4                _restgpr_28_x
                0x800061c8                _restgpr_29_x
                0x800061cc                _restgpr_30_x
                0x800061d0                _restgpr_31_x
 .text          0x800061e4       0x28 /opt/devkitpro/devkitPPC/lib/gcc/powerpc-eabi/4.6.3/../../../../powerpc-eabi/lib/libsysbase.a(abort.o)
                0x800061e4                abort
 .text          0x8000620c      0x2ec /opt/devkitpro/devkitPPC/lib/gcc/powerpc-eabi/4.6.3/../../../../powerpc-eabi/lib/libsysbase.a(iosupport.o)
                0x8000620c                setDefaultDevice
                0x80006224                FindDevice
                0x80006348                RemoveDevice
                0x80006398                AddDevice
                0x800064b4                GetDeviceOpTab
 .text          0x800064f8       0x28 /opt/devkitpro/devkitPPC/lib/gcc/powerpc-eabi/4.6.3/../../../../powerpc-eabi/lib/libsysbase.a(_exit.o)
                0x800064f8                _exit
 .text          0x80006520       0x90 /opt/devkitpro/devkitPPC/lib/gcc/powerpc-eabi/4.6.3/../../../../powerpc-eabi/lib/libsysbase.a(build_argv.o)
                0x80006520                build_argv
 .text          0x800065b0      0x168 /opt/devkitpro/devkitPPC/lib/gcc/powerpc-eabi/4.6.3/../../../../powerpc-eabi/lib/libsysbase.a(syscall_support.o)
                0x800065b0                __libc_lock_init
                0x800065f0                __libc_lock_close
                0x80006630                __libc_lock_release
                0x80006670                __libc_lock_acquire
                0x800066b0                __malloc_lock
                0x800066e4                __malloc_unlock
 .text          0x80006718       0x98 /opt/devkitpro/devkitPPC/lib/gcc/powerpc-eabi/4.6.3/../../../../powerpc-eabi/lib/libsysbase.a(close.o)
                0x80006718                _close_r
 .text          0x800067b0       0xc8 /opt/devkitpro/devkitPPC/lib/gcc/powerpc-eabi/4.6.3/../../../../powerpc-eabi/lib/libsysbase.a(fstat.o)
                0x800067b0                _fstat_r
 .text          0x80006878        0x8 /opt/devkitpro/devkitPPC/lib/gcc/powerpc-eabi/4.6.3/../../../../powerpc-eabi/lib/libsysbase.a(isatty.o)
                0x80006878                _isatty_r
 .text          0x80006880       0xcc /opt/devkitpro/devkitPPC/lib/gcc/powerpc-eabi/4.6.3/../../../../powerpc-eabi/lib/libsysbase.a(lseek.o)
                0x80006880                _lseek_r
 .text          0x8000694c       0xac /opt/devkitpro/devkitPPC/lib/gcc/powerpc-eabi/4.6.3/../../../../powerpc-eabi/lib/libsysbase.a(read.o)
                0x8000694c                _read_r
 .text          0x800069f8       0x50 /opt/devkitpro/devkitPPC/lib/gcc/powerpc-eabi/4.6.3/../../../../powerpc-eabi/lib/libsysbase.a(sbrk.o)
                0x800069f8                _sbrk_r
 .text          0x80006a48       0xac /opt/devkitpro/devkitPPC/lib/gcc/powerpc-eabi/4.6.3/../../../../powerpc-eabi/lib/libsysbase.a(write.o)
                0x80006a48                _write_r
 .text          0x80006af4       0x6c /opt/devkitpro/devkitPPC/lib/gcc/powerpc-eabi/4.6.3/../../../../powerpc-eabi/lib/libsysbase.a(flock.o)
                0x80006af4                __flockfile
                0x80006b3c                __funlockfile
 .text          0x80006b60      0x174 /opt/devkitpro/devkitPPC/lib/gcc/powerpc-eabi/4.6.3/../../../../powerpc-eabi/lib/libsysbase.a(handle_manager.o)
                0x80006b60                __release_handle
                0x80006bbc                __alloc_handle
                0x80006cb0                __get_handle
 .text          0x80006cd4       0x6c /opt/devkitpro/devkitPPC/lib/gcc/powerpc-eabi/4.6.3/crtend.o
 *(.text.*)
 .text.startup.main
                0x80006d40      0x304 pixels.o
                0x80006d40                main
 .text.__wpad_assign_slot
                0x80007044      0x220 /opt/devkitpro/libogc/lib/wii/libwiiuse.a(wpad.o)
                0x80007044                __wpad_assign_slot
 .text.__wpad_def_powcb
                0x80007264       0x20 /opt/devkitpro/libogc/lib/wii/libwiiuse.a(wpad.o)
 .text.__wpad_setfmt
                0x80007284       0xf0 /opt/devkitpro/libogc/lib/wii/libwiiuse.a(wpad.o)
 .text.__readlinkkey_finished
                0x80007374       0x30 /opt/devkitpro/libogc/lib/wii/libwiiuse.a(wpad.o)
 .text.__wpad_patch_finished
                0x800073a4       0x2c /opt/devkitpro/libogc/lib/wii/libwiiuse.a(wpad.o)
 .text.__wpad_eventCB
                0x800073d0      0x958 /opt/devkitpro/libogc/lib/wii/libwiiuse.a(wpad.o)
 .text.__wpad_disconnectCB
                0x80007d28       0xe8 /opt/devkitpro/libogc/lib/wii/libwiiuse.a(wpad.o)
                0x80007d28                __wpad_disconnectCB
 .text.__wpad_timeouthandler
                0x80007e10       0x98 /opt/devkitpro/libogc/lib/wii/libwiiuse.a(wpad.o)
 .text.__initcore_finished
                0x80007ea8       0x40 /opt/devkitpro/libogc/lib/wii/libwiiuse.a(wpad.o)
 .text.__wpad_init_finished
                0x80007ee8      0x134 /opt/devkitpro/libogc/lib/wii/libwiiuse.a(wpad.o)
 .text.WPAD_ReadEvent
                0x8000801c      0x580 /opt/devkitpro/libogc/lib/wii/libwiiuse.a(wpad.o)
                0x8000801c                WPAD_ReadEvent
 .text.WPAD_ReadPending
                0x8000859c      0x10c /opt/devkitpro/libogc/lib/wii/libwiiuse.a(wpad.o)
                0x8000859c                WPAD_ReadPending
 .text.WPAD_Shutdown
                0x800086a8       0xdc /opt/devkitpro/libogc/lib/wii/libwiiuse.a(wpad.o)
                0x800086a8                WPAD_Shutdown
 .text.WPAD_Init
                0x80008784      0x240 /opt/devkitpro/libogc/lib/wii/libwiiuse.a(wpad.o)
                0x80008784                WPAD_Init
 .text.__wpad_onreset
                0x800089c4       0x2c /opt/devkitpro/libogc/lib/wii/libwiiuse.a(wpad.o)
 .text.WPAD_ScanPads
                0x800089f0        0xc /opt/devkitpro/libogc/lib/wii/libwiiuse.a(wpad.o)
                0x800089f0                WPAD_ScanPads
 .text.WPAD_ButtonsDown
                0x800089fc       0x28 /opt/devkitpro/libogc/lib/wii/libwiiuse.a(wpad.o)
                0x800089fc                WPAD_ButtonsDown
 .text.motion_plus_disconnected
                0x80008a24       0x10 /opt/devkitpro/libogc/lib/wii/libwiiuse.a(motion_plus.o)
                0x80008a24                motion_plus_disconnected
 .text.motion_plus_event
                0x80008a34       0x64 /opt/devkitpro/libogc/lib/wii/libwiiuse.a(motion_plus.o)
                0x80008a34                motion_plus_event
 .text.calculate_gforce
                0x80008a98      0x114 /opt/devkitpro/libogc/lib/wii/libwiiuse.a(dynamics.o)
                0x80008a98                calculate_gforce
 .text.calc_joystick_state
                0x80008bac      0x21c /opt/devkitpro/libogc/lib/wii/libwiiuse.a(dynamics.o)
                0x80008bac                calc_joystick_state
 .text.apply_smoothing
                0x80008dc8      0x148 /opt/devkitpro/libogc/lib/wii/libwiiuse.a(dynamics.o)
                0x80008dc8                apply_smoothing
 .text.calculate_orientation
                0x80008f10      0x29c /opt/devkitpro/libogc/lib/wii/libwiiuse.a(dynamics.o)
                0x80008f10                calculate_orientation
 .text.calc_balanceboard_state
                0x800091ac      0x36c /opt/devkitpro/libogc/lib/wii/libwiiuse.a(dynamics.o)
                0x800091ac                calc_balanceboard_state
 .text.wiiuse_handshake_expansion
                0x80009518      0x1d4 /opt/devkitpro/libogc/lib/wii/libwiiuse.a(io.o)
                0x80009518                wiiuse_handshake_expansion
 .text.wiiuse_handshake
                0x800096ec      0x150 /opt/devkitpro/libogc/lib/wii/libwiiuse.a(io.o)
                0x800096ec                wiiuse_handshake
 .text.wiiuse_handshake_expansion_start
                0x8000983c       0x24 /opt/devkitpro/libogc/lib/wii/libwiiuse.a(io.o)
                0x8000983c                wiiuse_handshake_expansion_start
 .text.wiiuse_disable_expansion
                0x80009860       0xc0 /opt/devkitpro/libogc/lib/wii/libwiiuse.a(io.o)
                0x80009860                wiiuse_disable_expansion
 .text.__wiiuse_disconnected
                0x80009920       0x90 /opt/devkitpro/libogc/lib/wii/libwiiuse.a(io_wii.o)
 .text.__wiiuse_receive
                0x800099b0       0x8c /opt/devkitpro/libogc/lib/wii/libwiiuse.a(io_wii.o)
 .text.__wiiuse_connected
                0x80009a3c       0x7c /opt/devkitpro/libogc/lib/wii/libwiiuse.a(io_wii.o)
 .text.__wiiuse_sensorbar_enable
                0x80009ab8       0x48 /opt/devkitpro/libogc/lib/wii/libwiiuse.a(io_wii.o)
                0x80009ab8                __wiiuse_sensorbar_enable
 .text.wiiuse_register
                0x80009b00       0xa4 /opt/devkitpro/libogc/lib/wii/libwiiuse.a(io_wii.o)
                0x80009b00                wiiuse_register
 .text.wiiuse_disconnect
                0x80009ba4       0x40 /opt/devkitpro/libogc/lib/wii/libwiiuse.a(io_wii.o)
                0x80009ba4                wiiuse_disconnect
 .text.wiiuse_init_cmd_queue
                0x80009be4       0x84 /opt/devkitpro/libogc/lib/wii/libwiiuse.a(io_wii.o)
                0x80009be4                wiiuse_init_cmd_queue
 .text.wiiuse_io_write
                0x80009c68       0x38 /opt/devkitpro/libogc/lib/wii/libwiiuse.a(io_wii.o)
                0x80009c68                wiiuse_io_write
 .text.get_ir_sens.isra.0
                0x80009ca0       0xe8 /opt/devkitpro/libogc/lib/wii/libwiiuse.a(ir.o)
 .text.rotate_dots
                0x80009d88      0x110 /opt/devkitpro/libogc/lib/wii/libwiiuse.a(ir.o)
 .text.wiiuse_set_ir_mode
                0x80009e98       0x60 /opt/devkitpro/libogc/lib/wii/libwiiuse.a(ir.o)
                0x80009e98                wiiuse_set_ir_mode
 .text.wiiuse_set_ir
                0x80009ef8      0x190 /opt/devkitpro/libogc/lib/wii/libwiiuse.a(ir.o)
                0x80009ef8                wiiuse_set_ir
 .text.wiiuse_set_ir_position
                0x8000a088       0x78 /opt/devkitpro/libogc/lib/wii/libwiiuse.a(ir.o)
                0x8000a088                wiiuse_set_ir_position
 .text.wiiuse_set_aspect_ratio
                0x8000a100       0x3c /opt/devkitpro/libogc/lib/wii/libwiiuse.a(ir.o)
                0x8000a100                wiiuse_set_aspect_ratio
 .text.wiiuse_set_ir_sensitivity
                0x8000a13c       0xf8 /opt/devkitpro/libogc/lib/wii/libwiiuse.a(ir.o)
                0x8000a13c                wiiuse_set_ir_sensitivity
 .text.calculate_basic_ir
                0x8000a234       0xfc /opt/devkitpro/libogc/lib/wii/libwiiuse.a(ir.o)
                0x8000a234                calculate_basic_ir
 .text.calculate_extended_ir
                0x8000a330       0x7c /opt/devkitpro/libogc/lib/wii/libwiiuse.a(ir.o)
                0x8000a330                calculate_extended_ir
 .text.find_sensorbar
                0x8000a3ac      0x7fc /opt/devkitpro/libogc/lib/wii/libwiiuse.a(ir.o)
                0x8000a3ac                find_sensorbar
 .text.apply_ir_smoothing
                0x8000aba8       0xd4 /opt/devkitpro/libogc/lib/wii/libwiiuse.a(ir.o)
                0x8000aba8                apply_ir_smoothing
 .text.calc_yaw
                0x8000ac7c       0x54 /opt/devkitpro/libogc/lib/wii/libwiiuse.a(ir.o)
                0x8000ac7c                calc_yaw
 .text.interpret_ir_data
                0x8000acd0      0x370 /opt/devkitpro/libogc/lib/wii/libwiiuse.a(ir.o)
                0x8000acd0                interpret_ir_data
 .text.nunchuk_handshake
                0x8000b040      0x228 /opt/devkitpro/libogc/lib/wii/libwiiuse.a(nunchuk.o)
                0x8000b040                nunchuk_handshake
 .text.nunchuk_disconnected
                0x8000b268       0x28 /opt/devkitpro/libogc/lib/wii/libwiiuse.a(nunchuk.o)
                0x8000b268                nunchuk_disconnected
 .text.nunchuk_event
                0x8000b290       0xe4 /opt/devkitpro/libogc/lib/wii/libwiiuse.a(nunchuk.o)
                0x8000b290                nunchuk_event
 .text.wii_board_handshake
                0x8000b374      0x170 /opt/devkitpro/libogc/lib/wii/libwiiuse.a(wiiboard.o)
                0x8000b374                wii_board_handshake
 .text.wii_board_disconnected
                0x8000b4e4       0x28 /opt/devkitpro/libogc/lib/wii/libwiiuse.a(wiiboard.o)
                0x8000b4e4                wii_board_disconnected
 .text.wii_board_event
                0x8000b50c       0x54 /opt/devkitpro/libogc/lib/wii/libwiiuse.a(wiiboard.o)
                0x8000b50c                wii_board_event
 .text.wiiuse_send_next_command
                0x8000b560       0x6c /opt/devkitpro/libogc/lib/wii/libwiiuse.a(wiiuse.o)
                0x8000b560                wiiuse_send_next_command
 .text.__wiiuse_push_command
                0x8000b5cc       0x94 /opt/devkitpro/libogc/lib/wii/libwiiuse.a(wiiuse.o)
 .text.wiiuse_init
                0x8000b660      0x154 /opt/devkitpro/libogc/lib/wii/libwiiuse.a(wiiuse.o)
                0x8000b660                wiiuse_init
 .text.wiiuse_set_flags
                0x8000b7b4       0x24 /opt/devkitpro/libogc/lib/wii/libwiiuse.a(wiiuse.o)
                0x8000b7b4                wiiuse_set_flags
 .text.wiiuse_read_data
                0x8000b7d8       0x94 /opt/devkitpro/libogc/lib/wii/libwiiuse.a(wiiuse.o)
                0x8000b7d8                wiiuse_read_data
 .text.wiiuse_write_data
                0x8000b86c       0xc0 /opt/devkitpro/libogc/lib/wii/libwiiuse.a(wiiuse.o)
                0x8000b86c                wiiuse_write_data
 .text.wiiuse_sendcmd
                0x8000b92c       0x90 /opt/devkitpro/libogc/lib/wii/libwiiuse.a(wiiuse.o)
                0x8000b92c                wiiuse_sendcmd
 .text.wiiuse_status
                0x8000b9bc       0x4c /opt/devkitpro/libogc/lib/wii/libwiiuse.a(wiiuse.o)
                0x8000b9bc                wiiuse_status
 .text.wiiuse_motion_sensing
                0x8000ba08       0x3c /opt/devkitpro/libogc/lib/wii/libwiiuse.a(wiiuse.o)
                0x8000ba08                wiiuse_motion_sensing
 .text.wiiuse_set_report_type
                0x8000ba44       0xd0 /opt/devkitpro/libogc/lib/wii/libwiiuse.a(wiiuse.o)
                0x8000ba44                wiiuse_set_report_type
 .text.wiiuse_set_leds
                0x8000bb14       0x50 /opt/devkitpro/libogc/lib/wii/libwiiuse.a(wiiuse.o)
                0x8000bb14                wiiuse_set_leds
 .text.wiiuse_set_speaker
                0x8000bb64      0x1e4 /opt/devkitpro/libogc/lib/wii/libwiiuse.a(speaker.o)
                0x8000bb64                wiiuse_set_speaker
 .text.classic_ctrl_handshake
                0x8000bd48      0x188 /opt/devkitpro/libogc/lib/wii/libwiiuse.a(classic.o)
                0x8000bd48                classic_ctrl_handshake
 .text.classic_ctrl_disconnected
                0x8000bed0       0x28 /opt/devkitpro/libogc/lib/wii/libwiiuse.a(classic.o)
                0x8000bed0                classic_ctrl_disconnected
 .text.classic_ctrl_event
                0x8000bef8       0xa4 /opt/devkitpro/libogc/lib/wii/libwiiuse.a(classic.o)
                0x8000bef8                classic_ctrl_event
 .text.handle_expansion
                0x8000bf9c       0x70 /opt/devkitpro/libogc/lib/wii/libwiiuse.a(events.o)
 .text.wiiuse_pressed_buttons
                0x8000c00c       0x2c /opt/devkitpro/libogc/lib/wii/libwiiuse.a(events.o)
                0x8000c00c                wiiuse_pressed_buttons
 .text.parse_event
                0x8000c038      0x540 /opt/devkitpro/libogc/lib/wii/libwiiuse.a(events.o)
                0x8000c038                parse_event
 .text.guitar_hero_3_handshake
                0x8000c578       0x68 /opt/devkitpro/libogc/lib/wii/libwiiuse.a(guitar_hero_3.o)
                0x8000c578                guitar_hero_3_handshake
 .text.guitar_hero_3_disconnected
                0x8000c5e0       0x28 /opt/devkitpro/libogc/lib/wii/libwiiuse.a(guitar_hero_3.o)
                0x8000c5e0                guitar_hero_3_disconnected
 .text.guitar_hero_3_event
                0x8000c608       0x68 /opt/devkitpro/libogc/lib/wii/libwiiuse.a(guitar_hero_3.o)
                0x8000c608                guitar_hero_3_event
 .text.acl_wlp_completed
                0x8000c670        0x8 /opt/devkitpro/libogc/lib/wii/libbte.a(bte.o)
                0x8000c670                acl_wlp_completed
 .text.__bte_cmdfinish
                0x8000c678       0x9c /opt/devkitpro/libogc/lib/wii/libbte.a(bte.o)
 .text.bte_hci_initsub_complete
                0x8000c714      0x12c /opt/devkitpro/libogc/lib/wii/libbte.a(bte.o)
                0x8000c714                bte_hci_initsub_complete
 .text.bte_hci_initcore_complete2
                0x8000c840       0xf0 /opt/devkitpro/libogc/lib/wii/libbte.a(bte.o)
                0x8000c840                bte_hci_initcore_complete2
 .text.bte_hci_patch_complete
                0x8000c930      0x1b0 /opt/devkitpro/libogc/lib/wii/libbte.a(bte.o)
                0x8000c930                bte_hci_patch_complete
 .text.bte_hci_apply_patch_complete
                0x8000cae0       0xa8 /opt/devkitpro/libogc/lib/wii/libbte.a(bte.o)
                0x8000cae0                bte_hci_apply_patch_complete
 .text.bte_hci_initcore_complete
                0x8000cb88      0x158 /opt/devkitpro/libogc/lib/wii/libbte.a(bte.o)
                0x8000cb88                bte_hci_initcore_complete
 .text.__bte_close_ctrl_queue
                0x8000cce0       0x80 /opt/devkitpro/libogc/lib/wii/libbte.a(bte.o)
 .text.__bte_send_pending_request
                0x8000cd60       0xb8 /opt/devkitpro/libogc/lib/wii/libbte.a(bte.o)
 .text.l2cap_disconnect_cfm
                0x8000ce18       0xe0 /opt/devkitpro/libogc/lib/wii/libbte.a(bte.o)
                0x8000ce18                l2cap_disconnect_cfm
 .text.acl_conn_complete
                0x8000cef8       0x2c /opt/devkitpro/libogc/lib/wii/libbte.a(bte.o)
                0x8000cef8                acl_conn_complete
 .text.__bte_shutdown_finished
                0x8000cf24       0x5c /opt/devkitpro/libogc/lib/wii/libbte.a(bte.o)
 .text.bt_alarmhandler
                0x8000cf80       0x60 /opt/devkitpro/libogc/lib/wii/libbte.a(bte.o)
 .text.bte_read_stored_link_key_complete
                0x8000cfe0      0x108 /opt/devkitpro/libogc/lib/wii/libbte.a(bte.o)
                0x8000cfe0                bte_read_stored_link_key_complete
 .text.l2cap_accepted
                0x8000d0e8       0xd8 /opt/devkitpro/libogc/lib/wii/libbte.a(bte.o)
                0x8000d0e8                l2cap_accepted
 .text.l2cap_disconnected_ind
                0x8000d1c0       0xb8 /opt/devkitpro/libogc/lib/wii/libbte.a(bte.o)
                0x8000d1c0                l2cap_disconnected_ind
 .text.bte_process_input
                0x8000d278       0xf4 /opt/devkitpro/libogc/lib/wii/libbte.a(bte.o)
 .text.__bte_waitcmdfinish.constprop.6
                0x8000d36c       0x78 /opt/devkitpro/libogc/lib/wii/libbte.a(bte.o)
 .text.BTE_Init
                0x8000d3e4      0x108 /opt/devkitpro/libogc/lib/wii/libbte.a(bte.o)
                0x8000d3e4                BTE_Init
 .text.BTE_Shutdown
                0x8000d4ec       0x94 /opt/devkitpro/libogc/lib/wii/libbte.a(bte.o)
                0x8000d4ec                BTE_Shutdown
 .text.BTE_InitCore
                0x8000d580       0x7c /opt/devkitpro/libogc/lib/wii/libbte.a(bte.o)
                0x8000d580                BTE_InitCore
 .text.BTE_ApplyPatch
                0x8000d5fc       0x98 /opt/devkitpro/libogc/lib/wii/libbte.a(bte.o)
                0x8000d5fc                BTE_ApplyPatch
 .text.BTE_InitSub
                0x8000d694       0x80 /opt/devkitpro/libogc/lib/wii/libbte.a(bte.o)
                0x8000d694                BTE_InitSub
 .text.BTE_ReadStoredLinkKey
                0x8000d714       0x80 /opt/devkitpro/libogc/lib/wii/libbte.a(bte.o)
                0x8000d714                BTE_ReadStoredLinkKey
 .text.BTE_SetDisconnectCallback
                0x8000d794       0x20 /opt/devkitpro/libogc/lib/wii/libbte.a(bte.o)
                0x8000d794                BTE_SetDisconnectCallback
 .text.bte_new  0x8000d7b4       0x4c /opt/devkitpro/libogc/lib/wii/libbte.a(bte.o)
                0x8000d7b4                bte_new
 .text.bte_registerdeviceasync
                0x8000d800      0x124 /opt/devkitpro/libogc/lib/wii/libbte.a(bte.o)
                0x8000d800                bte_registerdeviceasync
 .text.bte_disconnect
                0x8000d924       0x9c /opt/devkitpro/libogc/lib/wii/libbte.a(bte.o)
                0x8000d924                bte_disconnect
 .text.bte_senddata
                0x8000d9c0       0xb0 /opt/devkitpro/libogc/lib/wii/libbte.a(bte.o)
                0x8000d9c0                bte_senddata
 .text.bte_arg  0x8000da70       0x3c /opt/devkitpro/libogc/lib/wii/libbte.a(bte.o)
                0x8000da70                bte_arg
 .text.bte_received
                0x8000daac       0x3c /opt/devkitpro/libogc/lib/wii/libbte.a(bte.o)
                0x8000daac                bte_received
 .text.bte_disconnected
                0x8000dae8       0x3c /opt/devkitpro/libogc/lib/wii/libbte.a(bte.o)
                0x8000dae8                bte_disconnected
 .text.hci_init
                0x8000db24       0x78 /opt/devkitpro/libogc/lib/wii/libbte.a(hci.o)
                0x8000db24                hci_init
 .text.hci_new  0x8000db9c       0x3c /opt/devkitpro/libogc/lib/wii/libbte.a(hci.o)
                0x8000db9c                hci_new
 .text.hci_get_link
                0x8000dbd8       0x7c /opt/devkitpro/libogc/lib/wii/libbte.a(hci.o)
                0x8000dbd8                hci_get_link
 .text.hci_close
                0x8000dc54       0xcc /opt/devkitpro/libogc/lib/wii/libbte.a(hci.o)
                0x8000dc54                hci_close
 .text.hci_reset_all
                0x8000dd20       0x9c /opt/devkitpro/libogc/lib/wii/libbte.a(hci.o)
                0x8000dd20                hci_reset_all
 .text.hci_arg  0x8000ddbc        0xc /opt/devkitpro/libogc/lib/wii/libbte.a(hci.o)
                0x8000ddbc                hci_arg
 .text.hci_cmd_complete
                0x8000ddc8        0xc /opt/devkitpro/libogc/lib/wii/libbte.a(hci.o)
                0x8000ddc8                hci_cmd_complete
 .text.hci_connection_complete
                0x8000ddd4        0xc /opt/devkitpro/libogc/lib/wii/libbte.a(hci.o)
                0x8000ddd4                hci_connection_complete
 .text.hci_wlp_complete
                0x8000dde0        0xc /opt/devkitpro/libogc/lib/wii/libbte.a(hci.o)
                0x8000dde0                hci_wlp_complete
 .text.hci_cmd_ass
                0x8000ddec       0x48 /opt/devkitpro/libogc/lib/wii/libbte.a(hci.o)
                0x8000ddec                hci_cmd_ass
 .text.hci_reset
                0x8000de34       0x64 /opt/devkitpro/libogc/lib/wii/libbte.a(hci.o)
                0x8000de34                hci_reset
 .text.hci_read_buffer_size
                0x8000de98       0x64 /opt/devkitpro/libogc/lib/wii/libbte.a(hci.o)
                0x8000de98                hci_read_buffer_size
 .text.hci_read_bd_addr
                0x8000defc       0x64 /opt/devkitpro/libogc/lib/wii/libbte.a(hci.o)
                0x8000defc                hci_read_bd_addr
 .text.hci_read_local_version
                0x8000df60       0x64 /opt/devkitpro/libogc/lib/wii/libbte.a(hci.o)
                0x8000df60                hci_read_local_version
 .text.hci_read_local_features
                0x8000dfc4       0x64 /opt/devkitpro/libogc/lib/wii/libbte.a(hci.o)
                0x8000dfc4                hci_read_local_features
 .text.hci_read_stored_link_key
                0x8000e028       0xac /opt/devkitpro/libogc/lib/wii/libbte.a(hci.o)
                0x8000e028                hci_read_stored_link_key
 .text.hci_write_page_timeout
                0x8000e0d4       0x7c /opt/devkitpro/libogc/lib/wii/libbte.a(hci.o)
                0x8000e0d4                hci_write_page_timeout
 .text.hci_write_scan_enable
                0x8000e150       0x6c /opt/devkitpro/libogc/lib/wii/libbte.a(hci.o)
                0x8000e150                hci_write_scan_enable
 .text.hci_accecpt_conn_request
                0x8000e1bc       0x80 /opt/devkitpro/libogc/lib/wii/libbte.a(hci.o)
                0x8000e1bc                hci_accecpt_conn_request
 .text.hci_write_local_name
                0x8000e23c       0x80 /opt/devkitpro/libogc/lib/wii/libbte.a(hci.o)
                0x8000e23c                hci_write_local_name
 .text.hci_write_pin_type
                0x8000e2bc       0x6c /opt/devkitpro/libogc/lib/wii/libbte.a(hci.o)
                0x8000e2bc                hci_write_pin_type
 .text.hci_write_inquiry_mode
                0x8000e328       0x6c /opt/devkitpro/libogc/lib/wii/libbte.a(hci.o)
                0x8000e328                hci_write_inquiry_mode
 .text.hci_write_page_scan_type
                0x8000e394       0x6c /opt/devkitpro/libogc/lib/wii/libbte.a(hci.o)
                0x8000e394                hci_write_page_scan_type
 .text.hci_write_inquiry_scan_type
                0x8000e400       0x6c /opt/devkitpro/libogc/lib/wii/libbte.a(hci.o)
                0x8000e400                hci_write_inquiry_scan_type
 .text.hci_vendor_specific_command
                0x8000e46c       0x8c /opt/devkitpro/libogc/lib/wii/libbte.a(hci.o)
                0x8000e46c                hci_vendor_specific_command
 .text.hci_write_link_policy_settings
                0x8000e4f8       0xa0 /opt/devkitpro/libogc/lib/wii/libbte.a(hci.o)
                0x8000e4f8                hci_write_link_policy_settings
 .text.hci_pin_code_request_neg_reply
                0x8000e598       0x74 /opt/devkitpro/libogc/lib/wii/libbte.a(hci.o)
                0x8000e598                hci_pin_code_request_neg_reply
 .text.hci_disconnect
                0x8000e60c       0x98 /opt/devkitpro/libogc/lib/wii/libbte.a(hci.o)
                0x8000e60c                hci_disconnect
 .text.hci_write_cod
                0x8000e6a4       0x78 /opt/devkitpro/libogc/lib/wii/libbte.a(hci.o)
                0x8000e6a4                hci_write_cod
 .text.hci_host_buffer_size
                0x8000e71c       0xb4 /opt/devkitpro/libogc/lib/wii/libbte.a(hci.o)
                0x8000e71c                hci_host_buffer_size
 .text.hci_host_num_comp_packets
                0x8000e7d0       0xac /opt/devkitpro/libogc/lib/wii/libbte.a(hci.o)
                0x8000e7d0                hci_host_num_comp_packets
 .text.lp_pdu_maxsize
                0x8000e87c        0xc /opt/devkitpro/libogc/lib/wii/libbte.a(hci.o)
                0x8000e87c                lp_pdu_maxsize
 .text.lp_acl_write
                0x8000e888      0x114 /opt/devkitpro/libogc/lib/wii/libbte.a(hci.o)
                0x8000e888                lp_acl_write
 .text.lp_write_flush_timeout
                0x8000e99c       0xa0 /opt/devkitpro/libogc/lib/wii/libbte.a(hci.o)
                0x8000e99c                lp_write_flush_timeout
 .text.hci_event_handler
                0x8000ea3c      0xa6c /opt/devkitpro/libogc/lib/wii/libbte.a(hci.o)
                0x8000ea3c                hci_event_handler
 .text.hci_acldata_handler
                0x8000f4a8       0xdc /opt/devkitpro/libogc/lib/wii/libbte.a(hci.o)
                0x8000f4a8                hci_acldata_handler
 .text.l2cap_cid_alloc
                0x8000f584       0x4c /opt/devkitpro/libogc/lib/wii/libbte.a(l2cap.o)
 .text.l2cap_init
                0x8000f5d0       0x60 /opt/devkitpro/libogc/lib/wii/libbte.a(l2cap.o)
                0x8000f5d0                l2cap_init
 .text.l2cap_write
                0x8000f630       0xe0 /opt/devkitpro/libogc/lib/wii/libbte.a(l2cap.o)
                0x8000f630                l2cap_write
 .text.l2cap_new
                0x8000f710       0x6c /opt/devkitpro/libogc/lib/wii/libbte.a(l2cap.o)
                0x8000f710                l2cap_new
 .text.l2cap_close
                0x8000f77c      0x15c /opt/devkitpro/libogc/lib/wii/libbte.a(l2cap.o)
                0x8000f77c                l2cap_close
 .text.l2cap_reset_all
                0x8000f8d8      0x104 /opt/devkitpro/libogc/lib/wii/libbte.a(l2cap.o)
                0x8000f8d8                l2cap_reset_all
 .text.l2cap_rexmit_signal
                0x8000f9dc       0x10 /opt/devkitpro/libogc/lib/wii/libbte.a(l2cap.o)
                0x8000f9dc                l2cap_rexmit_signal
 .text.l2ca_datawrite
                0x8000f9ec       0xe8 /opt/devkitpro/libogc/lib/wii/libbte.a(l2cap.o)
                0x8000f9ec                l2ca_datawrite
 .text.lp_connect_ind
                0x8000fad4        0x4 /opt/devkitpro/libogc/lib/wii/libbte.a(l2cap.o)
                0x8000fad4                lp_connect_ind
 .text.lp_disconnect_ind
                0x8000fad8       0xe4 /opt/devkitpro/libogc/lib/wii/libbte.a(l2cap.o)
                0x8000fad8                lp_disconnect_ind
 .text.l2cap_disconnect_bb
                0x8000fbbc       0x10 /opt/devkitpro/libogc/lib/wii/libbte.a(l2cap.o)
                0x8000fbbc                l2cap_disconnect_bb
 .text.l2cap_next_sigid
                0x8000fbcc       0x28 /opt/devkitpro/libogc/lib/wii/libbte.a(l2cap.o)
                0x8000fbcc                l2cap_next_sigid
 .text.l2cap_signal
                0x8000fbf4      0x184 /opt/devkitpro/libogc/lib/wii/libbte.a(l2cap.o)
                0x8000fbf4                l2cap_signal
 .text.lp_connect_cfm
                0x8000fd78      0x130 /opt/devkitpro/libogc/lib/wii/libbte.a(l2cap.o)
                0x8000fd78                lp_connect_cfm
 .text.l2ca_disconnect_req
                0x8000fea8       0xac /opt/devkitpro/libogc/lib/wii/libbte.a(l2cap.o)
                0x8000fea8                l2ca_disconnect_req
 .text.l2cap_tmr
                0x8000ff54      0x1e8 /opt/devkitpro/libogc/lib/wii/libbte.a(l2cap.o)
                0x8000ff54                l2cap_tmr
 .text.l2ca_config_req
                0x8001013c      0x108 /opt/devkitpro/libogc/lib/wii/libbte.a(l2cap.o)
                0x8001013c                l2ca_config_req
 .text.l2cap_process_sig
                0x80010244     0x1078 /opt/devkitpro/libogc/lib/wii/libbte.a(l2cap.o)
                0x80010244                l2cap_process_sig
 .text.l2cap_input
                0x800112bc      0x4e8 /opt/devkitpro/libogc/lib/wii/libbte.a(l2cap.o)
                0x800112bc                l2cap_input
 .text.l2cap_arg
                0x800117a4        0x8 /opt/devkitpro/libogc/lib/wii/libbte.a(l2cap.o)
                0x800117a4                l2cap_arg
 .text.l2cap_connect_ind
                0x800117ac       0xd8 /opt/devkitpro/libogc/lib/wii/libbte.a(l2cap.o)
                0x800117ac                l2cap_connect_ind
 .text.l2cap_disconnect_ind
                0x80011884        0x8 /opt/devkitpro/libogc/lib/wii/libbte.a(l2cap.o)
                0x80011884                l2cap_disconnect_ind
 .text.l2cap_recv
                0x8001188c        0x8 /opt/devkitpro/libogc/lib/wii/libbte.a(l2cap.o)
                0x8001188c                l2cap_recv
 .text.btmemb_init
                0x80011894       0x40 /opt/devkitpro/libogc/lib/wii/libbte.a(btmemb.o)
                0x80011894                btmemb_init
 .text.btmemb_alloc
                0x800118d4       0x9c /opt/devkitpro/libogc/lib/wii/libbte.a(btmemb.o)
                0x800118d4                btmemb_alloc
 .text.btmemb_free
                0x80011970       0xa4 /opt/devkitpro/libogc/lib/wii/libbte.a(btmemb.o)
                0x80011970                btmemb_free
 .text.plug_holes
                0x80011a14       0xb8 /opt/devkitpro/libogc/lib/wii/libbte.a(btmemr.o)
 .text.btmemr_init
                0x80011acc       0x8c /opt/devkitpro/libogc/lib/wii/libbte.a(btmemr.o)
                0x80011acc                btmemr_init
 .text.btmemr_malloc
                0x80011b58      0x164 /opt/devkitpro/libogc/lib/wii/libbte.a(btmemr.o)
                0x80011b58                btmemr_malloc
 .text.btmemr_free
                0x80011cbc       0x94 /opt/devkitpro/libogc/lib/wii/libbte.a(btmemr.o)
                0x80011cbc                btmemr_free
 .text.btmemr_realloc
                0x80011d50       0xf0 /opt/devkitpro/libogc/lib/wii/libbte.a(btmemr.o)
                0x80011d50                btmemr_realloc
 .text.btpbuf_init
                0x80011e40       0x2c /opt/devkitpro/libogc/lib/wii/libbte.a(btpbuf.o)
                0x80011e40                btpbuf_init
 .text.btpbuf_free
                0x80011e6c       0xc4 /opt/devkitpro/libogc/lib/wii/libbte.a(btpbuf.o)
                0x80011e6c                btpbuf_free
 .text.btpbuf_alloc
                0x80011f30      0x1d0 /opt/devkitpro/libogc/lib/wii/libbte.a(btpbuf.o)
                0x80011f30                btpbuf_alloc
 .text.btpbuf_realloc
                0x80012100       0xa4 /opt/devkitpro/libogc/lib/wii/libbte.a(btpbuf.o)
                0x80012100                btpbuf_realloc
 .text.btpbuf_header
                0x800121a4       0x98 /opt/devkitpro/libogc/lib/wii/libbte.a(btpbuf.o)
                0x800121a4                btpbuf_header
 .text.btpbuf_ref
                0x8001223c       0x4c /opt/devkitpro/libogc/lib/wii/libbte.a(btpbuf.o)
                0x8001223c                btpbuf_ref
 .text.btpbuf_cat
                0x80012288       0x48 /opt/devkitpro/libogc/lib/wii/libbte.a(btpbuf.o)
                0x80012288                btpbuf_cat
 .text.btpbuf_chain
                0x800122d0       0x34 /opt/devkitpro/libogc/lib/wii/libbte.a(btpbuf.o)
                0x800122d0                btpbuf_chain
 .text.btpbuf_dechain
                0x80012304       0x60 /opt/devkitpro/libogc/lib/wii/libbte.a(btpbuf.o)
                0x80012304                btpbuf_dechain
 .text.btpbuf_take
                0x80012364       0xe8 /opt/devkitpro/libogc/lib/wii/libbte.a(btpbuf.o)
                0x80012364                btpbuf_take
 .text.__usb_closeCB
                0x8001244c       0x10 /opt/devkitpro/libogc/lib/wii/libbte.a(physbusif.o)
 .text.__writebulkmsgCB
                0x8001245c       0x34 /opt/devkitpro/libogc/lib/wii/libbte.a(physbusif.o)
 .text.__writectrlmsgCB
                0x80012490       0x34 /opt/devkitpro/libogc/lib/wii/libbte.a(physbusif.o)
 .text.__initUsbIOBuffer
                0x800124c4       0x78 /opt/devkitpro/libogc/lib/wii/libbte.a(physbusif.o)
 .text.__issue_intrread.part.0
                0x8001253c       0x7c /opt/devkitpro/libogc/lib/wii/libbte.a(physbusif.o)
 .text.__readintrdataCB
                0x800125b8       0xf0 /opt/devkitpro/libogc/lib/wii/libbte.a(physbusif.o)
 .text.__issue_bulkread.part.2
                0x800126a8       0x7c /opt/devkitpro/libogc/lib/wii/libbte.a(physbusif.o)
 .text.__readbulkdataCB
                0x80012724       0xf0 /opt/devkitpro/libogc/lib/wii/libbte.a(physbusif.o)
 .text.physbusif_init
                0x80012814      0x15c /opt/devkitpro/libogc/lib/wii/libbte.a(physbusif.o)
                0x80012814                physbusif_init
 .text.physbusif_close
                0x80012970       0x28 /opt/devkitpro/libogc/lib/wii/libbte.a(physbusif.o)
                0x80012970                physbusif_close
 .text.physbusif_shutdown
                0x80012998       0x40 /opt/devkitpro/libogc/lib/wii/libbte.a(physbusif.o)
                0x80012998                physbusif_shutdown
 .text.physbusif_reset_all
                0x800129d8        0x4 /opt/devkitpro/libogc/lib/wii/libbte.a(physbusif.o)
                0x800129d8                physbusif_reset_all
 .text.physbusif_output
                0x800129dc      0x140 /opt/devkitpro/libogc/lib/wii/libbte.a(physbusif.o)
                0x800129dc                physbusif_output
 .text.__lwp_queue_initialize
                0x80012b1c       0x3c /opt/devkitpro/libogc/lib/wii/libogc.a(lwp_queue.o)
                0x80012b1c                __lwp_queue_initialize
 .text.__lwp_queue_get
                0x80012b58       0x64 /opt/devkitpro/libogc/lib/wii/libogc.a(lwp_queue.o)
                0x80012b58                __lwp_queue_get
 .text.__lwp_queue_append
                0x80012bbc       0x50 /opt/devkitpro/libogc/lib/wii/libogc.a(lwp_queue.o)
                0x80012bbc                __lwp_queue_append
 .text.__lwp_priomap_addto
                0x80012c0c       0x28 /opt/devkitpro/libogc/lib/wii/libogc.a(lwp_threads.o)
 .text.__lwp_thread_calcheir
                0x80012c34       0x3c /opt/devkitpro/libogc/lib/wii/libogc.a(lwp_threads.o)
 .text.__lwp_thread_dispatchunnest
                0x80012c70       0x10 /opt/devkitpro/libogc/lib/wii/libogc.a(lwp_threads.o)
 .text.__lwp_priomap_removefrom
                0x80012c80       0x38 /opt/devkitpro/libogc/lib/wii/libogc.a(lwp_threads.o)
 .text.__lwp_wd_insert_ticks.constprop.4
                0x80012cb8       0x60 /opt/devkitpro/libogc/lib/wii/libogc.a(lwp_threads.o)
 .text.__lwp_isr_in_progress
                0x80012d18        0x8 /opt/devkitpro/libogc/lib/wii/libogc.a(lwp_threads.o)
                0x80012d18                __lwp_isr_in_progress
 .text.__thread_dispatch_fp
                0x80012d20       0x7c /opt/devkitpro/libogc/lib/wii/libogc.a(lwp_threads.o)
                0x80012d20                __thread_dispatch_fp
 .text.__thread_dispatch
                0x80012d9c       0xe0 /opt/devkitpro/libogc/lib/wii/libogc.a(lwp_threads.o)
                0x80012d9c                __thread_dispatch
 .text.__lwp_thread_dispatchenable
                0x80012e7c       0x18 /opt/devkitpro/libogc/lib/wii/libogc.a(lwp_threads.o)
 .text.__lwp_thread_resettimeslice
                0x80012e94       0xcc /opt/devkitpro/libogc/lib/wii/libogc.a(lwp_threads.o)
                0x80012e94                __lwp_thread_resettimeslice
 .text.__lwp_thread_tickle_timeslice
                0x80012f60       0x80 /opt/devkitpro/libogc/lib/wii/libogc.a(lwp_threads.o)
                0x80012f60                __lwp_thread_tickle_timeslice
 .text.__lwp_thread_setstate
                0x80012fe0       0xf8 /opt/devkitpro/libogc/lib/wii/libogc.a(lwp_threads.o)
                0x80012fe0                __lwp_thread_setstate
 .text.__lwp_thread_clearstate
                0x800130d8       0xe8 /opt/devkitpro/libogc/lib/wii/libogc.a(lwp_threads.o)
                0x800130d8                __lwp_thread_clearstate
 .text.__lwp_thread_delayended
                0x800131c0       0x4c /opt/devkitpro/libogc/lib/wii/libogc.a(lwp_threads.o)
                0x800131c0                __lwp_thread_delayended
 .text.__lwp_thread_setpriority
                0x8001320c       0x5c /opt/devkitpro/libogc/lib/wii/libogc.a(lwp_threads.o)
                0x8001320c                __lwp_thread_setpriority
 .text.__lwp_thread_suspend
                0x80013268      0x108 /opt/devkitpro/libogc/lib/wii/libogc.a(lwp_threads.o)
                0x80013268                __lwp_thread_suspend
 .text.__lwp_thread_settransient
                0x80013370       0xa8 /opt/devkitpro/libogc/lib/wii/libogc.a(lwp_threads.o)
                0x80013370                __lwp_thread_settransient
 .text.__lwp_thread_changepriority
                0x80013418      0x118 /opt/devkitpro/libogc/lib/wii/libogc.a(lwp_threads.o)
                0x80013418                __lwp_thread_changepriority
 .text.__lwp_thread_resume
                0x80013530      0x12c /opt/devkitpro/libogc/lib/wii/libogc.a(lwp_threads.o)
                0x80013530                __lwp_thread_resume
 .text.__lwp_thread_loadenv
                0x8001365c       0x78 /opt/devkitpro/libogc/lib/wii/libogc.a(lwp_threads.o)
                0x8001365c                __lwp_thread_loadenv
 .text.__lwp_thread_ready
                0x800136d4       0xc0 /opt/devkitpro/libogc/lib/wii/libogc.a(lwp_threads.o)
                0x800136d4                __lwp_thread_ready
 .text.__lwp_thread_init
                0x80013794       0xf8 /opt/devkitpro/libogc/lib/wii/libogc.a(lwp_threads.o)
                0x80013794                __lwp_thread_init
 .text.__lwp_thread_close
                0x8001388c      0x108 /opt/devkitpro/libogc/lib/wii/libogc.a(lwp_threads.o)
                0x8001388c                __lwp_thread_close
 .text.__lwp_thread_closeall
                0x80013994       0x9c /opt/devkitpro/libogc/lib/wii/libogc.a(lwp_threads.o)
                0x80013994                __lwp_thread_closeall
 .text.__lwp_thread_exit
                0x80013a30       0x38 /opt/devkitpro/libogc/lib/wii/libogc.a(lwp_threads.o)
                0x80013a30                __lwp_thread_exit
 .text.__lwp_thread_handler
                0x80013a68       0x68 /opt/devkitpro/libogc/lib/wii/libogc.a(lwp_threads.o)
 .text.__lwp_thread_start
                0x80013ad0       0x58 /opt/devkitpro/libogc/lib/wii/libogc.a(lwp_threads.o)
                0x80013ad0                __lwp_thread_start
 .text.__lwp_thread_startmultitasking
                0x80013b28       0x64 /opt/devkitpro/libogc/lib/wii/libogc.a(lwp_threads.o)
                0x80013b28                __lwp_thread_startmultitasking
 .text.__lwp_thread_stopmultitasking
                0x80013b8c       0x5c /opt/devkitpro/libogc/lib/wii/libogc.a(lwp_threads.o)
                0x80013b8c                __lwp_thread_stopmultitasking
 .text.__lwp_thread_coreinit
                0x80013be8       0xd8 /opt/devkitpro/libogc/lib/wii/libogc.a(lwp_threads.o)
                0x80013be8                __lwp_thread_coreinit
 .text.__lwp_objmgr_open
                0x80013cc0       0x20 /opt/devkitpro/libogc/lib/wii/libogc.a(lwp.o)
 .text.__lwp_thread_dispatchdisable
                0x80013ce0       0x10 /opt/devkitpro/libogc/lib/wii/libogc.a(lwp.o)
 .text.idle_func
                0x80013cf0        0x4 /opt/devkitpro/libogc/lib/wii/libogc.a(lwp.o)
 .text.__lwp_thread_dispatchenable
                0x80013cf4       0x34 /opt/devkitpro/libogc/lib/wii/libogc.a(lwp.o)
 .text.__lwp_tqueue_open
                0x80013d28       0x48 /opt/devkitpro/libogc/lib/wii/libogc.a(lwp.o)
 .text.__lwp_cntrl_open
                0x80013d70       0x48 /opt/devkitpro/libogc/lib/wii/libogc.a(lwp.o)
 .text.__lwp_sysinit
                0x80013db8       0xec /opt/devkitpro/libogc/lib/wii/libogc.a(lwp.o)
                0x80013db8                __lwp_sysinit
 .text.LWP_SuspendThread
                0x80013ea4       0x54 /opt/devkitpro/libogc/lib/wii/libogc.a(lwp.o)
                0x80013ea4                LWP_SuspendThread
 .text.LWP_ResumeThread
                0x80013ef8       0x58 /opt/devkitpro/libogc/lib/wii/libogc.a(lwp.o)
                0x80013ef8                LWP_ResumeThread
 .text.LWP_GetSelf
                0x80013f50       0x38 /opt/devkitpro/libogc/lib/wii/libogc.a(lwp.o)
                0x80013f50                LWP_GetSelf
 .text.LWP_InitQueue
                0x80013f88       0x84 /opt/devkitpro/libogc/lib/wii/libogc.a(lwp.o)
                0x80013f88                LWP_InitQueue
 .text.LWP_CloseQueue
                0x8001400c       0x68 /opt/devkitpro/libogc/lib/wii/libogc.a(lwp.o)
                0x8001400c                LWP_CloseQueue
 .text.LWP_ThreadSleep
                0x80014074       0xa0 /opt/devkitpro/libogc/lib/wii/libogc.a(lwp.o)
                0x80014074                LWP_ThreadSleep
 .text.LWP_ThreadBroadcast
                0x80014114       0x50 /opt/devkitpro/libogc/lib/wii/libogc.a(lwp.o)
                0x80014114                LWP_ThreadBroadcast
 .text.LWP_ThreadSignal
                0x80014164       0x40 /opt/devkitpro/libogc/lib/wii/libogc.a(lwp.o)
                0x80014164                LWP_ThreadSignal
 .text.__lwp_stack_allocate
                0x800141a4       0x50 /opt/devkitpro/libogc/lib/wii/libogc.a(lwp_stack.o)
                0x800141a4                __lwp_stack_allocate
 .text.__lwp_stack_free
                0x800141f4       0x3c /opt/devkitpro/libogc/lib/wii/libogc.a(lwp_stack.o)
                0x800141f4                __lwp_stack_free
 .text.__lwp_wd_settimer.isra.3
                0x80014230       0xb4 /opt/devkitpro/libogc/lib/wii/libogc.a(lwp_watchdog.o)
 .text.__lwp_watchdog_init
                0x800142e4       0x2c /opt/devkitpro/libogc/lib/wii/libogc.a(lwp_watchdog.o)
                0x800142e4                __lwp_watchdog_init
 .text.__lwp_wd_insert
                0x80014310      0x150 /opt/devkitpro/libogc/lib/wii/libogc.a(lwp_watchdog.o)
                0x80014310                __lwp_wd_insert
 .text.__lwp_wd_remove
                0x80014460       0xd0 /opt/devkitpro/libogc/lib/wii/libogc.a(lwp_watchdog.o)
                0x80014460                __lwp_wd_remove
 .text.__lwp_wd_tickle
                0x80014530       0xfc /opt/devkitpro/libogc/lib/wii/libogc.a(lwp_watchdog.o)
                0x80014530                __lwp_wd_tickle
 .text.__lwp_wkspace_init
                0x8001462c       0xa0 /opt/devkitpro/libogc/lib/wii/libogc.a(lwp_wkspace.o)
                0x8001462c                __lwp_wkspace_init
 .text.__lwp_objmgr_initinfo
                0x800146cc      0x148 /opt/devkitpro/libogc/lib/wii/libogc.a(lwp_objmgr.o)
                0x800146cc                __lwp_objmgr_initinfo
 .text.__lwp_objmgr_getisrdisable
                0x80014814       0x68 /opt/devkitpro/libogc/lib/wii/libogc.a(lwp_objmgr.o)
                0x80014814                __lwp_objmgr_getisrdisable
 .text.__lwp_objmgr_getnoprotection
                0x8001487c       0x24 /opt/devkitpro/libogc/lib/wii/libogc.a(lwp_objmgr.o)
                0x8001487c                __lwp_objmgr_getnoprotection
 .text.__lwp_objmgr_get
                0x800148a0       0x68 /opt/devkitpro/libogc/lib/wii/libogc.a(lwp_objmgr.o)
                0x800148a0                __lwp_objmgr_get
 .text.__lwp_objmgr_allocate
                0x80014908       0x78 /opt/devkitpro/libogc/lib/wii/libogc.a(lwp_objmgr.o)
                0x80014908                __lwp_objmgr_allocate
 .text.__lwp_objmgr_free
                0x80014980       0x60 /opt/devkitpro/libogc/lib/wii/libogc.a(lwp_objmgr.o)
                0x80014980                __lwp_objmgr_free
 .text.__lwp_heap_init
                0x800149e0       0xb0 /opt/devkitpro/libogc/lib/wii/libogc.a(lwp_heap.o)
                0x800149e0                __lwp_heap_init
 .text.__lwp_heap_allocate
                0x80014a90      0x130 /opt/devkitpro/libogc/lib/wii/libogc.a(lwp_heap.o)
                0x80014a90                __lwp_heap_allocate
 .text.__lwp_heap_free
                0x80014bc0      0x1d8 /opt/devkitpro/libogc/lib/wii/libogc.a(lwp_heap.o)
                0x80014bc0                __lwp_heap_free
 .text.__SetInterrupts
                0x80014d98      0x288 /opt/devkitpro/libogc/lib/wii/libogc.a(irq.o)
 .text.c_irqdispatcher
                0x80015020      0x28c /opt/devkitpro/libogc/lib/wii/libogc.a(irq.o)
                0x80015020                c_irqdispatcher
 .text.__UnmaskIrq
                0x800152ac       0x7c /opt/devkitpro/libogc/lib/wii/libogc.a(irq.o)
                0x800152ac                __UnmaskIrq
 .text.__MaskIrq
                0x80015328       0x7c /opt/devkitpro/libogc/lib/wii/libogc.a(irq.o)
                0x80015328                __MaskIrq
 .text.__irq_init
                0x800153a4       0x94 /opt/devkitpro/libogc/lib/wii/libogc.a(irq.o)
                0x800153a4                __irq_init
 .text.IRQ_Request
                0x80015438       0x54 /opt/devkitpro/libogc/lib/wii/libogc.a(irq.o)
                0x80015438                IRQ_Request
 .text.IRQ_GetHandler
                0x8001548c       0x48 /opt/devkitpro/libogc/lib/wii/libogc.a(irq.o)
                0x8001548c                IRQ_GetHandler
 .text.IRQ_Disable
                0x800154d4       0x24 /opt/devkitpro/libogc/lib/wii/libogc.a(irq.o)
                0x800154d4                IRQ_Disable
 .text.IRQ_Restore
                0x800154f8       0x1c /opt/devkitpro/libogc/lib/wii/libogc.a(irq.o)
                0x800154f8                IRQ_Restore
 .text.__viOpenI2C
                0x80015514       0x24 /opt/devkitpro/libogc/lib/wii/libogc.a(video.o)
 .text.__viSetSCL
                0x80015538       0x24 /opt/devkitpro/libogc/lib/wii/libogc.a(video.o)
 .text.__viSetSDA
                0x8001555c       0x24 /opt/devkitpro/libogc/lib/wii/libogc.a(video.o)
 .text.__setVerticalRegs
                0x80015580       0xc0 /opt/devkitpro/libogc/lib/wii/libogc.a(video.o)
 .text.__adjustPosition
                0x80015640      0x174 /opt/devkitpro/libogc/lib/wii/libogc.a(video.o)
 .text.__getCurrentHalfLine
                0x800157b4       0x58 /opt/devkitpro/libogc/lib/wii/libogc.a(video.o)
 .text.__setFbbRegs.constprop.3
                0x8001580c      0x1e8 /opt/devkitpro/libogc/lib/wii/libogc.a(video.o)
 .text.__VISendI2CData.constprop.5
                0x800159f4      0x278 /opt/devkitpro/libogc/lib/wii/libogc.a(video.o)
 .text.__VIWriteI2CRegister8
                0x80015c6c       0x38 /opt/devkitpro/libogc/lib/wii/libogc.a(video.o)
 .text.__VISetYUVSEL
                0x80015ca4       0x54 /opt/devkitpro/libogc/lib/wii/libogc.a(video.o)
 .text.__VIWriteI2CRegisterBuf
                0x80015cf8       0x48 /opt/devkitpro/libogc/lib/wii/libogc.a(video.o)
 .text.__VIWriteI2CRegister16
                0x80015d40       0x40 /opt/devkitpro/libogc/lib/wii/libogc.a(video.o)
 .text.VIDEO_Configure
                0x80015d80      0x3e4 /opt/devkitpro/libogc/lib/wii/libogc.a(video.o)
                0x80015d80                VIDEO_Configure
 .text.VIDEO_WaitVSync
                0x80016164       0x68 /opt/devkitpro/libogc/lib/wii/libogc.a(video.o)
                0x80016164                VIDEO_WaitVSync
 .text.VIDEO_SetFramebuffer
                0x800161cc       0xfc /opt/devkitpro/libogc/lib/wii/libogc.a(video.o)
                0x800161cc                VIDEO_SetFramebuffer
 .text.VIDEO_SetNextFramebuffer
                0x800162c8       0x64 /opt/devkitpro/libogc/lib/wii/libogc.a(video.o)
                0x800162c8                VIDEO_SetNextFramebuffer
 .text.VIDEO_Flush
                0x8001632c       0xf8 /opt/devkitpro/libogc/lib/wii/libogc.a(video.o)
                0x8001632c                VIDEO_Flush
 .text.VIDEO_SetBlack
                0x80016424       0x88 /opt/devkitpro/libogc/lib/wii/libogc.a(video.o)
                0x80016424                VIDEO_SetBlack
 .text.VIDEO_GetCurrentTvMode
                0x800164ac       0x70 /opt/devkitpro/libogc/lib/wii/libogc.a(video.o)
                0x800164ac                VIDEO_GetCurrentTvMode
 .text.VIDEO_Init
                0x8001651c      0x554 /opt/devkitpro/libogc/lib/wii/libogc.a(video.o)
                0x8001651c                VIDEO_Init
 .text.__VIRetraceHandler
                0x80016a70      0x1f8 /opt/devkitpro/libogc/lib/wii/libogc.a(video.o)
 .text.VIDEO_GetPreferredMode
                0x80016c68       0xf8 /opt/devkitpro/libogc/lib/wii/libogc.a(video.o)
                0x80016c68                VIDEO_GetPreferredMode
 .text.VIDEO_GetCurrentLine
                0x80016d60       0x68 /opt/devkitpro/libogc/lib/wii/libogc.a(video.o)
                0x80016d60                VIDEO_GetCurrentLine
 .text.VIDEO_GetFrameBufferSize
                0x80016dc8       0x30 /opt/devkitpro/libogc/lib/wii/libogc.a(video.o)
                0x80016dc8                VIDEO_GetFrameBufferSize
 .text.__call_resetfuncs
                0x80016df8       0x8c /opt/devkitpro/libogc/lib/wii/libogc.a(system.o)
 .text.__RSWDefaultHandler
                0x80016e84        0x4 /opt/devkitpro/libogc/lib/wii/libogc.a(system.o)
 .text.__POWDefaultHandler
                0x80016e88        0x4 /opt/devkitpro/libogc/lib/wii/libogc.a(system.o)
 .text.__locksram
                0x80016e8c       0x68 /opt/devkitpro/libogc/lib/wii/libogc.a(system.o)
 .text.__lwp_thread_dispatchenable
                0x80016ef4       0x34 /opt/devkitpro/libogc/lib/wii/libogc.a(system.o)
 .text.__lwp_wd_insert_ticks
                0x80016f28       0x68 /opt/devkitpro/libogc/lib/wii/libogc.a(system.o)
 .text.__lwp_syswd_open
                0x80016f90       0x48 /opt/devkitpro/libogc/lib/wii/libogc.a(system.o)
 .text.__sys_alarmhandler
                0x80016fd8       0x94 /opt/devkitpro/libogc/lib/wii/libogc.a(system.o)
 .text.__sram_write
                0x8001706c       0xfc /opt/devkitpro/libogc/lib/wii/libogc.a(system.o)
 .text.__unlocksram
                0x80017168      0x100 /opt/devkitpro/libogc/lib/wii/libogc.a(system.o)
 .text.__sram_writecallback
                0x80017268       0x4c /opt/devkitpro/libogc/lib/wii/libogc.a(system.o)
 .text.__sram_init
                0x800172b4      0x130 /opt/devkitpro/libogc/lib/wii/libogc.a(system.o)
                0x800172b4                __sram_init
 .text.__SYS_LockSramEx
                0x800173e4        0x8 /opt/devkitpro/libogc/lib/wii/libogc.a(system.o)
                0x800173e4                __SYS_LockSramEx
 .text.__SYS_UnlockSramEx
                0x800173ec        0x8 /opt/devkitpro/libogc/lib/wii/libogc.a(system.o)
                0x800173ec                __SYS_UnlockSramEx
 .text.__SYS_GetIPCBufferLo
                0x800173f4        0x8 /opt/devkitpro/libogc/lib/wii/libogc.a(system.o)
                0x800173f4                __SYS_GetIPCBufferLo
 .text.__SYS_GetIPCBufferHi
                0x800173fc        0x8 /opt/devkitpro/libogc/lib/wii/libogc.a(system.o)
                0x800173fc                __SYS_GetIPCBufferHi
 .text._V_EXPORTNAME
                0x80017404       0x1c /opt/devkitpro/libogc/lib/wii/libogc.a(system.o)
                0x80017404                _V_EXPORTNAME
 .text.__SYS_DoPowerCB
                0x80017420       0x68 /opt/devkitpro/libogc/lib/wii/libogc.a(system.o)
                0x80017420                __SYS_DoPowerCB
 .text.__SYS_InitCallbacks
                0x80017488       0x24 /opt/devkitpro/libogc/lib/wii/libogc.a(system.o)
                0x80017488                __SYS_InitCallbacks
 .text.__SYS_PreInit
                0x800174ac        0x4 /opt/devkitpro/libogc/lib/wii/libogc.a(system.o)
                0x800174ac                __SYS_PreInit
 .text.SYS_PreMain
                0x800174b0       0x50 /opt/devkitpro/libogc/lib/wii/libogc.a(system.o)
                0x800174b0                SYS_PreMain
 .text.SYS_ResetButtonDown
                0x80017500       0x1c /opt/devkitpro/libogc/lib/wii/libogc.a(system.o)
                0x80017500                SYS_ResetButtonDown
 .text.__STMEventHandler
                0x8001751c       0xac /opt/devkitpro/libogc/lib/wii/libogc.a(system.o)
 .text.SYS_ResetSystem
                0x800175c8      0x1f4 /opt/devkitpro/libogc/lib/wii/libogc.a(system.o)
                0x800175c8                SYS_ResetSystem
 .text.__libogc_exit
                0x800177bc       0x84 /opt/devkitpro/libogc/lib/wii/libogc.a(system.o)
                0x800177bc                __libogc_exit
 .text.__reload
                0x80017840       0x7c /opt/devkitpro/libogc/lib/wii/libogc.a(system.o)
                0x80017840                __reload
 .text.SYS_RegisterResetFunc
                0x800178bc       0x80 /opt/devkitpro/libogc/lib/wii/libogc.a(system.o)
                0x800178bc                SYS_RegisterResetFunc
 .text.SYS_SetArena1Lo
                0x8001793c       0x3c /opt/devkitpro/libogc/lib/wii/libogc.a(system.o)
                0x8001793c                SYS_SetArena1Lo
 .text.SYS_GetArena1Lo
                0x80017978       0x3c /opt/devkitpro/libogc/lib/wii/libogc.a(system.o)
                0x80017978                SYS_GetArena1Lo
 .text.SYS_SetArena1Hi
                0x800179b4       0x3c /opt/devkitpro/libogc/lib/wii/libogc.a(system.o)
                0x800179b4                SYS_SetArena1Hi
 .text.SYS_GetArena1Hi
                0x800179f0       0x3c /opt/devkitpro/libogc/lib/wii/libogc.a(system.o)
                0x800179f0                SYS_GetArena1Hi
 .text.SYS_SetArena2Lo
                0x80017a2c       0x3c /opt/devkitpro/libogc/lib/wii/libogc.a(system.o)
                0x80017a2c                SYS_SetArena2Lo
 .text.SYS_GetArena2Lo
                0x80017a68       0x3c /opt/devkitpro/libogc/lib/wii/libogc.a(system.o)
                0x80017a68                SYS_GetArena2Lo
 .text.SYS_SetArena2Hi
                0x80017aa4       0x3c /opt/devkitpro/libogc/lib/wii/libogc.a(system.o)
                0x80017aa4                SYS_SetArena2Hi
 .text.SYS_Init
                0x80017ae0      0x444 /opt/devkitpro/libogc/lib/wii/libogc.a(system.o)
                0x80017ae0                SYS_Init
 .text.SYS_GetArena2Hi
                0x80017f24       0x3c /opt/devkitpro/libogc/lib/wii/libogc.a(system.o)
                0x80017f24                SYS_GetArena2Hi
 .text.SYS_AllocateFramebuffer
                0x80017f60       0x2c /opt/devkitpro/libogc/lib/wii/libogc.a(system.o)
                0x80017f60                SYS_AllocateFramebuffer
 .text.SYS_CreateAlarm
                0x80017f8c       0xa8 /opt/devkitpro/libogc/lib/wii/libogc.a(system.o)
                0x80017f8c                SYS_CreateAlarm
 .text.SYS_SetAlarm