Archive member included because of file (symbol)

/opt/devkitpro/libogc/lib/wii/libwiiuse.a(wpad.o)
                              screensave.o (WPAD_Init)
/opt/devkitpro/libogc/lib/wii/libwiiuse.a(motion_plus.o)
                              /opt/devkitpro/libogc/lib/wii/libwiiuse.a(wpad.o) (wiiuse_set_motion_plus)
/opt/devkitpro/libogc/lib/wii/libwiiuse.a(dynamics.o)
                              /opt/devkitpro/libogc/lib/wii/libwiiuse.a(wpad.o) (calculate_gforce)
/opt/devkitpro/libogc/lib/wii/libwiiuse.a(io.o)
                              /opt/devkitpro/libogc/lib/wii/libwiiuse.a(motion_plus.o) (wiiuse_disable_expansion)
/opt/devkitpro/libogc/lib/wii/libwiiuse.a(io_wii.o)
                              /opt/devkitpro/libogc/lib/wii/libwiiuse.a(wpad.o) (__wiiuse_sensorbar_enable)
/opt/devkitpro/libogc/lib/wii/libwiiuse.a(ir.o)
                              /opt/devkitpro/libogc/lib/wii/libwiiuse.a(motion_plus.o) (wiiuse_set_ir_mode)
/opt/devkitpro/libogc/lib/wii/libwiiuse.a(nunchuk.o)
                              /opt/devkitpro/libogc/lib/wii/libwiiuse.a(io.o) (nunchuk_handshake)
/opt/devkitpro/libogc/lib/wii/libwiiuse.a(wiiboard.o)
                              /opt/devkitpro/libogc/lib/wii/libwiiuse.a(io.o) (wii_board_handshake)
/opt/devkitpro/libogc/lib/wii/libwiiuse.a(wiiuse.o)
                              /opt/devkitpro/libogc/lib/wii/libwiiuse.a(wpad.o) (wiiuse_init)
/opt/devkitpro/libogc/lib/wii/libwiiuse.a(speaker.o)
                              /opt/devkitpro/libogc/lib/wii/libwiiuse.a(wpad.o) (wencdata)
/opt/devkitpro/libogc/lib/wii/libwiiuse.a(classic.o)
                              /opt/devkitpro/libogc/lib/wii/libwiiuse.a(io.o) (classic_ctrl_handshake)
/opt/devkitpro/libogc/lib/wii/libwiiuse.a(events.o)
                              /opt/devkitpro/libogc/lib/wii/libwiiuse.a(io_wii.o) (parse_event)
/opt/devkitpro/libogc/lib/wii/libwiiuse.a(guitar_hero_3.o)
                              /opt/devkitpro/libogc/lib/wii/libwiiuse.a(io.o) (guitar_hero_3_handshake)
/opt/devkitpro/libogc/lib/wii/libbte.a(bte.o)
                              /opt/devkitpro/libogc/lib/wii/libwiiuse.a(wpad.o) (BTE_Init)
/opt/devkitpro/libogc/lib/wii/libbte.a(hci.o)
                              /opt/devkitpro/libogc/lib/wii/libbte.a(bte.o) (hci_init)
/opt/devkitpro/libogc/lib/wii/libbte.a(l2cap.o)
                              /opt/devkitpro/libogc/lib/wii/libbte.a(bte.o) (l2cap_init)
/opt/devkitpro/libogc/lib/wii/libbte.a(btmemb.o)
                              /opt/devkitpro/libogc/lib/wii/libbte.a(bte.o) (btmemb_init)
/opt/devkitpro/libogc/lib/wii/libbte.a(btmemr.o)
                              /opt/devkitpro/libogc/lib/wii/libbte.a(hci.o) (btmemr_init)
/opt/devkitpro/libogc/lib/wii/libbte.a(btpbuf.o)
                              /opt/devkitpro/libogc/lib/wii/libbte.a(hci.o) (btpbuf_init)
/opt/devkitpro/libogc/lib/wii/libbte.a(physbusif.o)
                              /opt/devkitpro/libogc/lib/wii/libbte.a(bte.o) (physbusif_init)
/opt/devkitpro/libogc/lib/wii/libasnd.a(asndlib.o)
                              screensave.o (ASND_Init)
/opt/devkitpro/libogc/lib/wii/libogc.a(lwp_queue.o)
                              /opt/devkitpro/libogc/lib/wii/libwiiuse.a(io_wii.o) (__lwp_queue_initialize)
/opt/devkitpro/libogc/lib/wii/libogc.a(lwp_threads.o)
                              /opt/devkitpro/libogc/lib/wii/libwiiuse.a(wpad.o) (_thread_dispatch_disable_level)
/opt/devkitpro/libogc/lib/wii/libogc.a(lwp.o)
                              /opt/devkitpro/libogc/lib/wii/libbte.a(bte.o) (LWP_InitQueue)
/opt/devkitpro/libogc/lib/wii/libogc.a(lwp_handler.o)
                              /opt/devkitpro/libogc/lib/wii/libogc.a(lwp_threads.o) (_cpu_context_save_fp)
/opt/devkitpro/libogc/lib/wii/libogc.a(lwp_stack.o)
                              /opt/devkitpro/libogc/lib/wii/libogc.a(lwp_threads.o) (__lwp_stack_allocate)
/opt/devkitpro/libogc/lib/wii/libogc.a(lwp_watchdog.o)
                              /opt/devkitpro/libogc/lib/wii/libogc.a(lwp_threads.o) (_wd_ticks_queue)
/opt/devkitpro/libogc/lib/wii/libogc.a(lwp_wkspace.o)
                              /opt/devkitpro/libogc/lib/wii/libwiiuse.a(io.o) (__wkspace_heap)
/opt/devkitpro/libogc/lib/wii/libogc.a(lwp_objmgr.o)
                              /opt/devkitpro/libogc/lib/wii/libogc.a(lwp.o) (__lwp_objmgr_initinfo)
/opt/devkitpro/libogc/lib/wii/libogc.a(lwp_heap.o)
                              /opt/devkitpro/libogc/lib/wii/libogc.a(lwp_wkspace.o) (__lwp_heap_init)
/opt/devkitpro/libogc/lib/wii/libogc.a(sys_state.o)
                              /opt/devkitpro/libogc/lib/wii/libogc.a(lwp_threads.o) (_sys_state_curr)
/opt/devkitpro/libogc/lib/wii/libogc.a(irq.o)
                              /opt/devkitpro/libogc/lib/wii/libwiiuse.a(io_wii.o) (IRQ_Disable)
/opt/devkitpro/libogc/lib/wii/libogc.a(video.o)
                              screensave.o (VIDEO_Configure)
/opt/devkitpro/libogc/lib/wii/libogc.a(cache_asm.o)
[...]
Memory Configuration

Name             Origin             Length             Attributes
*default*        0x00000000         0xffffffff

Linker script and memory map

                0x00003400                . = 0x3400

.stub
 *(.stub)
                0x80004000                . = 0x80004000

.init           0x80004000      0x194
 *crt0.o(*.init)
 .init          0x80004000      0x170 /opt/devkitpro/libogc/lib/wii/libogc.a(ogc_crt0.o)
                0x80004000                _start
                0x80004140                _memset
 *(.init)
 .init          0x80004170        0xc /opt/devkitpro/devkitPPC/lib/gcc/powerpc-eabi/4.6.3/ecrti.o
                0x80004170                __init
 .init          0x8000417c        0x4 /opt/devkitpro/devkitPPC/lib/gcc/powerpc-eabi/4.6.3/crtbegin.o
 .init          0x80004180        0x4 /opt/devkitpro/devkitPPC/lib/gcc/powerpc-eabi/4.6.3/crtend.o
 .init          0x80004184       0x10 /opt/devkitpro/devkitPPC/lib/gcc/powerpc-eabi/4.6.3/ecrtn.o

.rela.dyn       0x80004194        0x0
 .rela.iplt     0x00000000        0x0 /opt/devkitpro/devkitPPC/lib/gcc/powerpc-eabi/4.6.3/crtbegin.o

.plt
 *(.plt)

.interp
 *(.interp)

.hash
 *(.hash)

.dynsym
 *(.dynsym)

.dynstr
 *(.dynstr)

.gnu.version
 *(.gnu.version)

.gnu.version_d
 *(.gnu.version_d)

.gnu.version_r
 *(.gnu.version_r)

.rel.init
 *(.rel.init)

.rela.init      0x80004194        0x0
 *(.rela.init)
 .rela.init     0x00000000        0x0 /opt/devkitpro/devkitPPC/lib/gcc/powerpc-eabi/4.6.3/crtbegin.o

.rel.text
 *(.rel.text .rel.text.* .rel.gnu.linkonce.t.*)

.rela.text      0x80004194        0x0
 *(.rela.text .rela.text.* .rela.gnu.linkonce.t.*)
 .rela.text     0x00000000        0x0 /opt/devkitpro/devkitPPC/lib/gcc/powerpc-eabi/4.6.3/crtbegin.o
 .rela.text.singleColor
                0x00000000        0x0 /opt/devkitpro/devkitPPC/lib/gcc/powerpc-eabi/4.6.3/crtbegin.o
 .rela.text.otherBallCollide
                0x00000000        0x0 /opt/devkitpro/devkitPPC/lib/gcc/powerpc-eabi/4.6.3/crtbegin.o
 .rela.text.swapVelocities
                0x00000000        0x0 /opt/devkitpro/devkitPPC/lib/gcc/powerpc-eabi/4.6.3/crtbegin.o
 .rela.text.pairwiseInteract
                0x00000000        0x0 /opt/devkitpro/devkitPPC/lib/gcc/powerpc-eabi/4.6.3/crtbegin.o
 .rela.text.drawSpriteTex
                0x00000000        0x0 /opt/devkitpro/devkitPPC/lib/gcc/powerpc-eabi/4.6.3/crtbegin.o
 .rela.text.startup.main
                0x00000000        0x0 /opt/devkitpro/devkitPPC/lib/gcc/powerpc-eabi/4.6.3/crtbegin.o
 .rela.text.wiiuse_handshake_expansion
                0x00000000        0x0 /opt/devkitpro/devkitPPC/lib/gcc/powerpc-eabi/4.6.3/crtbegin.o
 .rela.text.wiiuse_handshake
                0x00000000        0x0 /opt/devkitpro/devkitPPC/lib/gcc/powerpc-eabi/4.6.3/crtbegin.o
 .rela.text.wiiuse_init_cmd_queue
                0x00000000        0x0 /opt/devkitpro/devkitPPC/lib/gcc/powerpc-eabi/4.6.3/crtbegin.o
 .rela.text.wiiuse_init
                0x00000000        0x0 /opt/devkitpro/devkitPPC/lib/gcc/powerpc-eabi/4.6.3/crtbegin.o
 .rela.text.bt_alarmhandler
                0x00000000        0x0 /opt/devkitpro/devkitPPC/lib/gcc/powerpc-eabi/4.6.3/crtbegin.o
 .rela.text.__lwp_thread_calcheir
                0x00000000        0x0 /opt/devkitpro/devkitPPC/lib/gcc/powerpc-eabi/4.6.3/crtbegin.o
 .rela.text.__lwp_wd_insert_ticks.constprop.4
                0x00000000        0x0 /opt/devkitpro/devkitPPC/lib/gcc/powerpc-eabi/4.6.3/crtbegin.o
 .rela.text.__lwp_rotate_readyqueue
                0x00000000        0x0 /opt/devkitpro/devkitPPC/lib/gcc/powerpc-eabi/4.6.3/crtbegin.o
 .rela.text.__lwp_thread_setpriority
                0x00000000        0x0 /opt/devkitpro/devkitPPC/lib/gcc/powerpc-eabi/4.6.3/crtbegin.o
 .rela.text.__lwp_thread_close
                0x00000000        0x0 /opt/devkitpro/devkitPPC/lib/gcc/powerpc-eabi/4.6.3/crtbegin.o
 .rela.text.__lwp_thread_closeall
                0x00000000        0x0 /opt/devkitpro/devkitPPC/lib/gcc/powerpc-eabi/4.6.3/crtbegin.o
 .rela.text.__lwp_thread_startmultitasking
                0x00000000        0x0 /opt/devkitpro/devkitPPC/lib/gcc/powerpc-eabi/4.6.3/crtbegin.o
 .rela.text.__lwp_thread_stopmultitasking
                0x00000000        0x0 /opt/devkitpro/devkitPPC/lib/gcc/powerpc-eabi/4.6.3/crtbegin.o
 .rela.text.__lwp_thread_coreinit
                0x00000000        0x0 /opt/devkitpro/devkitPPC/lib/gcc/powerpc-eabi/4.6.3/crtbegin.o
 .rela.text.__lwp_cntrl_free
                0x00000000        0x0 /opt/devkitpro/devkitPPC/lib/gcc/powerpc-eabi/4.6.3/crtbegin.o
 .rela.text.__lwp_tqueue_open
                0x00000000        0x0 /opt/devkitpro/devkitPPC/lib/gcc/powerpc-eabi/4.6.3/crtbegin.o
 .rela.text.__lwp_cntrl_open
                0x00000000        0x0 /opt/devkitpro/devkitPPC/lib/gcc/powerpc-eabi/4.6.3/crtbegin.o
 .rela.text.__lwp_sysinit
                0x00000000        0x0 /opt/devkitpro/devkitPPC/lib/gcc/powerpc-eabi/4.6.3/crtbegin.o
 .rela.text.__lwp_thread_isalive
                0x00000000        0x0 /opt/devkitpro/devkitPPC/lib/gcc/powerpc-eabi/4.6.3/crtbegin.o
 .rela.text.__lwp_thread_exists
                0x00000000        0x0 /opt/devkitpro/devkitPPC/lib/gcc/powerpc-eabi/4.6.3/crtbegin.o
 .rela.text.__lwp_thread_context
                0x00000000        0x0 /opt/devkitpro/devkitPPC/lib/gcc/powerpc-eabi/4.6.3/crtbegin.o
 .rela.text.LWP_CreateThread
                0x00000000        0x0 /opt/devkitpro/devkitPPC/lib/gcc/powerpc-eabi/4.6.3/crtbegin.o
 .rela.text.LWP_InitQueue
                0x00000000        0x0 /opt/devkitpro/devkitPPC/lib/gcc/powerpc-eabi/4.6.3/crtbegin.o
 .rela.text.LWP_CloseQueue
                0x00000000        0x0 /opt/devkitpro/devkitPPC/lib/gcc/powerpc-eabi/4.6.3/crtbegin.o
 .rela.text.__lwp_stack_allocate
                0x00000000        0x0 /opt/devkitpro/devkitPPC/lib/gcc/powerpc-eabi/4.6.3/crtbegin.o
 .rela.text.__lwp_stack_free
                0x00000000        0x0 /opt/devkitpro/devkitPPC/lib/gcc/powerpc-eabi/4.6.3/crtbegin.o
 .rela.text.__lwp_watchdog_init
                0x00000000        0x0 /opt/devkitpro/devkitPPC/lib/gcc/powerpc-eabi/4.6.3/crtbegin.o
 .rela.text.__lwp_wd_tickle
                0x00000000        0x0 /opt/devkitpro/devkitPPC/lib/gcc/powerpc-eabi/4.6.3/crtbegin.o
 .rela.text.__lwp_wkspace_heapfree
                0x00000000        0x0 /opt/devkitpro/devkitPPC/lib/gcc/powerpc-eabi/4.6.3/crtbegin.o
 .rela.text.__lwp_wkspace_heapused
                0x00000000        0x0 /opt/devkitpro/devkitPPC/lib/gcc/powerpc-eabi/4.6.3/crtbegin.o
 .rela.text.__lwp_wkspace_init
                0x00000000        0x0 /opt/devkitpro/devkitPPC/lib/gcc/powerpc-eabi/4.6.3/crtbegin.o
 .rela.text.__lwp_objmgr_initinfo
                0x00000000        0x0 /opt/devkitpro/devkitPPC/lib/gcc/powerpc-eabi/4.6.3/crtbegin.o
 .rela.text.__irq_init
                0x00000000        0x0 /opt/devkitpro/devkitPPC/lib/gcc/powerpc-eabi/4.6.3/crtbegin.o
 .rela.text.__call_resetfuncs
                0x00000000        0x0 /opt/devkitpro/devkitPPC/lib/gcc/powerpc-eabi/4.6.3/crtbegin.o
 .rela.text.__locksram
                0x00000000        0x0 /opt/devkitpro/devkitPPC/lib/gcc/powerpc-eabi/4.6.3/crtbegin.o
 .rela.text.__lwp_wd_insert_ticks
                0x00000000        0x0 /opt/devkitpro/devkitPPC/lib/gcc/powerpc-eabi/4.6.3/crtbegin.o
 .rela.text.__unlocksram
                0x00000000        0x0 /opt/devkitpro/devkitPPC/lib/gcc/powerpc-eabi/4.6.3/crtbegin.o
 .rela.text.__sram_writecallback
                0x00000000        0x0 /opt/devkitpro/devkitPPC/lib/gcc/powerpc-eabi/4.6.3/crtbegin.o
 .rela.text.__sram_init
                0x00000000        0x0 /opt/devkitpro/devkitPPC/lib/gcc/powerpc-eabi/4.6.3/crtbegin.o
 .rela.text.__SYS_SyncSram
                0x00000000        0x0 /opt/devkitpro/devkitPPC/lib/gcc/powerpc-eabi/4.6.3/crtbegin.o
 .rela.text.SYS_Init
                0x00000000        0x0 /opt/devkitpro/devkitPPC/lib/gcc/powerpc-eabi/4.6.3/crtbegin.o
 .rela.text.SYS_RemoveAlarm
                0x00000000        0x0 /opt/devkitpro/devkitPPC/lib/gcc/powerpc-eabi/4.6.3/crtbegin.o
 .rela.text.SYS_CancelAlarm
                0x00000000        0x0 /opt/devkitpro/devkitPPC/lib/gcc/powerpc-eabi/4.6.3/crtbegin.o
 .rela.text.__lwp_cond_open
                0x00000000        0x0 /opt/devkitpro/devkitPPC/lib/gcc/powerpc-eabi/4.6.3/crtbegin.o
 .rela.text.__lwp_cond_init
                0x00000000        0x0 /opt/devkitpro/devkitPPC/lib/gcc/powerpc-eabi/4.6.3/crtbegin.o
 .rela.text.LWP_CondInit
                0x00000000        0x0 /opt/devkitpro/devkitPPC/lib/gcc/powerpc-eabi/4.6.3/crtbegin.o
 .rela.text.LWP_CondDestroy
                0x00000000        0x0 /opt/devkitpro/devkitPPC/lib/gcc/powerpc-eabi/4.6.3/crtbegin.o
 .rela.text.__GX_FifoLink
                0x00000000        0x0 /opt/devkitpro/devkitPPC/lib/gcc/powerpc-eabi/4.6.3/crtbegin.o
 .rela.text.__GX_WriteFifoIntEnable
                0x00000000        0x0 /opt/devkitpro/devkitPPC/lib/gcc/powerpc-eabi/4.6.3/crtbegin.o
 .rela.text.__GX_FifoReadEnable
                0x00000000        0x0 /opt/devkitpro/devkitPPC/lib/gcc/powerpc-eabi/4.6.3/crtbegin.o
 .rela.text.__GX_FifoReadDisable
                0x00000000        0x0 /opt/devkitpro/devkitPPC/lib/gcc/powerpc-eabi/4.6.3/crtbegin.o
 .rela.text.__GX_InitRevBits
                0x00000000        0x0 /opt/devkitpro/devkitPPC/lib/gcc/powerpc-eabi/4.6.3/crtbegin.o
 .rela.text.__GXDefTexRegionCallback
                0x00000000        0x0 /opt/devkitpro/devkitPPC/lib/gcc/powerpc-eabi/4.6.3/crtbegin.o
 .rela.text.__GXDefTlutRegionCallback
                0x00000000        0x0 /opt/devkitpro/devkitPPC/lib/gcc/powerpc-eabi/4.6.3/crtbegin.o
 .rela.text.__GX_FlushTextureState
                0x00000000        0x0 /opt/devkitpro/devkitPPC/lib/gcc/powerpc-eabi/4.6.3/crtbegin.o
 .rela.text.__SetSURegs
                0x00000000        0x0 /opt/devkitpro/devkitPPC/lib/gcc/powerpc-eabi/4.6.3/crtbegin.o
 .rela.text.__SETVCDFMT
                0x00000000        0x0 /opt/devkitpro/devkitPPC/lib/gcc/powerpc-eabi/4.6.3/crtbegin.o
 .rela.text.__GX_SetMatrixIndex
                0x00000000        0x0 /opt/devkitpro/devkitPPC/lib/gcc/powerpc-eabi/4.6.3/crtbegin.o
 .rela.text.__GX_SetDirtyState
                0x00000000        0x0 /opt/devkitpro/devkitPPC/lib/gcc/powerpc-eabi/4.6.3/crtbegin.o
 .rela.text.__SETVCDATTR
                0x00000000        0x0 /opt/devkitpro/devkitPPC/lib/gcc/powerpc-eabi/4.6.3/crtbegin.o
 .rela.text.__GX_WriteFifoIntReset.constprop.6
                0x00000000        0x0 /opt/devkitpro/devkitPPC/lib/gcc/powerpc-eabi/4.6.3/crtbegin.o
 .rela.text.__GXCPInterruptHandler
                0x00000000        0x0 /opt/devkitpro/devkitPPC/lib/gcc/powerpc-eabi/4.6.3/crtbegin.o
 .rela.text.GX_Flush
                0x00000000        0x0 /opt/devkitpro/devkitPPC/lib/gcc/powerpc-eabi/4.6.3/crtbegin.o
 .rela.text.GX_EnableBreakPt
                0x00000000        0x0 /opt/devkitpro/devkitPPC/lib/gcc/powerpc-eabi/4.6.3/crtbegin.o
 .rela.text.GX_DisableBreakPt
                0x00000000        0x0 /opt/devkitpro/devkitPPC/lib/gcc/powerpc-eabi/4.6.3/crtbegin.o
 .rela.text.GX_AbortFrame
                0x00000000        0x0 /opt/devkitpro/devkitPPC/lib/gcc/powerpc-eabi/4.6.3/crtbegin.o
 .rela.text.GX_PixModeSync
                0x00000000        0x0 /opt/devkitpro/devkitPPC/lib/gcc/powerpc-eabi/4.6.3/crtbegin.o
 .rela.text.GX_SetMisc
                0x00000000        0x0 /opt/devkitpro/devkitPPC/lib/gcc/powerpc-eabi/4.6.3/crtbegin.o
 .rela.text.GX_SetCopyClamp
                0x00000000        0x0 /opt/devkitpro/devkitPPC/lib/gcc/powerpc-eabi/4.6.3/crtbegin.o
 .rela.text.GX_SetDispCopyGamma
                0x00000000        0x0 /opt/devkitpro/devkitPPC/lib/gcc/powerpc-eabi/4.6.3/crtbegin.o
 .rela.text.GX_SetDispCopyFrame2Field
                0x00000000        0x0 /opt/devkitpro/devkitPPC/lib/gcc/powerpc-eabi/4.6.3/crtbegin.o
 .rela.text.GX_SetDispCopyYScale
                0x00000000        0x0 /opt/devkitpro/devkitPPC/lib/gcc/powerpc-eabi/4.6.3/crtbegin.o
 .rela.text.GX_SetDispCopyDst
                0x00000000        0x0 /opt/devkitpro/devkitPPC/lib/gcc/powerpc-eabi/4.6.3/crtbegin.o
 .rela.text.GX_SetDispCopySrc
                0x00000000        0x0 /opt/devkitpro/devkitPPC/lib/gcc/powerpc-eabi/4.6.3/crtbegin.o
 .rela.text.GX_CopyDisp
                0x00000000        0x0 /opt/devkitpro/devkitPPC/lib/gcc/powerpc-eabi/4.6.3/crtbegin.o
 .rela.text.GX_CopyTex
                0x00000000        0x0 /opt/devkitpro/devkitPPC/lib/gcc/powerpc-eabi/4.6.3/crtbegin.o
 .rela.text.GX_SetTexCopySrc
                0x00000000        0x0 /opt/devkitpro/devkitPPC/lib/gcc/powerpc-eabi/4.6.3/crtbegin.o
 .rela.text.GX_SetTexCopyDst
                0x00000000        0x0 /opt/devkitpro/devkitPPC/lib/gcc/powerpc-eabi/4.6.3/crtbegin.o
 .rela.text.GX_BeginDispList
                0x00000000        0x0 /opt/devkitpro/devkitPPC/lib/gcc/powerpc-eabi/4.6.3/crtbegin.o
 .rela.text.GX_EndDispList
                0x00000000        0x0 /opt/devkitpro/devkitPPC/lib/gcc/powerpc-eabi/4.6.3/crtbegin.o
 .rela.text.GX_CallDispList
                0x00000000        0x0 /opt/devkitpro/devkitPPC/lib/gcc/powerpc-eabi/4.6.3/crtbegin.o
 .rela.text.GX_SetChanCtrl
                0x00000000        0x0 /opt/devkitpro/devkitPPC/lib/gcc/powerpc-eabi/4.6.3/crtbegin.o
 .rela.text.GX_SetChanAmbColor
                0x00000000        0x0 /opt/devkitpro/devkitPPC/lib/gcc/powerpc-eabi/4.6.3/crtbegin.o
 .rela.text.GX_SetChanMatColor
                0x00000000        0x0 /opt/devkitpro/devkitPPC/lib/gcc/powerpc-eabi/4.6.3/crtbegin.o
 .rela.text.GX_SetVtxDesc
                0x00000000        0x0 /opt/devkitpro/devkitPPC/lib/gcc/powerpc-eabi/4.6.3/crtbegin.o
 .rela.text.GX_SetVtxDescv
                0x00000000        0x0 /opt/devkitpro/devkitPPC/lib/gcc/powerpc-eabi/4.6.3/crtbegin.o
 .rela.text.GX_GetVtxDescv
                0x00000000        0x0 /opt/devkitpro/devkitPPC/lib/gcc/powerpc-eabi/4.6.3/crtbegin.o
 .rela.text.GX_SetVtxAttrFmt
                0x00000000        0x0 /opt/devkitpro/devkitPPC/lib/gcc/powerpc-eabi/4.6.3/crtbegin.o
 .rela.text.GX_SetVtxAttrFmtv
                0x00000000        0x0 /opt/devkitpro/devkitPPC/lib/gcc/powerpc-eabi/4.6.3/crtbegin.o
 .rela.text.GX_Begin
                0x00000000        0x0 /opt/devkitpro/devkitPPC/lib/gcc/powerpc-eabi/4.6.3/crtbegin.o
 .rela.text.GX_SetTexCoordGen2
                0x00000000        0x0 /opt/devkitpro/devkitPPC/lib/gcc/powerpc-eabi/4.6.3/crtbegin.o
 .rela.text.GX_SetCurrentMtx
                0x00000000        0x0 /opt/devkitpro/devkitPPC/lib/gcc/powerpc-eabi/4.6.3/crtbegin.o
 .rela.text.GX_SetNumTexGens
                0x00000000        0x0 /opt/devkitpro/devkitPPC/lib/gcc/powerpc-eabi/4.6.3/crtbegin.o
 .rela.text.GX_SetZMode
                0x00000000        0x0 /opt/devkitpro/devkitPPC/lib/gcc/powerpc-eabi/4.6.3/crtbegin.o
 .rela.text.GX_LoadTexObjPreloaded
                0x00000000        0x0 /opt/devkitpro/devkitPPC/lib/gcc/powerpc-eabi/4.6.3/crtbegin.o
 .rela.text.GX_SetTexCoordScaleManually
                0x00000000        0x0 /opt/devkitpro/devkitPPC/lib/gcc/powerpc-eabi/4.6.3/crtbegin.o
 .rela.text.GX_SetTexCoordCylWrap
                0x00000000        0x0 /opt/devkitpro/devkitPPC/lib/gcc/powerpc-eabi/4.6.3/crtbegin.o
 .rela.text.GX_SetTexCoordBias
                0x00000000        0x0 /opt/devkitpro/devkitPPC/lib/gcc/powerpc-eabi/4.6.3/crtbegin.o
 .rela.text.GX_SetBlendMode
                0x00000000        0x0 /opt/devkitpro/devkitPPC/lib/gcc/powerpc-eabi/4.6.3/crtbegin.o
 .rela.text.GX_ClearVtxDesc
                0x00000000        0x0 /opt/devkitpro/devkitPPC/lib/gcc/powerpc-eabi/4.6.3/crtbegin.o
 .rela.text.GX_SetLineWidth
                0x00000000        0x0 /opt/devkitpro/devkitPPC/lib/gcc/powerpc-eabi/4.6.3/crtbegin.o
 .rela.text.GX_SetPointSize
                0x00000000        0x0 /opt/devkitpro/devkitPPC/lib/gcc/powerpc-eabi/4.6.3/crtbegin.o
 .rela.text.GX_SetTevColorIn
                0x00000000        0x0 /opt/devkitpro/devkitPPC/lib/gcc/powerpc-eabi/4.6.3/crtbegin.o
 .rela.text.GX_SetTevAlphaIn
                0x00000000        0x0 /opt/devkitpro/devkitPPC/lib/gcc/powerpc-eabi/4.6.3/crtbegin.o
 .rela.text.GX_SetTevColorOp
                0x00000000        0x0 /opt/devkitpro/devkitPPC/lib/gcc/powerpc-eabi/4.6.3/crtbegin.o
 .rela.text.GX_SetTevAlphaOp
                0x00000000        0x0 /opt/devkitpro/devkitPPC/lib/gcc/powerpc-eabi/4.6.3/crtbegin.o
 .rela.text.GX_SetCullMode
                0x00000000        0x0 /opt/devkitpro/devkitPPC/lib/gcc/powerpc-eabi/4.6.3/crtbegin.o
 .rela.text.GX_SetCoPlanar
                0x00000000        0x0 /opt/devkitpro/devkitPPC/lib/gcc/powerpc-eabi/4.6.3/crtbegin.o
 .rela.text.GX_EnableTexOffsets
                0x00000000        0x0 /opt/devkitpro/devkitPPC/lib/gcc/powerpc-eabi/4.6.3/crtbegin.o
 .rela.text.GX_SetScissor
                0x00000000        0x0 /opt/devkitpro/devkitPPC/lib/gcc/powerpc-eabi/4.6.3/crtbegin.o
 .rela.text.GX_SetNumChans
                0x00000000        0x0 /opt/devkitpro/devkitPPC/lib/gcc/powerpc-eabi/4.6.3/crtbegin.o
 .rela.text.GX_SetTevOrder
                0x00000000        0x0 /opt/devkitpro/devkitPPC/lib/gcc/powerpc-eabi/4.6.3/crtbegin.o
 .rela.text.GX_SetNumTevStages
                0x00000000        0x0 /opt/devkitpro/devkitPPC/lib/gcc/powerpc-eabi/4.6.3/crtbegin.o
 .rela.text.GX_SetTevKColorSel
                0x00000000        0x0 /opt/devkitpro/devkitPPC/lib/gcc/powerpc-eabi/4.6.3/crtbegin.o
 .rela.text.GX_SetTevKAlphaSel
                0x00000000        0x0 /opt/devkitpro/devkitPPC/lib/gcc/powerpc-eabi/4.6.3/crtbegin.o
 .rela.text.GX_SetTevSwapMode
                0x00000000        0x0 /opt/devkitpro/devkitPPC/lib/gcc/powerpc-eabi/4.6.3/crtbegin.o
 .rela.text.GX_SetTevSwapModeTable
                0x00000000        0x0 /opt/devkitpro/devkitPPC/lib/gcc/powerpc-eabi/4.6.3/crtbegin.o
 .rela.text.GX_SetNumIndStages
                0x00000000        0x0 /opt/devkitpro/devkitPPC/lib/gcc/powerpc-eabi/4.6.3/crtbegin.o
 .rela.text.GX_SetIndTexCoordScale
                0x00000000        0x0 /opt/devkitpro/devkitPPC/lib/gcc/powerpc-eabi/4.6.3/crtbegin.o
 .rela.text.GX_SetColorUpdate
                0x00000000        0x0 /opt/devkitpro/devkitPPC/lib/gcc/powerpc-eabi/4.6.3/crtbegin.o
 .rela.text.GX_SetAlphaUpdate
                0x00000000        0x0 /opt/devkitpro/devkitPPC/lib/gcc/powerpc-eabi/4.6.3/crtbegin.o
 .rela.text.GX_SetZCompLoc
                0x00000000        0x0 /opt/devkitpro/devkitPPC/lib/gcc/powerpc-eabi/4.6.3/crtbegin.o
 .rela.text.GX_SetPixelFmt
                0x00000000        0x0 /opt/devkitpro/devkitPPC/lib/gcc/powerpc-eabi/4.6.3/crtbegin.o
 .rela.text.GX_SetDither
                0x00000000        0x0 /opt/devkitpro/devkitPPC/lib/gcc/powerpc-eabi/4.6.3/crtbegin.o
 .rela.text.GX_SetDstAlpha
                0x00000000        0x0 /opt/devkitpro/devkitPPC/lib/gcc/powerpc-eabi/4.6.3/crtbegin.o
 .rela.text.GX_SetFieldMode
                0x00000000        0x0 /opt/devkitpro/devkitPPC/lib/gcc/powerpc-eabi/4.6.3/crtbegin.o
 .rela.text.GX_SetIndTexOrder
                0x00000000        0x0 /opt/devkitpro/devkitPPC/lib/gcc/powerpc-eabi/4.6.3/crtbegin.o
 .rela.text.GX_SetGPMetric
                0x00000000        0x0 /opt/devkitpro/devkitPPC/lib/gcc/powerpc-eabi/4.6.3/crtbegin.o
 .rela.text.GX_Init
                0x00000000        0x0 /opt/devkitpro/devkitPPC/lib/gcc/powerpc-eabi/4.6.3/crtbegin.o
 .rela.text.GX_ReadGPMetric
                0x00000000        0x0 /opt/devkitpro/devkitPPC/lib/gcc/powerpc-eabi/4.6.3/crtbegin.o
 .rela.text.c_decrementer_handler
                0x00000000        0x0 /opt/devkitpro/devkitPPC/lib/gcc/powerpc-eabi/4.6.3/crtbegin.o
 .rela.text.__lwp_mqbox_free
                0x00000000        0x0 /opt/devkitpro/devkitPPC/lib/gcc/powerpc-eabi/4.6.3/crtbegin.o
 .rela.text.__lwp_mqbox_open
                0x00000000        0x0 /opt/devkitpro/devkitPPC/lib/gcc/powerpc-eabi/4.6.3/crtbegin.o
 .rela.text.__lwp_mqbox_init
                0x00000000        0x0 /opt/devkitpro/devkitPPC/lib/gcc/powerpc-eabi/4.6.3/crtbegin.o
 .rela.text.MQ_Init
                0x00000000        0x0 /opt/devkitpro/devkitPPC/lib/gcc/powerpc-eabi/4.6.3/crtbegin.o
 .rela.text.__ios_ioctlvformat_parse
                0x00000000        0x0 /opt/devkitpro/devkitPPC/lib/gcc/powerpc-eabi/4.6.3/crtbegin.o
 .rela.text.__ioctlvfmtCB
                0x00000000        0x0 /opt/devkitpro/devkitPPC/lib/gcc/powerpc-eabi/4.6.3/crtbegin.o
 .rela.text.IOS_IoctlvFormat
                0x00000000        0x0 /opt/devkitpro/devkitPPC/lib/gcc/powerpc-eabi/4.6.3/crtbegin.o
 .rela.text.IOS_IoctlvFormatAsync
                0x00000000        0x0 /opt/devkitpro/devkitPPC/lib/gcc/powerpc-eabi/4.6.3/crtbegin.o
 .rela.text.nanosleep
                0x00000000        0x0 /opt/devkitpro/devkitPPC/lib/gcc/powerpc-eabi/4.6.3/crtbegin.o
 .rela.text.__libc_delete_hook
                0x00000000        0x0 /opt/devkitpro/devkitPPC/lib/gcc/powerpc-eabi/4.6.3/crtbegin.o
 .rela.text.__libc_init
                0x00000000        0x0 /opt/devkitpro/devkitPPC/lib/gcc/powerpc-eabi/4.6.3/crtbegin.o
 .rela.text.__libc_wrapup
                0x00000000        0x0 /opt/devkitpro/devkitPPC/lib/gcc/powerpc-eabi/4.6.3/crtbegin.o
 .rela.text.__CheckARGV
                0x00000000        0x0 /opt/devkitpro/devkitPPC/lib/gcc/powerpc-eabi/4.6.3/crtbegin.o
 .rela.text.__lwp_priority_init
                0x00000000        0x0 /opt/devkitpro/devkitPPC/lib/gcc/powerpc-eabi/4.6.3/crtbegin.o
 .rela.text.__lwp_wd_remove_ticks
                0x00000000        0x0 /opt/devkitpro/devkitPPC/lib/gcc/powerpc-eabi/4.6.3/crtbegin.o
 .rela.text.__lwp_threadqueue_enqueue
                0x00000000        0x0 /opt/devkitpro/devkitPPC/lib/gcc/powerpc-eabi/4.6.3/crtbegin.o
 .rela.text.__lwpmq_initialize
                0x00000000        0x0 /opt/devkitpro/devkitPPC/lib/gcc/powerpc-eabi/4.6.3/crtbegin.o
 .rela.text.__lwpmq_close
                0x00000000        0x0 /opt/devkitpro/devkitPPC/lib/gcc/powerpc-eabi/4.6.3/crtbegin.o
 .rela.text.__systemcall_init
                0x00000000        0x0 /opt/devkitpro/devkitPPC/lib/gcc/powerpc-eabi/4.6.3/crtbegin.o
 .rela.text.__exception_init
                0x00000000        0x0 /opt/devkitpro/devkitPPC/lib/gcc/powerpc-eabi/4.6.3/crtbegin.o
 .rela.text.__exception_close
                0x00000000        0x0 /opt/devkitpro/devkitPPC/lib/gcc/powerpc-eabi/4.6.3/crtbegin.o
 .rela.text.__exception_sethandler
                0x00000000        0x0 /opt/devkitpro/devkitPPC/lib/gcc/powerpc-eabi/4.6.3/crtbegin.o
 .rela.text.__lwp_sema_open
                0x00000000        0x0 /opt/devkitpro/devkitPPC/lib/gcc/powerpc-eabi/4.6.3/crtbegin.o
 .rela.text.__lwp_sema_init
                0x00000000        0x0 /opt/devkitpro/devkitPPC/lib/gcc/powerpc-eabi/4.6.3/crtbegin.o
 .rela.text.LWP_SemInit
                0x00000000        0x0 /opt/devkitpro/devkitPPC/lib/gcc/powerpc-eabi/4.6.3/crtbegin.o
 .rela.text.LWP_SemDestroy
                0x00000000        0x0 /opt/devkitpro/devkitPPC/lib/gcc/powerpc-eabi/4.6.3/crtbegin.o
 .rela.text.__lwp_mutex_locksupp.constprop.7
                0x00000000        0x0 /opt/devkitpro/devkitPPC/lib/gcc/powerpc-eabi/4.6.3/crtbegin.o
 .rela.text.__lwp_mutex_init
                0x00000000        0x0 /opt/devkitpro/devkitPPC/lib/gcc/powerpc-eabi/4.6.3/crtbegin.o
 .rela.text.LWP_MutexInit
                0x00000000        0x0 /opt/devkitpro/devkitPPC/lib/gcc/powerpc-eabi/4.6.3/crtbegin.o
 .rela.text.LWP_MutexDestroy
                0x00000000        0x0 /opt/devkitpro/devkitPPC/lib/gcc/powerpc-eabi/4.6.3/crtbegin.o
 .rela.text.LWP_MutexUnlock
                0x00000000        0x0 /opt/devkitpro/devkitPPC/lib/gcc/powerpc-eabi/4.6.3/crtbegin.o
 .rela.text.kprintf
                0x00000000        0x0 /opt/devkitpro/devkitPPC/lib/gcc/powerpc-eabi/4.6.3/crtbegin.o
 .rela.text.__console_init
                0x00000000        0x0 /opt/devkitpro/devkitPPC/lib/gcc/powerpc-eabi/4.6.3/crtbegin.o
 .rela.text.__console_init_ex
                0x00000000        0x0 /opt/devkitpro/devkitPPC/lib/gcc/powerpc-eabi/4.6.3/crtbegin.o
 .rela.text.CON_EnableGecko
                0x00000000        0x0 /opt/devkitpro/devkitPPC/lib/gcc/powerpc-eabi/4.6.3/crtbegin.o
 .rela.text.atangent
                0x00000000        0x0 /opt/devkitpro/devkitPPC/lib/gcc/powerpc-eabi/4.6.3/crtbegin.o
 .rela.text.MP3Player_PlayBuffer
                0x00000000        0x0 /opt/devkitpro/devkitPPC/lib/gcc/powerpc-eabi/4.6.3/crtbegin.o
 .rela.text.III_decode
                0x00000000        0x0 /opt/devkitpro/devkitPPC/lib/gcc/powerpc-eabi/4.6.3/crtbegin.o
 .rela.text.calloc
                0x00000000        0x0 /opt/devkitpro/devkitPPC/lib/gcc/powerpc-eabi/4.6.3/crtbegin.o
 .rela.text.__errno
                0x00000000        0x0 /opt/devkitpro/devkitPPC/lib/gcc/powerpc-eabi/4.6.3/crtbegin.o
 .rela.text.exit
                0x00000000        0x0 /opt/devkitpro/devkitPPC/lib/gcc/powerpc-eabi/4.6.3/crtbegin.o
 .rela.text.fclose
                0x00000000        0x0 /opt/devkitpro/devkitPPC/lib/gcc/powerpc-eabi/4.6.3/crtbegin.o
 .rela.text.fflush
                0x00000000        0x0 /opt/devkitpro/devkitPPC/lib/gcc/powerpc-eabi/4.6.3/crtbegin.o
 .rela.text.std.isra.0
                0x00000000        0x0 /opt/devkitpro/devkitPPC/lib/gcc/powerpc-eabi/4.6.3/crtbegin.o
 .rela.text._cleanup
                0x00000000        0x0 /opt/devkitpro/devkitPPC/lib/gcc/powerpc-eabi/4.6.3/crtbegin.o
 .rela.text.__sfp
                0x00000000        0x0 /opt/devkitpro/devkitPPC/lib/gcc/powerpc-eabi/4.6.3/crtbegin.o
 .rela.text.__fp_lock_all
                0x00000000        0x0 /opt/devkitpro/devkitPPC/lib/gcc/powerpc-eabi/4.6.3/crtbegin.o
 .rela.text.__fp_unlock_all
                0x00000000        0x0 /opt/devkitpro/devkitPPC/lib/gcc/powerpc-eabi/4.6.3/crtbegin.o
 .rela.text._fopen_r
                0x00000000        0x0 /opt/devkitpro/devkitPPC/lib/gcc/powerpc-eabi/4.6.3/crtbegin.o
 .rela.text.fopen
                0x00000000        0x0 /opt/devkitpro/devkitPPC/lib/gcc/powerpc-eabi/4.6.3/crtbegin.o
 .rela.text.fprintf
                0x00000000        0x0 /opt/devkitpro/devkitPPC/lib/gcc/powerpc-eabi/4.6.3/crtbegin.o
 .rela.text.fputs
                0x00000000        0x0 /opt/devkitpro/devkitPPC/lib/gcc/powerpc-eabi/4.6.3/crtbegin.o
 .rela.text.fread
                0x00000000        0x0 /opt/devkitpro/devkitPPC/lib/gcc/powerpc-eabi/4.6.3/crtbegin.o
 .rela.text._malloc_trim_r
                0x00000000        0x0 /opt/devkitpro/devkitPPC/lib/gcc/powerpc-eabi/4.6.3/crtbegin.o
 .rela.text._free_r
                0x00000000        0x0 /opt/devkitpro/devkitPPC/lib/gcc/powerpc-eabi/4.6.3/crtbegin.o
 .rela.text._fseek_r
                0x00000000        0x0 /opt/devkitpro/devkitPPC/lib/gcc/powerpc-eabi/4.6.3/crtbegin.o
 .rela.text.fseek
                0x00000000        0x0 /opt/devkitpro/devkitPPC/lib/gcc/powerpc-eabi/4.6.3/crtbegin.o
 .rela.text.__smakebuf_r
                0x00000000        0x0 /opt/devkitpro/devkitPPC/lib/gcc/powerpc-eabi/4.6.3/crtbegin.o
 .rela.text._svfprintf_r
                0x00000000        0x0 /opt/devkitpro/devkitPPC/lib/gcc/powerpc-eabi/4.6.3/crtbegin.o
 .rela.text._vfprintf_r
                0x00000000        0x0 /opt/devkitpro/devkitPPC/lib/gcc/powerpc-eabi/4.6.3/crtbegin.o
 .rela.text._wcrtomb_r
                0x00000000        0x0 /opt/devkitpro/devkitPPC/lib/gcc/powerpc-eabi/4.6.3/crtbegin.o
 .rela.text.wcrtomb
                0x00000000        0x0 /opt/devkitpro/devkitPPC/lib/gcc/powerpc-eabi/4.6.3/crtbegin.o
 .rela.text.__call_exitprocs
                0x00000000        0x0 /opt/devkitpro/devkitPPC/lib/gcc/powerpc-eabi/4.6.3/crtbegin.o
 .rela.text._dtoa_r
                0x00000000        0x0 /opt/devkitpro/devkitPPC/lib/gcc/powerpc-eabi/4.6.3/crtbegin.o
 .rela.text.loadlocale
                0x00000000        0x0 /opt/devkitpro/devkitPPC/lib/gcc/powerpc-eabi/4.6.3/crtbegin.o
 .rela.text._findenv_r
                0x00000000        0x0 /opt/devkitpro/devkitPPC/lib/gcc/powerpc-eabi/4.6.3/crtbegin.o

.rel.fini
 *(.rel.fini)

.rela.fini
 *(.rela.fini)

.rel.rodata
 *(.rel.rodata .rel.rodata.* .rel.gnu.linkonce.r.*)

.rela.rodata    0x80004194        0x0
 *(.rela.rodata .rela.rodata.* .rela.gnu.linkonce.r.*)
 .rela.rodata.decoder_table
                0x00000000        0x0 /opt/devkitpro/devkitPPC/lib/gcc/powerpc-eabi/4.6.3/crtbegin.o

.rel.data
 *(.rel.data .rel.data.* .rel.gnu.linkonce.d.*)

.rela.data
 *(.rela.data .rela.data.* .rela.gnu.linkonce.d.*)

.rel.tdata
 *(.rel.tdata .rel.tdata.* .rel.gnu.linkonce.td.*)

.rela.tdata
 *(.rela.tdata .rela.tdata.* .rela.gnu.linkonce.td.*)

.rel.tbss
 *(.rel.tbss .rel.tbss.* .rel.gnu.linkonce.tb.*)

.rela.tbss
 *(.rela.tbss .rela.tbss.* .rela.gnu.linkonce.tb.*)

.rel.ctors
 *(.rel.ctors)

.rela.ctors
 *(.rela.ctors)

.rel.dtors
 *(.rel.dtors)

.rela.dtors
 *(.rela.dtors)

.rel.got
 *(.rel.got)

.rela.got
 *(.rela.got)

.rela.got1
 *(.rela.got1)

.rela.got2      0x80004194        0x0
 *(.rela.got2)
 .rela.got2     0x00000000        0x0 /opt/devkitpro/devkitPPC/lib/gcc/powerpc-eabi/4.6.3/crtbegin.o

.rel.sdata
 *(.rel.sdata .rel.sdata.* .rel.gnu.linkonce.s.*)

.rela.sdata
 *(.rela.sdata .rela.sdata.* .rela.gnu.linkonce.s.*)

.rel.sbss
 *(.rel.sbss .rel.sbss.* .rel.gnu.linkonce.sb.*)

.rela.sbss
 *(.rela.sbss .rela.sbss.* .rel.gnu.linkonce.sb.*)

.rel.sdata2
 *(.rel.sdata2 .rel.sdata2.* .rel.gnu.linkonce.s2.*)

.rela.sdata2
 *(.rela.sdata2 .rela.sdata2.* .rela.gnu.linkonce.s2.*)

.rel.sbss2
 *(.rel.sbss2 .rel.sbss2.* .rel.gnu.linkonce.sb2.*)

.rela.sbss2
 *(.rela.sbss2 .rela.sbss2.* .rela.gnu.linkonce.sb2.*)

.rel.bss
 *(.rel.bss .rel.bss.* .rel.gnu.linkonce.b.*)

.rela.bss
 *(.rela.bss .rela.bss.* .rela.gnu.linkonce.b.*)

.rel.plt
 *(.rel.plt)

.rela.plt
 *(.rela.plt)

.text           0x800041a0    0x3ebc0
 *(.text)
 .text          0x800041a0      0x168 /opt/devkitpro/devkitPPC/lib/gcc/powerpc-eabi/4.6.3/crtbegin.o
 .text          0x80004308       0x44 /opt/devkitpro/devkitPPC/lib/gcc/powerpc-eabi/4.6.3/../../../../powerpc-eabi/lib/crtmain.o
                0x8000430c                __crtmain
 *fill*         0x8000434c       0x14 00000000
 .text          0x80004360      0x44c /opt/devkitpro/libogc/lib/wii/libogc.a(lwp_handler.o)
                0x80004360                _cpu_context_save_fp
                0x800044a0                _cpu_context_restore_fp
                0x800045e0                _cpu_context_switch
                0x800046c0                _cpu_context_save
                0x80004740                _cpu_context_restore
 .text          0x800047ac      0x4f4 /opt/devkitpro/libogc/lib/wii/libogc.a(cache_asm.o)
                0x800047ac                DCFlashInvalidate
                0x800047c0                DCEnable
                0x800047d4                DCDisable
                0x800047e8                DCFreeze
                0x800047fc                DCUnfreeze
                0x80004810                DCTouchLoad
                0x80004818                DCBlockZero
                0x80004820                DCBlockStore
                0x80004828                DCBlockFlush
                0x80004830                DCBlockInvalidate
                0x80004838                DCInvalidateRange
                0x80004868                DCFlushRange
                0x8000489c                DCStoreRange
                0x800048d0                DCFlushRangeNoSync
                0x80004900                DCStoreRangeNoSync
                0x80004930                DCZeroRange
                0x80004960                DCTouchRange
                0x80004990                ICInvalidateRange
                0x800049c8                ICFlashInvalidate
                0x800049dc                ICEnable
                0x800049f0                ICDisable
                0x80004a04                ICFreeze
                0x80004a18                ICUnfreeze
                0x80004a2c                ICBlockInvalidate
                0x80004a34                ICSync
                0x80004a3c                L2Init
                0x80004a84                L2Enable
                0x80004aa0                L2Disable
                0x80004ab8                L2GlobalInvalidate
                0x80004b10                __LCEnable
                0x80004bdc                LCDisable
                0x80004c04                LCAllocOneTag
                0x80004c18                LCAllocTags
                0x80004c58                LCLoadBlocks
                0x80004c7c                LCStoreBlocks
 .text          0x80004ca0      0x4a0 /opt/devkitpro/libogc/lib/wii/libogc.a(system_asm.o)
                0x80004ca0                __realmode
                0x80004cb8                __configBATS
                0x80004de8                __InitFPRS
                0x80004f14                __InitPS
                0x80004f70                __InitCache
                0x80004fc8                __InitSystem
                0x80005050                __flush_cache
                0x80005084                __reset
                0x800050f4                __InitBATS
                0x80005110                SYS_SwitchFiber
 .text          0x80005140      0x8dc /opt/devkitpro/libogc/lib/wii/libogc.a(gu_psasm.o)
                0x80005140                ps_guMtxConcat
                0x80005204                ps_guMtxIdentity
                0x80005230                ps_guMtxCopy
                0x80005264                ps_guMtxTranspose
                0x800052b4                ps_guMtxInverse
                0x800053ac                ps_guMtxInvXpose
                0x80005474                ps_guMtxScale
                0x8000549c                ps_guMtxScaleApply
                0x800054f4                ps_guMtxApplyScale
                0x80005558                ps_guMtxTrans
                0x8000558c                ps_guMtxTransApply
                0x800055d8                ps_guMtxApplyTrans
                0x80005654                ps_guMtxRotTrig
                0x80005704                __ps_guMtxRotAxisRadInternal
                0x800057c4                ps_guMtxReflect
                0x80005834                ps_guVecAdd
                0x80005858                ps_guVecSub
                0x8000587c                ps_guVecScale
                0x80005898                ps_guVecNormalize
                0x800058dc                ps_guVecCross
                0x80005918                ps_guVecDotProduct
                0x80005938                ps_guVecMultiply
                0x8000598c                ps_guVecMultiplySR
                0x800059fc                ps_guQuatDotProduct
 .text          0x80005a1c      0x1ac /opt/devkitpro/libogc/lib/wii/libogc.a(irq_handler.o)
                0x80005a1c                irq_exceptionhandler
 .text          0x80005bc8      0x1ac /opt/devkitpro/libogc/lib/wii/libogc.a(decrementer_handler.o)
                0x80005bc8                dec_exceptionhandler
 .text          0x80005d74      0x35c /opt/devkitpro/libogc/lib/wii/libogc.a(exception_handler.o)
                0x80005d74                exceptionhandler_start
                0x80005df0                exceptionhandler_patch
                0x80005e24                exceptionhandler_end
                0x80005e28                default_exceptionhandler
                0x80005f58                fpu_exceptionhandler
                0x800060a0                systemcallhandler_start
                0x800060cc                systemcallhandler_end
 .text          0x800060d0       0x40 /opt/devkitpro/devkitPPC/lib/gcc/powerpc-eabi/4.6.3/libgcc.a(_ashldi3.o)
                0x800060d0                __ashldi3
 .text          0x80006110      0x400 /opt/devkitpro/devkitPPC/lib/gcc/powerpc-eabi/4.6.3/libgcc.a(_udivdi3.o)
                0x80006110                __udivdi3
 .text          0x80006510      0x3d4 /opt/devkitpro/devkitPPC/lib/gcc/powerpc-eabi/4.6.3/libgcc.a(_umoddi3.o)
                0x80006510                __umoddi3
 .text          0x800068e4       0x48 /opt/devkitpro/devkitPPC/lib/gcc/powerpc-eabi/4.6.3/libgcc.a(eabi.o)
                0x800068e4                __eabi
 .text          0x8000692c       0x4c /opt/devkitpro/devkitPPC/lib/gcc/powerpc-eabi/4.6.3/libgcc.a(crtsavfpr.o)
                0x8000692c                _savefpr_14
                0x80006930                _savefpr_15
                0x80006934                _savefpr_16
                0x80006938                _savefpr_17
                0x8000693c                _savefpr_18
                0x80006940                _savefpr_19
                0x80006944                _savefpr_20
                0x80006948                _savefpr_21
                0x8000694c                _savefpr_22
                0x80006950                _savefpr_23
                0x80006954                _savefpr_24
                0x80006958                _savefpr_25
                0x8000695c                _savefpr_26
                0x80006960                _savefpr_27
                0x80006964                _savefpr_28
                0x80006968                _savefpr_29
                0x8000696c                _savefpr_30
                0x80006970                _savefpr_31
 .text          0x80006978       0x4c /opt/devkitpro/devkitPPC/lib/gcc/powerpc-eabi/4.6.3/libgcc.a(crtsavgpr.o)
                0x80006978                _savegpr_14
                0x8000697c                _savegpr_15
                0x80006980                _savegpr_16
                0x80006984                _savegpr_17
                0x80006988                _savegpr_18
                0x8000698c                _savegpr_19
                0x80006990                _savegpr_20
                0x80006994                _savegpr_21
                0x80006998                _savegpr_22
                0x8000699c                _savegpr_23
                0x800069a0                _savegpr_24
                0x800069a4                _savegpr_25
                0x800069a8                _savegpr_26
                0x800069ac                _savegpr_27
                0x800069b0                _savegpr_28
                0x800069b4                _savegpr_29
                0x800069b8                _savegpr_30
                0x800069bc                _savegpr_31
 .text          0x800069c4       0x4c /opt/devkitpro/devkitPPC/lib/gcc/powerpc-eabi/4.6.3/libgcc.a(crtresgpr.o)
                0x800069c4                _restgpr_14
                0x800069c8                _restgpr_15
                0x800069cc                _restgpr_16
                0x800069d0                _restgpr_17
                0x800069d4                _restgpr_18
                0x800069d8                _restgpr_19
                0x800069dc                _restgpr_20
                0x800069e0                _restgpr_21
                0x800069e4                _restgpr_22
                0x800069e8                _restgpr_23
                0x800069ec                _restgpr_24
                0x800069f0                _restgpr_25
                0x800069f4                _restgpr_26
                0x800069f8                _restgpr_27
                0x800069fc                _restgpr_28
                0x80006a00                _restgpr_29
                0x80006a04                _restgpr_30
                0x80006a08                _restgpr_31
 .text          0x80006a10       0x58 /opt/devkitpro/devkitPPC/lib/gcc/powerpc-eabi/4.6.3/libgcc.a(crtresxfpr.o)
                0x80006a10                _restfpr_14_x
                0x80006a14                _restfpr_15_x
                0x80006a18                _restfpr_16_x
                0x80006a1c                _restfpr_17_x
                0x80006a20                _restfpr_18_x
                0x80006a24                _restfpr_19_x
                0x80006a28                _restfpr_20_x
                0x80006a2c                _restfpr_21_x
                0x80006a30                _restfpr_22_x
                0x80006a34                _restfpr_23_x
                0x80006a38                _restfpr_24_x
                0x80006a3c                _restfpr_25_x
                0x80006a40                _restfpr_26_x
                0x80006a44                _restfpr_27_x
                0x80006a48                _restfpr_28_x
                0x80006a4c                _restfpr_29_x
                0x80006a50                _restfpr_30_x
                0x80006a54                _restfpr_31_x
 .text          0x80006a68       0x58 /opt/devkitpro/devkitPPC/lib/gcc/powerpc-eabi/4.6.3/libgcc.a(crtresxgpr.o)
                0x80006a68                _restgpr_14_x
                0x80006a6c                _restgpr_15_x
                0x80006a70                _restgpr_16_x
                0x80006a74                _restgpr_17_x
                0x80006a78                _restgpr_18_x
                0x80006a7c                _restgpr_19_x
                0x80006a80                _restgpr_20_x
                0x80006a84                _restgpr_21_x
                0x80006a88                _restgpr_22_x
                0x80006a8c                _restgpr_23_x
                0x80006a90                _restgpr_24_x
                0x80006a94                _restgpr_25_x
                0x80006a98                _restgpr_26_x
                0x80006a9c                _restgpr_27_x
                0x80006aa0                _restgpr_28_x
                0x80006aa4                _restgpr_29_x
                0x80006aa8                _restgpr_30_x
                0x80006aac                _restgpr_31_x
 .text          0x80006ac0       0x28 /opt/devkitpro/devkitPPC/lib/gcc/powerpc-eabi/4.6.3/../../../../powerpc-eabi/lib/libsysbase.a(abort.o)
                0x80006ac0                abort
 .text          0x80006ae8      0x2ec /opt/devkitpro/devkitPPC/lib/gcc/powerpc-eabi/4.6.3/../../../../powerpc-eabi/lib/libsysbase.a(iosupport.o)
                0x80006ae8                setDefaultDevice
                0x80006b00                FindDevice
                0x80006c24                RemoveDevice
                0x80006c74                AddDevice
                0x80006d90                GetDeviceOpTab
 .text          0x80006dd4       0x28 /opt/devkitpro/devkitPPC/lib/gcc/powerpc-eabi/4.6.3/../../../../powerpc-eabi/lib/libsysbase.a(_exit.o)
                0x80006dd4                _exit
 .text          0x80006dfc       0x90 /opt/devkitpro/devkitPPC/lib/gcc/powerpc-eabi/4.6.3/../../../../powerpc-eabi/lib/libsysbase.a(build_argv.o)
                0x80006dfc                build_argv
 .text          0x80006e8c      0x168 /opt/devkitpro/devkitPPC/lib/gcc/powerpc-eabi/4.6.3/../../../../powerpc-eabi/lib/libsysbase.a(syscall_support.o)
                0x80006e8c                __libc_lock_init
                0x80006ecc                __libc_lock_close
                0x80006f0c                __libc_lock_release
                0x80006f4c                __libc_lock_acquire
                0x80006f8c                __malloc_lock
                0x80006fc0                __malloc_unlock
 .text          0x80006ff4       0x98 /opt/devkitpro/devkitPPC/lib/gcc/powerpc-eabi/4.6.3/../../../../powerpc-eabi/lib/libsysbase.a(close.o)
                0x80006ff4                _close_r
 .text          0x8000708c       0xc8 /opt/devkitpro/devkitPPC/lib/gcc/powerpc-eabi/4.6.3/../../../../powerpc-eabi/lib/libsysbase.a(fstat.o)
                0x8000708c                _fstat_r
 .text          0x80007154        0x8 /opt/devkitpro/devkitPPC/lib/gcc/powerpc-eabi/4.6.3/../../../../powerpc-eabi/lib/libsysbase.a(isatty.o)
                0x80007154                _isatty_r
 .text          0x8000715c       0xcc /opt/devkitpro/devkitPPC/lib/gcc/powerpc-eabi/4.6.3/../../../../powerpc-eabi/lib/libsysbase.a(lseek.o)
                0x8000715c                _lseek_r
 .text          0x80007228       0xac /opt/devkitpro/devkitPPC/lib/gcc/powerpc-eabi/4.6.3/../../../../powerpc-eabi/lib/libsysbase.a(read.o)
                0x80007228                _read_r
 .text          0x800072d4       0x50 /opt/devkitpro/devkitPPC/lib/gcc/powerpc-eabi/4.6.3/../../../../powerpc-eabi/lib/libsysbase.a(sbrk.o)
                0x800072d4                _sbrk_r
 .text          0x80007324       0xac /opt/devkitpro/devkitPPC/lib/gcc/powerpc-eabi/4.6.3/../../../../powerpc-eabi/lib/libsysbase.a(write.o)
                0x80007324                _write_r
 .text          0x800073d0       0x6c /opt/devkitpro/devkitPPC/lib/gcc/powerpc-eabi/4.6.3/../../../../powerpc-eabi/lib/libsysbase.a(flock.o)
                0x800073d0                __flockfile
                0x80007418                __funlockfile
 .text          0x8000743c      0x174 /opt/devkitpro/devkitPPC/lib/gcc/powerpc-eabi/4.6.3/../../../../powerpc-eabi/lib/libsysbase.a(handle_manager.o)
                0x8000743c                __release_handle
                0x80007498                __alloc_handle
                0x8000758c                __get_handle
 .text          0x800075b0       0x6c /opt/devkitpro/devkitPPC/lib/gcc/powerpc-eabi/4.6.3/crtend.o
 *(.text.*)
 .text.pairwiseInteract
                0x8000761c       0x94 screensave.o
                0x8000761c                pairwiseInteract
 .text.drawSpriteTex
                0x800076b0      0x194 screensave.o
                0x800076b0                drawSpriteTex
 .text.startup.main
                0x80007844      0x778 screensave.o
                0x80007844                main
 .text.__wpad_assign_slot
                0x80007fbc      0x220 /opt/devkitpro/libogc/lib/wii/libwiiuse.a(wpad.o)
                0x80007fbc                __wpad_assign_slot
 .text.__wpad_def_powcb
                0x800081dc       0x20 /opt/devkitpro/libogc/lib/wii/libwiiuse.a(wpad.o)
 .text.__wpad_setfmt
                0x800081fc       0xf0 /opt/devkitpro/libogc/lib/wii/libwiiuse.a(wpad.o)
 .text.__readlinkkey_finished
                0x800082ec       0x30 /opt/devkitpro/libogc/lib/wii/libwiiuse.a(wpad.o)
 .text.__wpad_patch_finished
                0x8000831c       0x2c /opt/devkitpro/libogc/lib/wii/libwiiuse.a(wpad.o)
 .text.__wpad_eventCB
                0x80008348      0x958 /opt/devkitpro/libogc/lib/wii/libwiiuse.a(wpad.o)
 .text.__wpad_disconnectCB
                0x80008ca0       0xe8 /opt/devkitpro/libogc/lib/wii/libwiiuse.a(wpad.o)
                0x80008ca0                __wpad_disconnectCB
 .text.__wpad_timeouthandler
                0x80008d88       0x98 /opt/devkitpro/libogc/lib/wii/libwiiuse.a(wpad.o)
 .text.__initcore_finished
                0x80008e20       0x40 /opt/devkitpro/libogc/lib/wii/libwiiuse.a(wpad.o)
 .text.__wpad_init_finished
                0x80008e60      0x134 /opt/devkitpro/libogc/lib/wii/libwiiuse.a(wpad.o)
 .text.WPAD_ReadEvent
                0x80008f94      0x580 /opt/devkitpro/libogc/lib/wii/libwiiuse.a(wpad.o)
                0x80008f94                WPAD_ReadEvent
 .text.WPAD_ReadPending
                0x80009514      0x10c /opt/devkitpro/libogc/lib/wii/libwiiuse.a(wpad.o)
                0x80009514                WPAD_ReadPending
 .text.WPAD_Shutdown
                0x80009620       0xdc /opt/devkitpro/libogc/lib/wii/libwiiuse.a(wpad.o)
                0x80009620                WPAD_Shutdown
 .text.WPAD_Init
                0x800096fc      0x240 /opt/devkitpro/libogc/lib/wii/libwiiuse.a(wpad.o)
                0x800096fc                WPAD_Init
 .text.__wpad_onreset
                0x8000993c       0x2c /opt/devkitpro/libogc/lib/wii/libwiiuse.a(wpad.o)
 .text.WPAD_ScanPads
                0x80009968        0xc /opt/devkitpro/libogc/lib/wii/libwiiuse.a(wpad.o)
                0x80009968                WPAD_ScanPads
 .text.WPAD_ButtonsDown
                0x80009974       0x28 /opt/devkitpro/libogc/lib/wii/libwiiuse.a(wpad.o)
                0x80009974                WPAD_ButtonsDown
 .text.motion_plus_disconnected
                0x8000999c       0x10 /opt/devkitpro/libogc/lib/wii/libwiiuse.a(motion_plus.o)
                0x8000999c                motion_plus_disconnected
 .text.motion_plus_event
                0x800099ac       0x64 /opt/devkitpro/libogc/lib/wii/libwiiuse.a(motion_plus.o)
                0x800099ac                motion_plus_event
 .text.calculate_gforce
                0x80009a10      0x114 /opt/devkitpro/libogc/lib/wii/libwiiuse.a(dynamics.o)
                0x80009a10                calculate_gforce
 .text.calc_joystick_state
                0x80009b24      0x21c /opt/devkitpro/libogc/lib/wii/libwiiuse.a(dynamics.o)
                0x80009b24                calc_joystick_state
 .text.apply_smoothing
                0x80009d40      0x148 /opt/devkitpro/libogc/lib/wii/libwiiuse.a(dynamics.o)
                0x80009d40                apply_smoothing
 .text.calculate_orientation
                0x80009e88      0x29c /opt/devkitpro/libogc/lib/wii/libwiiuse.a(dynamics.o)
                0x80009e88                calculate_orientation
 .text.calc_balanceboard_state
                0x8000a124      0x36c /opt/devkitpro/libogc/lib/wii/libwiiuse.a(dynamics.o)
                0x8000a124                calc_balanceboard_state
 .text.wiiuse_handshake_expansion
                0x8000a490      0x1d4 /opt/devkitpro/libogc/lib/wii/libwiiuse.a(io.o)
                0x8000a490                wiiuse_handshake_expansion
 .text.wiiuse_handshake
                0x8000a664      0x150 /opt/devkitpro/libogc/lib/wii/libwiiuse.a(io.o)
                0x8000a664                wiiuse_handshake
 .text.wiiuse_handshake_expansion_start
                0x8000a7b4       0x24 /opt/devkitpro/libogc/lib/wii/libwiiuse.a(io.o)
                0x8000a7b4                wiiuse_handshake_expansion_start
 .text.wiiuse_disable_expansion
                0x8000a7d8       0xc0 /opt/devkitpro/libogc/lib/wii/libwiiuse.a(io.o)
                0x8000a7d8                wiiuse_disable_expansion
 .text.__wiiuse_disconnected
                0x8000a898       0x90 /opt/devkitpro/libogc/lib/wii/libwiiuse.a(io_wii.o)
 .text.__wiiuse_receive
                0x8000a928       0x8c /opt/devkitpro/libogc/lib/wii/libwiiuse.a(io_wii.o)
 .text.__wiiuse_connected
                0x8000a9b4       0x7c /opt/devkitpro/libogc/lib/wii/libwiiuse.a(io_wii.o)
 .text.__wiiuse_sensorbar_enable
                0x8000aa30       0x48 /opt/devkitpro/libogc/lib/wii/libwiiuse.a(io_wii.o)
                0x8000aa30                __wiiuse_sensorbar_enable
 .text.wiiuse_register
                0x8000aa78       0xa4 /opt/devkitpro/libogc/lib/wii/libwiiuse.a(io_wii.o)
                0x8000aa78                wiiuse_register
 .text.wiiuse_disconnect
                0x8000ab1c       0x40 /opt/devkitpro/libogc/lib/wii/libwiiuse.a(io_wii.o)
                0x8000ab1c                wiiuse_disconnect
 .text.wiiuse_init_cmd_queue
                0x8000ab5c       0x84 /opt/devkitpro/libogc/lib/wii/libwiiuse.a(io_wii.o)
                0x8000ab5c                wiiuse_init_cmd_queue
 .text.wiiuse_io_write
                0x8000abe0       0x38 /opt/devkitpro/libogc/lib/wii/libwiiuse.a(io_wii.o)
                0x8000abe0                wiiuse_io_write
 .text.get_ir_sens.isra.0
                0x8000ac18       0xe8 /opt/devkitpro/libogc/lib/wii/libwiiuse.a(ir.o)
 .text.rotate_dots
                0x8000ad00      0x110 /opt/devkitpro/libogc/lib/wii/libwiiuse.a(ir.o)
 .text.wiiuse_set_ir_mode
                0x8000ae10       0x60 /opt/devkitpro/libogc/lib/wii/libwiiuse.a(ir.o)
                0x8000ae10                wiiuse_set_ir_mode
 .text.wiiuse_set_ir
                0x8000ae70      0x190 /opt/devkitpro/libogc/lib/wii/libwiiuse.a(ir.o)
                0x8000ae70                wiiuse_set_ir
 .text.wiiuse_set_ir_position
                0x8000b000       0x78 /opt/devkitpro/libogc/lib/wii/libwiiuse.a(ir.o)
                0x8000b000                wiiuse_set_ir_position
 .text.wiiuse_set_aspect_ratio
                0x8000b078       0x3c /opt/devkitpro/libogc/lib/wii/libwiiuse.a(ir.o)
                0x8000b078                wiiuse_set_aspect_ratio
 .text.wiiuse_set_ir_sensitivity
                0x8000b0b4       0xf8 /opt/devkitpro/libogc/lib/wii/libwiiuse.a(ir.o)
                0x8000b0b4                wiiuse_set_ir_sensitivity
 .text.calculate_basic_ir
                0x8000b1ac       0xfc /opt/devkitpro/libogc/lib/wii/libwiiuse.a(ir.o)
                0x8000b1ac                calculate_basic_ir
 .text.calculate_extended_ir
                0x8000b2a8       0x7c /opt/devkitpro/libogc/lib/wii/libwiiuse.a(ir.o)
                0x8000b2a8                calculate_extended_ir
 .text.find_sensorbar
                0x8000b324      0x7fc /opt/devkitpro/libogc/lib/wii/libwiiuse.a(ir.o)
                0x8000b324                find_sensorbar
 .text.apply_ir_smoothing
                0x8000bb20       0xd4 /opt/devkitpro/libogc/lib/wii/libwiiuse.a(ir.o)
                0x8000bb20                apply_ir_smoothing
 .text.calc_yaw
                0x8000bbf4       0x54 /opt/devkitpro/libogc/lib/wii/libwiiuse.a(ir.o)
                0x8000bbf4                calc_yaw
 .text.interpret_ir_data
                0x8000bc48      0x370 /opt/devkitpro/libogc/lib/wii/libwiiuse.a(ir.o)
                0x8000bc48                interpret_ir_data
 .text.nunchuk_handshake
                0x8000bfb8      0x228 /opt/devkitpro/libogc/lib/wii/libwiiuse.a(nunchuk.o)
                0x8000bfb8                nunchuk_handshake
 .text.nunchuk_disconnected
                0x8000c1e0       0x28 /opt/devkitpro/libogc/lib/wii/libwiiuse.a(nunchuk.o)
                0x8000c1e0                nunchuk_disconnected
 .text.nunchuk_event
                0x8000c208       0xe4 /opt/devkitpro/libogc/lib/wii/libwiiuse.a(nunchuk.o)
                0x8000c208                nunchuk_event
 .text.wii_board_handshake
                0x8000c2ec      0x170 /opt/devkitpro/libogc/lib/wii/libwiiuse.a(wiiboard.o)
                0x8000c2ec                wii_board_handshake
 .text.wii_board_disconnected
                0x8000c45c       0x28 /opt/devkitpro/libogc/lib/wii/libwiiuse.a(wiiboard.o)
                0x8000c45c                wii_board_disconnected
 .text.wii_board_event
                0x8000c484       0x54 /opt/devkitpro/libogc/lib/wii/libwiiuse.a(wiiboard.o)
                0x8000c484                wii_board_event
 .text.wiiuse_send_next_command
                0x8000c4d8       0x6c /opt/devkitpro/libogc/lib/wii/libwiiuse.a(wiiuse.o)
                0x8000c4d8                wiiuse_send_next_command
 .text.__wiiuse_push_command
                0x8000c544       0x94 /opt/devkitpro/libogc/lib/wii/libwiiuse.a(wiiuse.o)
 .text.wiiuse_init
                0x8000c5d8      0x154 /opt/devkitpro/libogc/lib/wii/libwiiuse.a(wiiuse.o)
                0x8000c5d8                wiiuse_init
 .text.wiiuse_set_flags
                0x8000c72c       0x24 /opt/devkitpro/libogc/lib/wii/libwiiuse.a(wiiuse.o)
                0x8000c72c                wiiuse_set_flags
 .text.wiiuse_read_data
                0x8000c750       0x94 /opt/devkitpro/libogc/lib/wii/libwiiuse.a(wiiuse.o)
                0x8000c750                wiiuse_read_data
 .text.wiiuse_write_data
                0x8000c7e4       0xc0 /opt/devkitpro/libogc/lib/wii/libwiiuse.a(wiiuse.o)
                0x8000c7e4                wiiuse_write_data
 .text.wiiuse_sendcmd
                0x8000c8a4       0x90 /opt/devkitpro/libogc/lib/wii/libwiiuse.a(wiiuse.o)
                0x8000c8a4                wiiuse_sendcmd
 .text.wiiuse_status
                0x8000c934       0x4c /opt/devkitpro/libogc/lib/wii/libwiiuse.a(wiiuse.o)
                0x8000c934                wiiuse_status
 .text.wiiuse_motion_sensing
                0x8000c980       0x3c /opt/devkitpro/libogc/lib/wii/libwiiuse.a(wiiuse.o)
                0x8000c980                wiiuse_motion_sensing
 .text.wiiuse_set_report_type
                0x8000c9bc       0xd0 /opt/devkitpro/libogc/lib/wii/libwiiuse.a(wiiuse.o)
                0x8000c9bc                wiiuse_set_report_type
 .text.wiiuse_set_leds
                0x8000ca8c       0x50 /opt/devkitpro/libogc/lib/wii/libwiiuse.a(wiiuse.o)
                0x8000ca8c                wiiuse_set_leds
 .text.wiiuse_set_speaker
                0x8000cadc      0x1e4 /opt/devkitpro/libogc/lib/wii/libwiiuse.a(speaker.o)
                0x8000cadc                wiiuse_set_speaker
 .text.classic_ctrl_handshake
                0x8000ccc0      0x188 /opt/devkitpro/libogc/lib/wii/libwiiuse.a(classic.o)
                0x8000ccc0                classic_ctrl_handshake
 .text.classic_ctrl_disconnected
                0x8000ce48       0x28 /opt/devkitpro/libogc/lib/wii/libwiiuse.a(classic.o)
                0x8000ce48                classic_ctrl_disconnected
 .text.classic_ctrl_event
                0x8000ce70       0xa4 /opt/devkitpro/libogc/lib/wii/libwiiuse.a(classic.o)
                0x8000ce70                classic_ctrl_event
 .text.handle_expansion
                0x8000cf14       0x70 /opt/devkitpro/libogc/lib/wii/libwiiuse.a(events.o)
 .text.wiiuse_pressed_buttons
                0x8000cf84       0x2c /opt/devkitpro/libogc/lib/wii/libwiiuse.a(events.o)
                0x8000cf84                wiiuse_pressed_buttons
 .text.parse_event
                0x8000cfb0      0x540 /opt/devkitpro/libogc/lib/wii/libwiiuse.a(events.o)
                0x8000cfb0                parse_event
 .text.guitar_hero_3_handshake
                0x8000d4f0       0x68 /opt/devkitpro/libogc/lib/wii/libwiiuse.a(guitar_hero_3.o)
                0x8000d4f0                guitar_hero_3_handshake
 .text.guitar_hero_3_disconnected
                0x8000d558       0x28 /opt/devkitpro/libogc/lib/wii/libwiiuse.a(guitar_hero_3.o)
                0x8000d558                guitar_hero_3_disconnected
 .text.guitar_hero_3_event
                0x8000d580       0x68 /opt/devkitpro/libogc/lib/wii/libwiiuse.a(guitar_hero_3.o)
                0x8000d580                guitar_hero_3_event
 .text.acl_wlp_completed
                0x8000d5e8        0x8 /opt/devkitpro/libogc/lib/wii/libbte.a(bte.o)
                0x8000d5e8                acl_wlp_completed
 .text.__bte_cmdfinish
                0x8000d5f0       0x9c /opt/devkitpro/libogc/lib/wii/libbte.a(bte.o)
 .text.bte_hci_initsub_complete
                0x8000d68c      0x12c /opt/devkitpro/libogc/lib/wii/libbte.a(bte.o)
                0x8000d68c                bte_hci_initsub_complete
 .text.bte_hci_initcore_complete2
                0x8000d7b8       0xf0 /opt/devkitpro/libogc/lib/wii/libbte.a(bte.o)
                0x8000d7b8                bte_hci_initcore_complete2
 .text.bte_hci_patch_complete
                0x8000d8a8      0x1b0 /opt/devkitpro/libogc/lib/wii/libbte.a(bte.o)
                0x8000d8a8                bte_hci_patch_complete
 .text.bte_hci_apply_patch_complete
                0x8000da58       0xa8 /opt/devkitpro/libogc/lib/wii/libbte.a(bte.o)
                0x8000da58                bte_hci_apply_patch_complete
 .text.bte_hci_initcore_complete
                0x8000db00      0x158 /opt/devkitpro/libogc/lib/wii/libbte.a(bte.o)
                0x8000db00                bte_hci_initcore_complete
 .text.__bte_close_ctrl_queue
                0x8000dc58       0x80 /opt/devkitpro/libogc/lib/wii/libbte.a(bte.o)
 .text.__bte_send_pending_request
                0x8000dcd8       0xb8 /opt/devkitpro/libogc/lib/wii/libbte.a(bte.o)
 .text.l2cap_disconnect_cfm
                0x8000dd90       0xe0 /opt/devkitpro/libogc/lib/wii/libbte.a(bte.o)
                0x8000dd90                l2cap_disconnect_cfm
 .text.acl_conn_complete
                0x8000de70       0x2c /opt/devkitpro/libogc/lib/wii/libbte.a(bte.o)
                0x8000de70                acl_conn_complete
 .text.__bte_shutdown_finished
                0x8000de9c       0x5c /opt/devkitpro/libogc/lib/wii/libbte.a(bte.o)
 .text.bt_alarmhandler
                0x8000def8       0x60 /opt/devkitpro/libogc/lib/wii/libbte.a(bte.o)
 .text.bte_read_stored_link_key_complete
                0x8000df58      0x108 /opt/devkitpro/libogc/lib/wii/libbte.a(bte.o)
                0x8000df58                bte_read_stored_link_key_complete
 .text.l2cap_accepted
                0x8000e060       0xd8 /opt/devkitpro/libogc/lib/wii/libbte.a(bte.o)
                0x8000e060                l2cap_accepted
 .text.l2cap_disconnected_ind
                0x8000e138       0xb8 /opt/devkitpro/libogc/lib/wii/libbte.a(bte.o)
                0x8000e138                l2cap_disconnected_ind
 .text.bte_process_input
                0x8000e1f0       0xf4 /opt/devkitpro/libogc/lib/wii/libbte.a(bte.o)
 .text.__bte_waitcmdfinish.constprop.6
                0x8000e2e4       0x78 /opt/devkitpro/libogc/lib/wii/libbte.a(bte.o)
 .text.BTE_Init
                0x8000e35c      0x108 /opt/devkitpro/libogc/lib/wii/libbte.a(bte.o)
                0x8000e35c                BTE_Init
 .text.BTE_Shutdown
                0x8000e464       0x94 /opt/devkitpro/libogc/lib/wii/libbte.a(bte.o)
                0x8000e464                BTE_Shutdown
 .text.BTE_InitCore
                0x8000e4f8       0x7c /opt/devkitpro/libogc/lib/wii/libbte.a(bte.o)
                0x8000e4f8                BTE_InitCore
 .text.BTE_ApplyPatch
                0x8000e574       0x98 /opt/devkitpro/libogc/lib/wii/libbte.a(bte.o)
                0x8000e574                BTE_ApplyPatch
 .text.BTE_InitSub
                0x8000e60c       0x80 /opt/devkitpro/libogc/lib/wii/libbte.a(bte.o)
                0x8000e60c                BTE_InitSub
 .text.BTE_ReadStoredLinkKey
                0x8000e68c       0x80 /opt/devkitpro/libogc/lib/wii/libbte.a(bte.o)
                0x8000e68c                BTE_ReadStoredLinkKey
 .text.BTE_SetDisconnectCallback
                0x8000e70c       0x20 /opt/devkitpro/libogc/lib/wii/libbte.a(bte.o)
                0x8000e70c                BTE_SetDisconnectCallback
 .text.bte_new  0x8000e72c       0x4c /opt/devkitpro/libogc/lib/wii/libbte.a(bte.o)
                0x8000e72c                bte_new
 .text.bte_registerdeviceasync
                0x8000e778      0x124 /opt/devkitpro/libogc/lib/wii/libbte.a(bte.o)
                0x8000e778                bte_registerdeviceasync
 .text.bte_disconnect
                0x8000e89c       0x9c /opt/devkitpro/libogc/lib/wii/libbte.a(bte.o)
                0x8000e89c                bte_disconnect
 .text.bte_senddata
                0x8000e938       0xb0 /opt/devkitpro/libogc/lib/wii/libbte.a(bte.o)
                0x8000e938                bte_senddata
 .text.bte_arg  0x8000e9e8       0x3c /opt/devkitpro/libogc/lib/wii/libbte.a(bte.o)
                0x8000e9e8                bte_arg
 .text.bte_received
                0x8000ea24       0x3c /opt/devkitpro/libogc/lib/wii/libbte.a(bte.o)
                0x8000ea24                bte_received
 .text.bte_disconnected
                0x8000ea60       0x3c /opt/devkitpro/libogc/lib/wii/libbte.a(bte.o)
                0x8000ea60                bte_disconnected
 .text.hci_init
                0x8000ea9c       0x78 /opt/devkitpro/libogc/lib/wii/libbte.a(hci.o)
                0x8000ea9c                hci_init
 .text.hci_new  0x8000eb14       0x3c /opt/devkitpro/libogc/lib/wii/libbte.a(hci.o)
                0x8000eb14                hci_new
 .text.hci_get_link
                0x8000eb50       0x7c /opt/devkitpro/libogc/lib/wii/libbte.a(hci.o)
                0x8000eb50                hci_get_link
 .text.hci_close
                0x8000ebcc       0xcc /opt/devkitpro/libogc/lib/wii/libbte.a(hci.o)
                0x8000ebcc                hci_close
 .text.hci_reset_all
                0x8000ec98       0x9c /opt/devkitpro/libogc/lib/wii/libbte.a(hci.o)
                0x8000ec98                hci_reset_all
 .text.hci_arg  0x8000ed34        0xc /opt/devkitpro/libogc/lib/wii/libbte.a(hci.o)
                0x8000ed34                hci_arg
 .text.hci_cmd_complete
                0x8000ed40        0xc /opt/devkitpro/libogc/lib/wii/libbte.a(hci.o)
                0x8000ed40                hci_cmd_complete
 .text.hci_connection_complete
                0x8000ed4c        0xc /opt/devkitpro/libogc/lib/wii/libbte.a(hci.o)
                0x8000ed4c                hci_connection_complete
 .text.hci_wlp_complete
                0x8000ed58        0xc /opt/devkitpro/libogc/lib/wii/libbte.a(hci.o)
                0x8000ed58                hci_wlp_complete
 .text.hci_cmd_ass
                0x8000ed64       0x48 /opt/devkitpro/libogc/lib/wii/libbte.a(hci.o)
                0x8000ed64                hci_cmd_ass
 .text.hci_reset
                0x8000edac       0x64 /opt/devkitpro/libogc/lib/wii/libbte.a(hci.o)
                0x8000edac                hci_reset
 .text.hci_read_buffer_size
                0x8000ee10       0x64 /opt/devkitpro/libogc/lib/wii/libbte.a(hci.o)
                0x8000ee10                hci_read_buffer_size
 .text.hci_read_bd_addr
                0x8000ee74       0x64 /opt/devkitpro/libogc/lib/wii/libbte.a(hci.o)
                0x8000ee74                hci_read_bd_addr
 .text.hci_read_local_version
                0x8000eed8       0x64 /opt/devkitpro/libogc/lib/wii/libbte.a(hci.o)
                0x8000eed8                hci_read_local_version
 .text.hci_read_local_features
                0x8000ef3c       0x64 /opt/devkitpro/libogc/lib/wii/libbte.a(hci.o)
                0x8000ef3c                hci_read_local_features
 .text.hci_read_stored_link_key
                0x8000efa0       0xac /opt/devkitpro/libogc/lib/wii/libbte.a(hci.o)
                0x8000efa0                hci_read_stored_link_key
 .text.hci_write_page_timeout
                0x8000f04c       0x7c /opt/devkitpro/libogc/lib/wii/libbte.a(hci.o)
                0x8000f04c                hci_write_page_timeout
 .text.hci_write_scan_enable
                0x8000f0c8       0x6c /opt/devkitpro/libogc/lib/wii/libbte.a(hci.o)
                0x8000f0c8                hci_write_scan_enable
 .text.hci_accecpt_conn_request
                0x8000f134       0x80 /opt/devkitpro/libogc/lib/wii/libbte.a(hci.o)
                0x8000f134                hci_accecpt_conn_request
 .text.hci_write_local_name
                0x8000f1b4       0x80 /opt/devkitpro/libogc/lib/wii/libbte.a(hci.o)
                0x8000f1b4                hci_write_local_name
 .text.hci_write_pin_type
                0x8000f234       0x6c /opt/devkitpro/libogc/lib/wii/libbte.a(hci.o)
                0x8000f234                hci_write_pin_type
 .text.hci_write_inquiry_mode
                0x8000f2a0       0x6c /opt/devkitpro/libogc/lib/wii/libbte.a(hci.o)
                0x8000f2a0                hci_write_inquiry_mode
 .text.hci_write_page_scan_type
                0x8000f30c       0x6c /opt/devkitpro/libogc/lib/wii/libbte.a(hci.o)
                0x8000f30c                hci_write_page_scan_type
 .text.hci_write_inquiry_scan_type
                0x8000f378       0x6c /opt/devkitpro/libogc/lib/wii/libbte.a(hci.o)
                0x8000f378                hci_write_inquiry_scan_type
 .text.hci_vendor_specific_command
                0x8000f3e4       0x8c /opt/devkitpro/libogc/lib/wii/libbte.a(hci.o)
                0x8000f3e4                hci_vendor_specific_command
 .text.hci_write_link_policy_settings
                0x8000f470       0xa0 /opt/devkitpro/libogc/lib/wii/libbte.a(hci.o)
                0x8000f470                hci_write_link_policy_settings
 .text.hci_pin_code_request_neg_reply
                0x8000f510       0x74 /opt/devkitpro/libogc/lib/wii/libbte.a(hci.o)
                0x8000f510                hci_pin_code_request_neg_reply
 .text.hci_disconnect
                0x8000f584       0x98 /opt/devkitpro/libogc/lib/wii/libbte.a(hci.o)
                0x8000f584                hci_disconnect
 .text.hci_write_cod
                0x8000f61c       0x78 /opt/devkitpro/libogc/lib/wii/libbte.a(hci.o)
                0x8000f61c                hci_write_cod
 .text.hci_host_buffer_size
                0x8000f694       0xb4 /opt/devkitpro/libogc/lib/wii/libbte.a(hci.o)
                0x8000f694                hci_host_buffer_size
 .text.hci_host_num_comp_packets
                0x8000f748       0xac /opt/devkitpro/libogc/lib/wii/libbte.a(hci.o)
                0x8000f748                hci_host_num_comp_packets
 .text.lp_pdu_maxsize
                0x8000f7f4        0xc /opt/devkitpro/libogc/lib/wii/libbte.a(hci.o)
                0x8000f7f4                lp_pdu_maxsize
 .text.lp_acl_write
                0x8000f800      0x114 /opt/devkitpro/libogc/lib/wii/libbte.a(hci.o)
                0x8000f800                lp_acl_write
 .text.lp_write_flush_timeout
                0x8000f914       0xa0 /opt/devkitpro/libogc/lib/wii/libbte.a(hci.o)
                0x8000f914                lp_write_flush_timeout
 .text.hci_event_handler
                0x8000f9b4      0xa6c /opt/devkitpro/libogc/lib/wii/libbte.a(hci.o)
                0x8000f9b4                hci_event_handler
 .text.hci_acldata_handler
                0x80010420       0xdc /opt/devkitpro/libogc/lib/wii/libbte.a(hci.o)
                0x80010420                hci_acldata_handler
 .text.l2cap_cid_alloc
                0x800104fc       0x4c /opt/devkitpro/libogc/lib/wii/libbte.a(l2cap.o)
 .text.l2cap_init
                0x80010548       0x60 /opt/devkitpro/libogc/lib/wii/libbte.a(l2cap.o)
                0x80010548                l2cap_init
 .text.l2cap_write
                0x800105a8       0xe0 /opt/devkitpro/libogc/lib/wii/libbte.a(l2cap.o)
                0x800105a8                l2cap_write
 .text.l2cap_new
                0x80010688       0x6c /opt/devkitpro/libogc/lib/wii/libbte.a(l2cap.o)
                0x80010688                l2cap_new
 .text.l2cap_close
                0x800106f4      0x15c /opt/devkitpro/libogc/lib/wii/libbte.a(l2cap.o)
                0x800106f4                l2cap_close
 .text.l2cap_reset_all
                0x80010850      0x104 /opt/devkitpro/libogc/lib/wii/libbte.a(l2cap.o)
                0x80010850                l2cap_reset_all
 .text.l2cap_rexmit_signal
                0x80010954       0x10 /opt/devkitpro/libogc/lib/wii/libbte.a(l2cap.o)
                0x80010954                l2cap_rexmit_signal
 .text.l2ca_datawrite
                0x80010964       0xe8 /opt/devkitpro/libogc/lib/wii/libbte.a(l2cap.o)
                0x80010964                l2ca_datawrite
 .text.lp_connect_ind
                0x80010a4c        0x4 /opt/devkitpro/libogc/lib/wii/libbte.a(l2cap.o)
                0x80010a4c                lp_connect_ind
 .text.lp_disconnect_ind
                0x80010a50       0xe4 /opt/devkitpro/libogc/lib/wii/libbte.a(l2cap.o)
                0x80010a50                lp_disconnect_ind
 .text.l2cap_disconnect_bb
                0x80010b34       0x10 /opt/devkitpro/libogc/lib/wii/libbte.a(l2cap.o)
                0x80010b34                l2cap_disconnect_bb
 .text.l2cap_next_sigid
                0x80010b44       0x28 /opt/devkitpro/libogc/lib/wii/libbte.a(l2cap.o)
                0x80010b44                l2cap_next_sigid
 .text.l2cap_signal
                0x80010b6c      0x184 /opt/devkitpro/libogc/lib/wii/libbte.a(l2cap.o)
                0x80010b6c                l2cap_signal
 .text.lp_connect_cfm
                0x80010cf0      0x130 /opt/devkitpro/libogc/lib/wii/libbte.a(l2cap.o)
                0x80010cf0                lp_connect_cfm
 .text.l2ca_disconnect_req
                0x80010e20       0xac /opt/devkitpro/libogc/lib/wii/libbte.a(l2cap.o)
                0x80010e20                l2ca_disconnect_req
 .text.l2cap_tmr
                0x80010ecc      0x1e8 /opt/devkitpro/libogc/lib/wii/libbte.a(l2cap.o)
                0x80010ecc                l2cap_tmr
 .text.l2ca_config_req
                0x800110b4      0x108 /opt/devkitpro/libogc/lib/wii/libbte.a(l2cap.o)
                0x800110b4                l2ca_config_req
 .text.l2cap_process_sig
                0x800111bc     0x1078 /opt/devkitpro/libogc/lib/wii/libbte.a(l2cap.o)
                0x800111bc                l2cap_process_sig
 .text.l2cap_input
                0x80012234      0x4e8 /opt/devkitpro/libogc/lib/wii/libbte.a(l2cap.o)
                0x80012234                l2cap_input
 .text.l2cap_arg
                0x8001271c        0x8 /opt/devkitpro/libogc/lib/wii/libbte.a(l2cap.o)
                0x8001271c                l2cap_arg
 .text.l2cap_connect_ind
                0x80012724       0xd8 /opt/devkitpro/libogc/lib/wii/libbte.a(l2cap.o)
                0x80012724                l2cap_connect_ind
 .text.l2cap_disconnect_ind
                0x800127fc        0x8 /opt/devkitpro/libogc/lib/wii/libbte.a(l2cap.o)
                0x800127fc                l2cap_disconnect_ind
 .text.l2cap_recv
                0x80012804        0x8 /opt/devkitpro/libogc/lib/wii/libbte.a(l2cap.o)
                0x80012804                l2cap_recv
 .text.btmemb_init
                0x8001280c       0x40 /opt/devkitpro/libogc/lib/wii/libbte.a(btmemb.o)
                0x8001280c                btmemb_init
 .text.btmemb_alloc
                0x8001284c       0x9c /opt/devkitpro/libogc/lib/wii/libbte.a(btmemb.o)
                0x8001284c                btmemb_alloc
 .text.btmemb_free
                0x800128e8       0xa4 /opt/devkitpro/libogc/lib/wii/libbte.a(btmemb.o)
                0x800128e8                btmemb_free
 .text.plug_holes
                0x8001298c       0xb8 /opt/devkitpro/libogc/lib/wii/libbte.a(btmemr.o)
 .text.btmemr_init
                0x80012a44       0x8c /opt/devkitpro/libogc/lib/wii/libbte.a(btmemr.o)
                0x80012a44                btmemr_init
 .text.btmemr_malloc
                0x80012ad0      0x164 /opt/devkitpro/libogc/lib/wii/libbte.a(btmemr.o)
                0x80012ad0                btmemr_malloc
 .text.btmemr_free
                0x80012c34       0x94 /opt/devkitpro/libogc/lib/wii/libbte.a(btmemr.o)
                0x80012c34                btmemr_free
 .text.btmemr_realloc
                0x80012cc8       0xf0 /opt/devkitpro/libogc/lib/wii/libbte.a(btmemr.o)
                0x80012cc8                btmemr_realloc
 .text.btpbuf_init
                0x80012db8       0x2c /opt/devkitpro/libogc/lib/wii/libbte.a(btpbuf.o)
                0x80012db8                btpbuf_init
 .text.btpbuf_free
                0x80012de4       0xc4 /opt/devkitpro/libogc/lib/wii/libbte.a(btpbuf.o)
                0x80012de4                btpbuf_free
 .text.btpbuf_alloc
                0x80012ea8      0x1d0 /opt/devkitpro/libogc/lib/wii/libbte.a(btpbuf.o)
                0x80012ea8                btpbuf_alloc
 .text.btpbuf_realloc
                0x80013078       0xa4 /opt/devkitpro/libogc/lib/wii/libbte.a(btpbuf.o)
                0x80013078                btpbuf_realloc
 .text.btpbuf_header
                0x8001311c       0x98 /opt/devkitpro/libogc/lib/wii/libbte.a(btpbuf.o)
                0x8001311c                btpbuf_header
 .text.btpbuf_ref
                0x800131b4       0x4c /opt/devkitpro/libogc/lib/wii/libbte.a(btpbuf.o)
                0x800131b4                btpbuf_ref
 .text.btpbuf_cat
                0x80013200       0x48 /opt/devkitpro/libogc/lib/wii/libbte.a(btpbuf.o)
                0x80013200                btpbuf_cat
 .text.btpbuf_chain
                0x80013248       0x34 /opt/devkitpro/libogc/lib/wii/libbte.a(btpbuf.o)
                0x80013248                btpbuf_chain
 .text.btpbuf_dechain
                0x8001327c       0x60 /opt/devkitpro/libogc/lib/wii/libbte.a(btpbuf.o)
                0x8001327c                btpbuf_dechain
 .text.btpbuf_take
                0x800132dc       0xe8 /opt/devkitpro/libogc/lib/wii/libbte.a(btpbuf.o)
                0x800132dc                btpbuf_take
 .text.__usb_closeCB
                0x800133c4       0x10 /opt/devkitpro/libogc/lib/wii/libbte.a(physbusif.o)
 .text.__writebulkmsgCB
                0x800133d4       0x34 /opt/devkitpro/libogc/lib/wii/libbte.a(physbusif.o)
 .text.__writectrlmsgCB
                0x80013408       0x34 /opt/devkitpro/libogc/lib/wii/libbte.a(physbusif.o)
 .text.__initUsbIOBuffer
                0x8001343c       0x78 /opt/devkitpro/libogc/lib/wii/libbte.a(physbusif.o)
 .text.__issue_intrread.part.0
                0x800134b4       0x7c /opt/devkitpro/libogc/lib/wii/libbte.a(physbusif.o)
 .text.__readintrdataCB
                0x80013530       0xf0 /opt/devkitpro/libogc/lib/wii/libbte.a(physbusif.o)
 .text.__issue_bulkread.part.2
                0x80013620       0x7c /opt/devkitpro/libogc/lib/wii/libbte.a(physbusif.o)
 .text.__readbulkdataCB
                0x8001369c       0xf0 /opt/devkitpro/libogc/lib/wii/libbte.a(physbusif.o)
 .text.physbusif_init
                0x8001378c      0x15c /opt/devkitpro/libogc/lib/wii/libbte.a(physbusif.o)
                0x8001378c                physbusif_init
 .text.physbusif_close
                0x800138e8       0x28 /opt/devkitpro/libogc/lib/wii/libbte.a(physbusif.o)
                0x800138e8                physbusif_close
 .text.physbusif_shutdown
                0x80013910       0x40 /opt/devkitpro/libogc/lib/wii/libbte.a(physbusif.o)
                0x80013910                physbusif_shutdown
 .text.physbusif_reset_all
                0x80013950        0x4 /opt/devkitpro/libogc/lib/wii/libbte.a(physbusif.o)
                0x80013950                physbusif_reset_all
 .text.physbusif_output
                0x80013954      0x140 /opt/devkitpro/libogc/lib/wii/libbte.a(physbusif.o)
                0x80013954                physbusif_output
 .text.__dsp_donecallback
                0x80013a94        0xc /opt/devkitpro/libogc/lib/wii/libasnd.a(asndlib.o)
 .text.__dsp_initcallback
                0x80013aa0       0x58 /opt/devkitpro/libogc/lib/wii/libasnd.a(asndlib.o)
 .text.audio_dma_callback
                0x80013af8      0x5a4 /opt/devkitpro/libogc/lib/wii/libasnd.a(asndlib.o)
 .text.__dsp_requestcallback
                0x8001409c      0x6b4 /opt/devkitpro/libogc/lib/wii/libasnd.a(asndlib.o)
 .text.ASND_Init
                0x80014750      0x1f8 /opt/devkitpro/libogc/lib/wii/libasnd.a(asndlib.o)
                0x80014750                ASND_Init
 .text.ASND_SetVoice
                0x80014948      0x168 /opt/devkitpro/libogc/lib/wii/libasnd.a(asndlib.o)
                0x80014948                ASND_SetVoice
 .text.ASND_AddVoice
                0x80014ab0       0xd8 /opt/devkitpro/libogc/lib/wii/libasnd.a(asndlib.o)
                0x80014ab0                ASND_AddVoice
 .text.ASND_TestPointer
                0x80014b88       0x80 /opt/devkitpro/libogc/lib/wii/libasnd.a(asndlib.o)
                0x80014b88                ASND_TestPointer
 .text.ASND_StopVoice
                0x80014c08       0x74 /opt/devkitpro/libogc/lib/wii/libasnd.a(asndlib.o)
                0x80014c08                ASND_StopVoice
 .text.ASND_StatusVoice
                0x80014c7c       0x7c /opt/devkitpro/libogc/lib/wii/libasnd.a(asndlib.o)
                0x80014c7c                ASND_StatusVoice
 .text.ASND_Pause
                0x80014cf8        0x8 /opt/devkitpro/libogc/lib/wii/libasnd.a(asndlib.o)
                0x80014cf8                ASND_Pause
 .text.__lwp_queue_initialize
                0x80014d00       0x3c /opt/devkitpro/libogc/lib/wii/libogc.a(lwp_queue.o)
                0x80014d00                __lwp_queue_initialize
 .text.__lwp_queue_get
                0x80014d3c       0x64 /opt/devkitpro/libogc/lib/wii/libogc.a(lwp_queue.o)
                0x80014d3c                __lwp_queue_get
 .text.__lwp_queue_append
                0x80014da0       0x50 /opt/devkitpro/libogc/lib/wii/libogc.a(lwp_queue.o)
                0x80014da0                __lwp_queue_append
 .text.__lwp_priomap_addto
                0x80014df0       0x28 /opt/devkitpro/libogc/lib/wii/libogc.a(lwp_threads.o)
 .text.__lwp_thread_calcheir
                0x80014e18       0x3c /opt/devkitpro/libogc/lib/wii/libogc.a(lwp_threads.o)
 .text.__lwp_thread_dispatchunnest
                0x80014e54       0x10 /opt/devkitpro/libogc/lib/wii/libogc.a(lwp_threads.o)
 .text.__lwp_priomap_removefrom
                0x80014e64       0x38 /opt/devkitpro/libogc/lib/wii/libogc.a(lwp_threads.o)
 .text.__lwp_wd_insert_ticks.constprop.4
                0x80014e9c       0x60 /opt/devkitpro/libogc/lib/wii/libogc.a(lwp_threads.o)
 .text.__lwp_isr_in_progress
                0x80014efc        0x8 /opt/devkitpro/libogc/lib/wii/libogc.a(lwp_threads.o)
                0x80014efc                __lwp_isr_in_progress
 .text.__thread_dispatch_fp
                0x80014f04       0x7c /opt/devkitpro/libogc/lib/wii/libogc.a(lwp_threads.o)
                0x80014f04                __thread_dispatch_fp
 .text.__thread_dispatch
                0x80014f80       0xe0 /opt/devkitpro/libogc/lib/wii/libogc.a(lwp_threads.o)
                0x80014f80                __thread_dispatch
 .text.__lwp_thread_dispatchenable
                0x80015060       0x18 /opt/devkitpro/libogc/lib/wii/libogc.a(lwp_threads.o)
 .text.__lwp_thread_resettimeslice
                0x80015078       0xcc /opt/devkitpro/libogc/lib/wii/libogc.a(lwp_threads.o)
                0x80015078                __lwp_thread_resettimeslice
 .text.__lwp_thread_tickle_timeslice
                0x80015144       0x80 /opt/devkitpro/libogc/lib/wii/libogc.a(lwp_threads.o)
                0x80015144                __lwp_thread_tickle_timeslice
 .text.__lwp_thread_setstate
                0x800151c4       0xf8 /opt/devkitpro/libogc/lib/wii/libogc.a(lwp_threads.o)
                0x800151c4                __lwp_thread_setstate
 .text.__lwp_thread_clearstate
                0x800152bc       0xe8 /opt/devkitpro/libogc/lib/wii/libogc.a(lwp_threads.o)
                0x800152bc                __lwp_thread_clearstate
 .text.__lwp_thread_delayended
                0x800153a4       0x4c /opt/devkitpro/libogc/lib/wii/libogc.a(lwp_threads.o)
                0x800153a4                __lwp_thread_delayended
 .text.__lwp_thread_setpriority
                0x800153f0       0x5c /opt/devkitpro/libogc/lib/wii/libogc.a(lwp_threads.o)
                0x800153f0                __lwp_thread_setpriority
 .text.__lwp_thread_suspend
                0x8001544c      0x108 /opt/devkitpro/libogc/lib/wii/libogc.a(lwp_threads.o)
                0x8001544c                __lwp_thread_suspend
 .text.__lwp_thread_settransient
                0x80015554       0xa8 /opt/devkitpro/libogc/lib/wii/libogc.a(lwp_threads.o)
                0x80015554                __lwp_thread_settransient
 .text.__lwp_thread_changepriority
                0x800155fc      0x118 /opt/devkitpro/libogc/lib/wii/libogc.a(lwp_threads.o)
                0x800155fc                __lwp_thread_changepriority
 .text.__lwp_thread_resume
                0x80015714      0x12c /opt/devkitpro/libogc/lib/wii/libogc.a(lwp_threads.o)
                0x80015714                __lwp_thread_resume
 .text.__lwp_thread_loadenv
                0x80015840       0x78 /opt/devkitpro/libogc/lib/wii/libogc.a(lwp_threads.o)
                0x80015840                __lwp_thread_loadenv
 .text.__lwp_thread_ready
                0x800158b8       0xc0 /opt/devkitpro/libogc/lib/wii/libogc.a(lwp_threads.o)
                0x800158b8                __lwp_thread_ready
 .text.__lwp_thread_init
                0x80015978       0xf8 /opt/devkitpro/libogc/lib/wii/libogc.a(lwp_threads.o)
                0x80015978                __lwp_thread_init
 .text.__lwp_thread_close
                0x80015a70      0x108 /opt/devkitpro/libogc/lib/wii/libogc.a(lwp_threads.o)
                0x80015a70                __lwp_thread_close
 .text.__lwp_thread_closeall
                0x80015b78       0x9c /opt/devkitpro/libogc/lib/wii/libogc.a(lwp_threads.o)
                0x80015b78                __lwp_thread_closeall
 .text.__lwp_thread_exit
                0x80015c14       0x38 /opt/devkitpro/libogc/lib/wii/libogc.a(lwp_threads.o)
                0x80015c14                __lwp_thread_exit
 .text.__lwp_thread_handler
                0x80015c4c       0x68 /opt/devkitpro/libogc/lib/wii/libogc.a(lwp_threads.o)
 .text.__lwp_thread_start
                0x80015cb4       0x58 /opt/devkitpro/libogc/lib/wii/libogc.a(lwp_threads.o)
                0x80015cb4                __lwp_thread_start
 .text.__lwp_thread_startmultitasking
                0x80015d0c       0x64 /opt/devkitpro/libogc/lib/wii/libogc.a(lwp_threads.o)
                0x80015d0c                __lwp_thread_startmultitasking
 .text.__lwp_thread_stopmultitasking
                0x80015d70       0x5c /opt/devkitpro/libogc/lib/wii/libogc.a(lwp_threads.o)
                0x80015d70                __lwp_thread_stopmultitasking
 .text.__lwp_thread_coreinit
                0x80015dcc       0xd8 /opt/devkitpro/libogc/lib/wii/libogc.a(lwp_threads.o)
                0x80015dcc                __lwp_thread_coreinit
 .text.__lwp_objmgr_open
                0x80015ea4       0x20 /opt/devkitpro/libogc/lib/wii/libogc.a(lwp.o)
 .text.__lwp_thread_dispatchdisable
                0x80015ec4       0x10 /opt/devkitpro/libogc/lib/wii/libogc.a(lwp.o)
 .text.idle_func
                0x80015ed4        0x4 /opt/devkitpro/libogc/lib/wii/libogc.a(lwp.o)
 .text.__lwp_thread_dispatchenable
                0x80015ed8       0x34 /opt/devkitpro/libogc/lib/wii/libogc.a(lwp.o)
 .text.__lwp_cntrl_free
                0x80015f0c       0x50 /opt/devkitpro/libogc/lib/wii/libogc.a(lwp.o)
 .text.__lwp_tqueue_open
                0x80015f5c       0x48 /opt/devkitpro/libogc/lib/wii/libogc.a(lwp.o)
 .text.__lwp_cntrl_open
                0x80015fa4       0x48 /opt/devkitpro/libogc/lib/wii/libogc.a(lwp.o)
 .text.__lwp_sysinit
                0x80015fec       0xec /opt/devkitpro/libogc/lib/wii/libogc.a(lwp.o)
                0x80015fec                __lwp_sysinit
 .text.LWP_CreateThread
                0x800160d8       0xcc /opt/devkitpro/libogc/lib/wii/libogc.a(lwp.o)
                0x800160d8                LWP_CreateThread
 .text.LWP_SuspendThread
                0x800161a4       0x54 /opt/devkitpro/libogc/lib/wii/libogc.a(lwp.o)
                0x800161a4                LWP_SuspendThread
 .text.LWP_ResumeThread
                0x800161f8       0x58 /opt/devkitpro/libogc/lib/wii/libogc.a(lwp.o)
                0x800161f8                LWP_ResumeThread
 .text.LWP_GetSelf
                0x80016250       0x38 /opt/devkitpro/libogc/lib/wii/libogc.a(lwp.o)
                0x80016250                LWP_GetSelf
 .text.LWP_InitQueue
                0x80016288       0x84 /opt/devkitpro/libogc/lib/wii/libogc.a(lwp.o)
                0x80016288                LWP_InitQueue
 .text.LWP_CloseQueue
                0x8001630c       0x68 /opt/devkitpro/libogc/lib/wii/libogc.a(lwp.o)
                0x8001630c                LWP_CloseQueue
 .text.LWP_ThreadSleep
                0x80016374       0xa0 /opt/devkitpro/libogc/lib/wii/libogc.a(lwp.o)
                0x80016374                LWP_ThreadSleep
 .text.LWP_ThreadBroadcast
                0x80016414       0x50 /opt/devkitpro/libogc/lib/wii/libogc.a(lwp.o)
                0x80016414                LWP_ThreadBroadcast
 .text.LWP_ThreadSignal
                0x80016464       0x40 /opt/devkitpro/libogc/lib/wii/libogc.a(lwp.o)
                0x80016464                LWP_ThreadSignal
 .text.__lwp_stack_allocate
                0x800164a4       0x50 /opt/devkitpro/libogc/lib/wii/libogc.a(lwp_stack.o)
                0x800164a4                __lwp_stack_allocate
 .text.__lwp_stack_free
                0x800164f4       0x3c /opt/devkitpro/libogc/lib/wii/libogc.a(lwp_stack.o)
                0x800164f4                __lwp_stack_free
 .text.__lwp_wd_settimer.isra.3
                0x80016530       0xb4 /opt/devkitpro/libogc/lib/wii/libogc.a(lwp_watchdog.o)
 .text.__lwp_watchdog_init
                0x800165e4       0x2c /opt/devkitpro/libogc/lib/wii/libogc.a(lwp_watchdog.o)
                0x800165e4                __lwp_watchdog_init
 .text.__lwp_wd_insert
                0x80016610      0x150 /opt/devkitpro/libogc/lib/wii/libogc.a(lwp_watchdog.o)
                0x80016610                __lwp_wd_insert
 .text.__lwp_wd_remove
                0x80016760       0xd0 /opt/devkitpro/libogc/lib/wii/libogc.a(lwp_watchdog.o)
                0x80016760                __lwp_wd_remove
 .text.__lwp_wd_tickle
                0x80016830       0xfc /opt/devkitpro/libogc/lib/wii/libogc.a(lwp_watchdog.o)
                0x80016830                __lwp_wd_tickle
 .text.__lwp_wkspace_init
                0x8001692c       0xa0 /opt/devkitpro/libogc/lib/wii/libogc.a(lwp_wkspace.o)
                0x8001692c                __lwp_wkspace_init
 .text.__lwp_objmgr_initinfo
                0x800169cc      0x148 /opt/devkitpro/libogc/lib/wii/libogc.a(lwp_objmgr.o)
                0x800169cc                __lwp_objmgr_initinfo
 .text.__lwp_objmgr_getisrdisable
                0x80016b14       0x68 /opt/devkitpro/libogc/lib/wii/libogc.a(lwp_objmgr.o)
                0x80016b14                __lwp_objmgr_getisrdisable
 .text.__lwp_objmgr_getnoprotection
                0x80016b7c       0x24 /opt/devkitpro/libogc/lib/wii/libogc.a(lwp_objmgr.o)
                0x80016b7c                __lwp_objmgr_getnoprotection
 .text.__lwp_objmgr_get
                0x80016ba0       0x68 /opt/devkitpro/libogc/lib/wii/libogc.a(lwp_objmgr.o)
                0x80016ba0                __lwp_objmgr_get
 .text.__lwp_objmgr_allocate
                0x80016c08       0x78 /opt/devkitpro/libogc/lib/wii/libogc.a(lwp_objmgr.o)
                0x80016c08                __lwp_objmgr_allocate
 .text.__lwp_objmgr_free
                0x80016c80       0x60 /opt/devkitpro/libogc/lib/wii/libogc.a(lwp_objmgr.o)
                0x80016c80                __lwp_objmgr_free
 .text.__lwp_heap_init
                0x80016ce0       0xb0 /opt/devkitpro/libogc/lib/wii/libogc.a(lwp_heap.o)
                0x80016ce0                __lwp_heap_init
 .text.__lwp_heap_allocate
                0x80016d90      0x130 /opt/devkitpro/libogc/lib/wii/libogc.a(lwp_heap.o)
                0x80016d90                __lwp_heap_allocate
 .text.__lwp_heap_free
                0x80016ec0      0x1d8 /opt/devkitpro/libogc/lib/wii/libogc.a(lwp_heap.o)
                0x80016ec0                __lwp_heap_free
 .text.__SetInterrupts
                0x80017098      0x288 /opt/devkitpro/libogc/lib/wii/libogc.a(irq.o)
 .text.c_irqdispatcher
                0x80017320      0x28c /opt/devkitpro/libogc/lib/wii/libogc.a(irq.o)
                0x80017320                c_irqdispatcher
 .text.__UnmaskIrq
                0x800175ac       0x7c /opt/devkitpro/libogc/lib/wii/libogc.a(irq.o)
                0x800175ac                __UnmaskIrq
 .text.__MaskIrq
                0x80017628       0x7c /opt/devkitpro/libogc/lib/wii/libogc.a(irq.o)
                0x80017628                __MaskIrq
 .text.__irq_init
                0x800176a4       0x94 /opt/devkitpro/libogc/lib/wii/libogc.a(irq.o)
                0x800176a4                __irq_init
 .text.IRQ_Request
                0x80017738       0x54 /opt/devkitpro/libogc/lib/wii/libogc.a(irq.o)
                0x80017738                IRQ_Request
 .text.IRQ_GetHandler
                0x8001778c       0x48 /opt/devkitpro/libogc/lib/wii/libogc.a(irq.o)
                0x8001778c                IRQ_GetHandler
 .text.IRQ_Disable
                0x800177d4       0x24 /opt/devkitpro/libogc/lib/wii/libogc.a(irq.o)
                0x800177d4                IRQ_Disable
 .text.IRQ_Restore
                0x800177f8       0x1c /opt/devkitpro/libogc/lib/wii/libogc.a(irq.o)
                0x800177f8                IRQ_Restore
 .text.__viOpenI2C
                0x80017814       0x24 /opt/devkitpro/libogc/lib/wii/libogc.a(video.o)
 .text.__viSetSCL
                0x80017838       0x24 /opt/devkitpro/libogc/lib/wii/libogc.a(video.o)
 .text.__viSetSDA
                0x8001785c       0x24 /opt/devkitpro/libogc/lib/wii/libogc.a(video.o)
 .text.__setVerticalRegs
                0x80017880       0xc0 /opt/devkitpro/libogc/lib/wii/libogc.a(video.o)
 .text.__adjustPosition
                0x80017940      0x174 /opt/devkitpro/libogc/lib/wii/libogc.a(video.o)
 .text.__getCurrentHalfLine
                0x80017ab4       0x58 /opt/devkitpro/libogc/lib/wii/libogc.a(video.o)
 .text.__setFbbRegs.constprop.3
                0x80017b0c      0x1e8 /opt/devkitpro/libogc/lib/wii/libogc.a(video.o)
 .text.__VISendI2CData.constprop.5
                0x80017cf4      0x278 /opt/devkitpro/libogc/lib/wii/libogc.a(video.o)
 .text.__VIWriteI2CRegister8
                0x80017f6c       0x38 /opt/devkitpro/libogc/lib/wii/libogc.a(video.o)
 .text.__VISetYUVSEL
                0x80017fa4       0x54 /opt/devkitpro/libogc/lib/wii/libogc.a(video.o)
 .text.__VIWriteI2CRegisterBuf
                0x80017ff8       0x48 /opt/devkitpro/libogc/lib/wii/libogc.a(video.o)
 .text.__VIWriteI2CRegister16
                0x80018040       0x40 /opt/devkitpro/libogc/lib/wii/libogc.a(video.o)
 .text.VIDEO_Configure
                0x80018080      0x3e4 /opt/devkitpro/libogc/lib/wii/libogc.a(video.o)
                0x80018080                VIDEO_Configure
 .text.VIDEO_WaitVSync
                0x80018464       0x68 /opt/devkitpro/libogc/lib/wii/libogc.a(video.o)
                0x80018464                VIDEO_WaitVSync
 .text.VIDEO_SetFramebuffer
                0x800184cc       0xfc /opt/devkitpro/libogc/lib/wii/libogc.a(video.o)
                0x800184cc                VIDEO_SetFramebuffer
 .text.VIDEO_SetNextFramebuffer
                0x800185c8       0x64 /opt/devkitpro/libogc/lib/wii/libogc.a(video.o)
                0x800185c8                VIDEO_SetNextFramebuffer
 .text.VIDEO_Flush
                0x8001862c       0xf8 /opt/devkitpro/libogc/lib/wii/libogc.a(video.o)
                0x8001862c                VIDEO_Flush
 .text.VIDEO_SetBlack
                0x80018724       0x88 /opt/devkitpro/libogc/lib/wii/libogc.a(video.o)
                0x80018724                VIDEO_SetBlack
 .text.VIDEO_GetCurrentTvMode
                0x800187ac       0x70 /opt/devkitpro/libogc/lib/wii/libogc.a(video.o)
                0x800187ac                VIDEO_GetCurrentTvMode
 .text.VIDEO_Init
                0x8001881c      0x554 /opt/devkitpro/libogc/lib/wii/libogc.a(video.o)
                0x8001881c                VIDEO_Init
 .text.__VIRetraceHandler
                0x80018d70      0x1f8 /opt/devkitpro/libogc/lib/wii/libogc.a(video.o)
 .text.VIDEO_GetPreferredMode
                0x80018f68       0xf8 /opt/devkitpro/libogc/lib/wii/libogc.a(video.o)
                0x80018f68                VIDEO_GetPreferredMode
 .text.VIDEO_GetCurrentLine
                0x80019060       0x68 /opt/devkitpro/libogc/lib/wii/libogc.a(video.o)
                0x80019060                VIDEO_GetCurrentLine
 .text.VIDEO_GetFrameBufferSize